[ +241 ms] Artifact Instance of 'MaterialFonts' is not required, skipping update.
[   +1 ms] Artifact Instance of 'GradleWrapper' is not required, skipping update.
[        ] Artifact Instance of 'AndroidGenSnapshotArtifacts' is not required, skipping update.
[        ] Artifact Instance of 'AndroidInternalBuildArtifacts' is not required, skipping update.
[        ] Artifact Instance of 'IOSEngineArtifacts' is not required, skipping update.
[        ] Artifact Instance of 'FlutterWebSdk' is not required, skipping update.
[   +1 ms] Artifact Instance of 'LegacyCanvasKitRemover' is not required, skipping update.
[        ] Artifact Instance of 'FlutterSdk' is not required, skipping update.
[        ] Artifact Instance of 'WindowsEngineArtifacts' is not required, skipping update.
[        ] Artifact Instance of 'MacOSEngineArtifacts' is not required, skipping update.
[        ] Artifact Instance of 'LinuxEngineArtifacts' is not required, skipping update.
[        ] Artifact Instance of 'LinuxFuchsiaSDKArtifacts' is not required, skipping update.
[        ] Artifact Instance of 'MacOSFuchsiaSDKArtifacts' is not required, skipping update.
[        ] Artifact Instance of 'FlutterRunnerSDKArtifacts' is not required, skipping update.
[        ] Artifact Instance of 'FlutterRunnerDebugSymbols' is not required, skipping update.
[        ] Artifact Instance of 'IosUsbArtifacts' is not required, skipping update.
[        ] Artifact Instance of 'IosUsbArtifacts' is not required, skipping update.
[        ] Artifact Instance of 'IosUsbArtifacts' is not required, skipping update.
[        ] Artifact Instance of 'IosUsbArtifacts' is not required, skipping update.
[        ] Artifact Instance of 'IosUsbArtifacts' is not required, skipping update.
[        ] Artifact Instance of 'IosUsbArtifacts' is not required, skipping update.
[        ] Artifact Instance of 'FontSubsetArtifacts' is not required, skipping update.
[        ] Artifact Instance of 'PubDependencies' is not required, skipping update.
[   +1 ms] executing: [C:\DEV\flutter/] git -c log.showSignature=false log HEAD -n 1 --pretty=format:%ad --date=iso
[ +103 ms] Exit code 0 from: git -c log.showSignature=false log HEAD -n 1 --pretty=format:%ad --date=iso
[        ] 2026-01-13 13:47:42 -0800
[  +20 ms] Artifact Instance of 'AndroidGenSnapshotArtifacts' is not required, skipping update.
[        ] Artifact Instance of 'AndroidInternalBuildArtifacts' is not required, skipping update.
[        ] Artifact Instance of 'IOSEngineArtifacts' is not required, skipping update.
[        ] Artifact Instance of 'FlutterWebSdk' is not required, skipping update.
[        ] Artifact Instance of 'FlutterEngineStamp' is not required, skipping update.
[        ] Artifact Instance of 'LegacyCanvasKitRemover' is not required, skipping update.
[   +4 ms] Artifact Instance of 'WindowsEngineArtifacts' is not required, skipping update.
[        ] Artifact Instance of 'MacOSEngineArtifacts' is not required, skipping update.
[        ] Artifact Instance of 'LinuxEngineArtifacts' is not required, skipping update.
[        ] Artifact Instance of 'LinuxFuchsiaSDKArtifacts' is not required, skipping update.
[        ] Artifact Instance of 'MacOSFuchsiaSDKArtifacts' is not required, skipping update.
[        ] Artifact Instance of 'FlutterRunnerSDKArtifacts' is not required, skipping update.
[        ] Artifact Instance of 'FlutterRunnerDebugSymbols' is not required, skipping update.
[  +78 ms] Artifact Instance of 'MaterialFonts' is not required, skipping update.
[        ] Artifact Instance of 'GradleWrapper' is not required, skipping update.
[        ] Artifact Instance of 'AndroidGenSnapshotArtifacts' is not required, skipping update.
[        ] Artifact Instance of 'AndroidInternalBuildArtifacts' is not required, skipping update.
[        ] Artifact Instance of 'IOSEngineArtifacts' is not required, skipping update.
[        ] Artifact Instance of 'FlutterWebSdk' is not required, skipping update.
[        ] Artifact Instance of 'FlutterEngineStamp' is not required, skipping update.
[        ] Artifact Instance of 'LegacyCanvasKitRemover' is not required, skipping update.
[        ] Artifact Instance of 'FlutterSdk' is not required, skipping update.
[   +3 ms] Artifact Instance of 'MacOSEngineArtifacts' is not required, skipping update.
[        ] Artifact Instance of 'LinuxEngineArtifacts' is not required, skipping update.
[        ] Artifact Instance of 'LinuxFuchsiaSDKArtifacts' is not required, skipping update.
[        ] Artifact Instance of 'MacOSFuchsiaSDKArtifacts' is not required, skipping update.
[        ] Artifact Instance of 'FlutterRunnerSDKArtifacts' is not required, skipping update.
[        ] Artifact Instance of 'FlutterRunnerDebugSymbols' is not required, skipping update.
[        ] Artifact Instance of 'IosUsbArtifacts' is not required, skipping update.
[        ] Artifact Instance of 'IosUsbArtifacts' is not required, skipping update.
[        ] Artifact Instance of 'IosUsbArtifacts' is not required, skipping update.
[        ] Artifact Instance of 'IosUsbArtifacts' is not required, skipping update.
[   +4 ms] Artifact Instance of 'IosUsbArtifacts' is not required, skipping update.
[        ] Artifact Instance of 'IosUsbArtifacts' is not required, skipping update.
[        ] Artifact Instance of 'FontSubsetArtifacts' is not required, skipping update.
[        ] Artifact Instance of 'PubDependencies' is not required, skipping update.
[  +38 ms] executing: [C:\Users\itsam\Documents\LCO\password-manager/] C:\DEV\flutter\bin\cache\dart-sdk\bin\dart pub --suppress-analytics --directory . get --example
Resolving dependencies...
Downloading packages...
  _fe_analyzer_shared 67.0.0 (95.0.0 available)
  analyzer 6.4.1 (10.1.0 available)
  archive 4.0.7 (4.0.9 available)
  build 2.4.1 (4.0.4 available)
  build_config 1.1.2 (1.2.0 available)
  build_resolvers 2.4.2 (3.0.4 available)
  build_runner 2.4.13 (2.11.1 available)
  build_runner_core 7.3.2 (9.3.2 available)
  built_value 8.12.3 (8.12.4 available)
  characters 1.4.0 (1.4.1 available)
  dart_style 2.3.6 (3.1.5 available)
  ffi 2.1.5 (2.2.0 available)
  flutter_launcher_icons 0.13.1 (0.14.4 available)
  google_fonts 8.0.1 (8.0.2 available)
  image 4.7.2 (4.8.0 available)
  json_annotation 4.10.0 (4.11.0 available)
  local_auth_darwin 2.0.1 (2.0.2 available)
  matcher 0.12.17 (0.12.18 available)
  material_color_utilities 0.11.1 (0.13.0 available)
  meta 1.17.0 (1.18.1 available)
  objective_c 9.2.5 (9.3.0 available)
  petitparser 7.0.1 (7.0.2 available)
  pointycastle 3.9.1 (4.0.0 available)
  shelf_web_socket 2.0.1 (3.0.0 available)
  source_gen 1.5.0 (4.2.0 available)
  source_helper 1.3.5 (1.3.10 available)
  test_api 0.7.7 (0.7.9 available)
Got dependencies!
27 packages have newer versions incompatible with dependency constraints.
Try `flutter pub outdated` for more information.
[+1439 ms] Found plugin window_manager at C:\Users\itsam\AppData\Local\Pub\Cache\hosted\pub.dev\window_manager-0.5.1\
[  +11 ms] Found plugin screen_retriever at C:\Users\itsam\AppData\Local\Pub\Cache\hosted\pub.dev\screen_retriever-0.2.0\
[   +2 ms] Found plugin screen_retriever_windows at C:\Users\itsam\AppData\Local\Pub\Cache\hosted\pub.dev\screen_retriever_windows-0.2.0\
[   +6 ms] Found plugin screen_retriever_macos at C:\Users\itsam\AppData\Local\Pub\Cache\hosted\pub.dev\screen_retriever_macos-0.2.0\
[   +2 ms] Found plugin screen_retriever_linux at C:\Users\itsam\AppData\Local\Pub\Cache\hosted\pub.dev\screen_retriever_linux-0.2.0\
[   +4 ms] Found plugin share_plus at C:\Users\itsam\AppData\Local\Pub\Cache\hosted\pub.dev\share_plus-12.0.1\
[  +15 ms] Found plugin url_launcher_windows at C:\Users\itsam\AppData\Local\Pub\Cache\hosted\pub.dev\url_launcher_windows-3.1.5\
[   +8 ms] Found plugin url_launcher_web at C:\Users\itsam\AppData\Local\Pub\Cache\hosted\pub.dev\url_launcher_web-2.4.2\
[   +6 ms] Found plugin url_launcher_linux at C:\Users\itsam\AppData\Local\Pub\Cache\hosted\pub.dev\url_launcher_linux-3.2.2\
[  +10 ms] Found plugin path_provider at C:\Users\itsam\AppData\Local\Pub\Cache\hosted\pub.dev\path_provider-2.1.5\
[   +3 ms] Found plugin path_provider_windows at C:\Users\itsam\AppData\Local\Pub\Cache\hosted\pub.dev\path_provider_windows-2.3.0\
[   +7 ms] Found plugin path_provider_linux at C:\Users\itsam\AppData\Local\Pub\Cache\hosted\pub.dev\path_provider_linux-2.2.1\
[   +5 ms] Found plugin path_provider_foundation at C:\Users\itsam\AppData\Local\Pub\Cache\hosted\pub.dev\path_provider_foundation-2.6.0\
[  +14 ms] Found plugin path_provider_android at C:\Users\itsam\AppData\Local\Pub\Cache\hosted\pub.dev\path_provider_android-2.2.22\
[  +11 ms] Found plugin local_auth at C:\Users\itsam\AppData\Local\Pub\Cache\hosted\pub.dev\local_auth-3.0.0\
[   +2 ms] Found plugin local_auth_windows at C:\Users\itsam\AppData\Local\Pub\Cache\hosted\pub.dev\local_auth_windows-2.0.1\
[   +5 ms] Found plugin local_auth_darwin at C:\Users\itsam\AppData\Local\Pub\Cache\hosted\pub.dev\local_auth_darwin-2.0.1\
[   +6 ms] Found plugin local_auth_android at C:\Users\itsam\AppData\Local\Pub\Cache\hosted\pub.dev\local_auth_android-2.0.4\
[   +3 ms] Found plugin flutter_plugin_android_lifecycle at C:\Users\itsam\AppData\Local\Pub\Cache\hosted\pub.dev\flutter_plugin_android_lifecycle-2.0.33\
[  +11 ms] Found plugin flutter_secure_storage at C:\Users\itsam\AppData\Local\Pub\Cache\hosted\pub.dev\flutter_secure_storage-10.0.0\
[   +3 ms] Found plugin flutter_secure_storage_windows at C:\Users\itsam\AppData\Local\Pub\Cache\hosted\pub.dev\flutter_secure_storage_windows-4.1.0\
[   +5 ms] Found plugin flutter_secure_storage_web at C:\Users\itsam\AppData\Local\Pub\Cache\hosted\pub.dev\flutter_secure_storage_web-2.1.0\
[   +2 ms] Found plugin flutter_secure_storage_linux at C:\Users\itsam\AppData\Local\Pub\Cache\hosted\pub.dev\flutter_secure_storage_linux-3.0.0\
[   +2 ms] Found plugin flutter_secure_storage_darwin at C:\Users\itsam\AppData\Local\Pub\Cache\hosted\pub.dev\flutter_secure_storage_darwin-0.2.0\
[   +4 ms] Found plugin file_picker at C:\Users\itsam\AppData\Local\Pub\Cache\hosted\pub.dev\file_picker-10.3.10\
[ +209 ms] Found plugin window_manager at C:\Users\itsam\AppData\Local\Pub\Cache\hosted\pub.dev\window_manager-0.5.1\
[   +2 ms] Found plugin screen_retriever at C:\Users\itsam\AppData\Local\Pub\Cache\hosted\pub.dev\screen_retriever-0.2.0\
[   +2 ms] Found plugin screen_retriever_windows at C:\Users\itsam\AppData\Local\Pub\Cache\hosted\pub.dev\screen_retriever_windows-0.2.0\
[   +5 ms] Found plugin screen_retriever_macos at C:\Users\itsam\AppData\Local\Pub\Cache\hosted\pub.dev\screen_retriever_macos-0.2.0\
[   +2 ms] Found plugin screen_retriever_linux at C:\Users\itsam\AppData\Local\Pub\Cache\hosted\pub.dev\screen_retriever_linux-0.2.0\
[   +3 ms] Found plugin share_plus at C:\Users\itsam\AppData\Local\Pub\Cache\hosted\pub.dev\share_plus-12.0.1\
[   +3 ms] Found plugin url_launcher_windows at C:\Users\itsam\AppData\Local\Pub\Cache\hosted\pub.dev\url_launcher_windows-3.1.5\
[   +3 ms] Found plugin url_launcher_web at C:\Users\itsam\AppData\Local\Pub\Cache\hosted\pub.dev\url_launcher_web-2.4.2\
[   +3 ms] Found plugin url_launcher_linux at C:\Users\itsam\AppData\Local\Pub\Cache\hosted\pub.dev\url_launcher_linux-3.2.2\
[   +3 ms] Found plugin path_provider at C:\Users\itsam\AppData\Local\Pub\Cache\hosted\pub.dev\path_provider-2.1.5\
[   +2 ms] Found plugin path_provider_windows at C:\Users\itsam\AppData\Local\Pub\Cache\hosted\pub.dev\path_provider_windows-2.3.0\
[   +5 ms] Found plugin path_provider_linux at C:\Users\itsam\AppData\Local\Pub\Cache\hosted\pub.dev\path_provider_linux-2.2.1\
[   +3 ms] Found plugin path_provider_foundation at C:\Users\itsam\AppData\Local\Pub\Cache\hosted\pub.dev\path_provider_foundation-2.6.0\
[   +8 ms] Found plugin path_provider_android at C:\Users\itsam\AppData\Local\Pub\Cache\hosted\pub.dev\path_provider_android-2.2.22\
[   +7 ms] Found plugin local_auth at C:\Users\itsam\AppData\Local\Pub\Cache\hosted\pub.dev\local_auth-3.0.0\
[   +2 ms] Found plugin local_auth_windows at C:\Users\itsam\AppData\Local\Pub\Cache\hosted\pub.dev\local_auth_windows-2.0.1\
[   +3 ms] Found plugin local_auth_darwin at C:\Users\itsam\AppData\Local\Pub\Cache\hosted\pub.dev\local_auth_darwin-2.0.1\
[   +3 ms] Found plugin local_auth_android at C:\Users\itsam\AppData\Local\Pub\Cache\hosted\pub.dev\local_auth_android-2.0.4\
[   +2 ms] Found plugin flutter_plugin_android_lifecycle at C:\Users\itsam\AppData\Local\Pub\Cache\hosted\pub.dev\flutter_plugin_android_lifecycle-2.0.33\
[   +6 ms] Found plugin flutter_secure_storage at C:\Users\itsam\AppData\Local\Pub\Cache\hosted\pub.dev\flutter_secure_storage-10.0.0\
[   +2 ms] Found plugin flutter_secure_storage_windows at C:\Users\itsam\AppData\Local\Pub\Cache\hosted\pub.dev\flutter_secure_storage_windows-4.1.0\
[   +3 ms] Found plugin flutter_secure_storage_web at C:\Users\itsam\AppData\Local\Pub\Cache\hosted\pub.dev\flutter_secure_storage_web-2.1.0\
[   +1 ms] Found plugin flutter_secure_storage_linux at C:\Users\itsam\AppData\Local\Pub\Cache\hosted\pub.dev\flutter_secure_storage_linux-3.0.0\
[   +1 ms] Found plugin flutter_secure_storage_darwin at C:\Users\itsam\AppData\Local\Pub\Cache\hosted\pub.dev\flutter_secure_storage_darwin-0.2.0\
[   +2 ms] Found plugin file_picker at C:\Users\itsam\AppData\Local\Pub\Cache\hosted\pub.dev\file_picker-10.3.10\
[  +33 ms] Skipping generating web_plugin_registrant.dart because it is up-to-date.
[ +137 ms] Found plugin window_manager at C:\Users\itsam\AppData\Local\Pub\Cache\hosted\pub.dev\window_manager-0.5.1\
[   +2 ms] Found plugin screen_retriever at C:\Users\itsam\AppData\Local\Pub\Cache\hosted\pub.dev\screen_retriever-0.2.0\
[   +2 ms] Found plugin screen_retriever_windows at C:\Users\itsam\AppData\Local\Pub\Cache\hosted\pub.dev\screen_retriever_windows-0.2.0\
[   +5 ms] Found plugin screen_retriever_macos at C:\Users\itsam\AppData\Local\Pub\Cache\hosted\pub.dev\screen_retriever_macos-0.2.0\
[   +2 ms] Found plugin screen_retriever_linux at C:\Users\itsam\AppData\Local\Pub\Cache\hosted\pub.dev\screen_retriever_linux-0.2.0\
[   +3 ms] Found plugin share_plus at C:\Users\itsam\AppData\Local\Pub\Cache\hosted\pub.dev\share_plus-12.0.1\
[   +4 ms] Found plugin url_launcher_windows at C:\Users\itsam\AppData\Local\Pub\Cache\hosted\pub.dev\url_launcher_windows-3.1.5\
[   +3 ms] Found plugin url_launcher_web at C:\Users\itsam\AppData\Local\Pub\Cache\hosted\pub.dev\url_launcher_web-2.4.2\
[   +3 ms] Found plugin url_launcher_linux at C:\Users\itsam\AppData\Local\Pub\Cache\hosted\pub.dev\url_launcher_linux-3.2.2\
[   +4 ms] Found plugin path_provider at C:\Users\itsam\AppData\Local\Pub\Cache\hosted\pub.dev\path_provider-2.1.5\
[   +2 ms] Found plugin path_provider_windows at C:\Users\itsam\AppData\Local\Pub\Cache\hosted\pub.dev\path_provider_windows-2.3.0\
[   +5 ms] Found plugin path_provider_linux at C:\Users\itsam\AppData\Local\Pub\Cache\hosted\pub.dev\path_provider_linux-2.2.1\
[   +4 ms] Found plugin path_provider_foundation at C:\Users\itsam\AppData\Local\Pub\Cache\hosted\pub.dev\path_provider_foundation-2.6.0\
[   +9 ms] Found plugin path_provider_android at C:\Users\itsam\AppData\Local\Pub\Cache\hosted\pub.dev\path_provider_android-2.2.22\
[   +7 ms] Found plugin local_auth at C:\Users\itsam\AppData\Local\Pub\Cache\hosted\pub.dev\local_auth-3.0.0\
[   +2 ms] Found plugin local_auth_windows at C:\Users\itsam\AppData\Local\Pub\Cache\hosted\pub.dev\local_auth_windows-2.0.1\
[   +4 ms] Found plugin local_auth_darwin at C:\Users\itsam\AppData\Local\Pub\Cache\hosted\pub.dev\local_auth_darwin-2.0.1\
[   +4 ms] Found plugin local_auth_android at C:\Users\itsam\AppData\Local\Pub\Cache\hosted\pub.dev\local_auth_android-2.0.4\
[   +1 ms] Found plugin flutter_plugin_android_lifecycle at C:\Users\itsam\AppData\Local\Pub\Cache\hosted\pub.dev\flutter_plugin_android_lifecycle-2.0.33\
[   +7 ms] Found plugin flutter_secure_storage at C:\Users\itsam\AppData\Local\Pub\Cache\hosted\pub.dev\flutter_secure_storage-10.0.0\
[   +1 ms] Found plugin flutter_secure_storage_windows at C:\Users\itsam\AppData\Local\Pub\Cache\hosted\pub.dev\flutter_secure_storage_windows-4.1.0\
[   +3 ms] Found plugin flutter_secure_storage_web at C:\Users\itsam\AppData\Local\Pub\Cache\hosted\pub.dev\flutter_secure_storage_web-2.1.0\
[   +2 ms] Found plugin flutter_secure_storage_linux at C:\Users\itsam\AppData\Local\Pub\Cache\hosted\pub.dev\flutter_secure_storage_linux-3.0.0\
[   +2 ms] Found plugin flutter_secure_storage_darwin at C:\Users\itsam\AppData\Local\Pub\Cache\hosted\pub.dev\flutter_secure_storage_darwin-0.2.0\
[   +2 ms] Found plugin file_picker at C:\Users\itsam\AppData\Local\Pub\Cache\hosted\pub.dev\file_picker-10.3.10\
[  +18 ms] Generating C:\Users\itsam\Documents\LCO\password-manager\android\app\src\main\java\io\flutter\plugins\GeneratedPluginRegistrant.java
[   +2 ms] Skipping generating GeneratedPluginRegistrant.java because it is up-to-date.
[   +8 ms] Skipping generating generated_plugin_registrant.h because it is up-to-date.
[   +3 ms] Skipping generating generated_plugin_registrant.cc because it is up-to-date.
[   +2 ms] Skipping generating generated_plugins.cmake because it is up-to-date.
[   +4 ms] Skipping generating generated_plugin_registrant.h because it is up-to-date.
[   +2 ms] Skipping generating generated_plugin_registrant.cc because it is up-to-date.
[   +2 ms] Skipping generating generated_plugins.cmake because it is up-to-date.
[   +4 ms] Skipping generating GeneratedPluginRegistrant.h because it is up-to-date.
[   +2 ms] Skipping generating GeneratedPluginRegistrant.m because it is up-to-date.
[   +3 ms] Skipping generating GeneratedPluginRegistrant.swift because it is up-to-date.
[ +122 ms] executing: C:\Program Files (x86)\Microsoft Visual Studio\Installer\vswhere.exe -format json -products * -utf8 -latest -version 16 -requires Microsoft.VisualStudio.Workload.NativeDesktop Microsoft.VisualStudio.Component.VC.Tools.x86.x64 Microsoft.VisualStudio.Component.VC.CMake.Project
[  +94 ms] Exit code 0 from: C:\Program Files (x86)\Microsoft Visual Studio\Installer\vswhere.exe -format json -products * -utf8 -latest -version 16 -requires Microsoft.VisualStudio.Workload.NativeDesktop Microsoft.VisualStudio.Component.VC.Tools.x86.x64 Microsoft.VisualStudio.Component.VC.CMake.Project
[   +1 ms] [
             {
               "instanceId": "dc6e7786",
               "installDate": "2026-02-21T03:57:14Z",
               "installationName": "VisualStudio/18.3.1+11512.155",
               "installationPath": "C:\\Program Files\\Microsoft Visual Studio\\18\\Professional",
               "installationVersion": "18.3.11512.155",
               "productId": "Microsoft.VisualStudio.Product.Professional",
               "productPath": "C:\\Program Files\\Microsoft Visual Studio\\18\\Professional\\Common7\\IDE\\devenv.exe",
               "state": 4294967295,
               "isComplete": true,
               "isLaunchable": true,
               "isPrerelease": false,
               "isRebootRequired": false,
               "displayName": "Visual Studio Professional 2026",
               "description": "The trusted IDE for professional developers ΓÇô from desktop to cloud.",
               "channelId": "VisualStudio.18.Release",
               "channelUri": "https://aka.ms/vs/18/stable/channel",
               "enginePath": "C:\\Program Files (x86)\\Microsoft Visual Studio\\Installer\\resources\\app\\ServiceHub\\Services\\Microsoft.VisualStudio.Setup.Service",
               "expirationDate": "2026-08-11T17:00:00+00:00",
               "installedChannelId": "VisualStudio.18.Release",
               "installedChannelUri": "https://aka.ms/vs/18/stable/channel",
               "releaseNotes": "https://docs.microsoft.com/en-us/visualstudio/releases/18/release-notes-v18.3#18.3.1",
               "resolvedInstallationPath": "C:\\Program Files\\Microsoft Visual Studio\\18\\Professional",
               "thirdPartyNotices": "https://go.microsoft.com/fwlink/?LinkId=661480",
               "updateDate": "2026-02-21T03:57:14.5672359Z",
               "catalog": {
                 "buildBranch": "d18.3",
                 "buildVersion": "18.3.11512.155",
                 "featureReleaseMonth": "02",
                 "featureReleaseYear": "2026",
                 "id": "VisualStudio/18.3.1+11512.155",
                 "includeBuildVersionInDisplayVersion": "False",
                 "localBuild": "build-lab",
                 "manifestName": "VisualStudio",
                 "manifestType": "installer",
                 "productDisplayVersion": "18.3.1",
                 "productLine": "Dev18",
                 "productLineVersion": "18",
                 "productMilestone": "RTW",
                 "productMilestoneIsPreRelease": "False",
                 "productName": "Visual Studio",
                 "productPatchVersion": "1",
                 "productPreReleaseMilestoneSuffix": "1.0",
                 "productRelease": "RTW",
                 "productSemanticVersion": "18.3.1+11512.155",
                 "requiredEngineVersion": "4.3.2029.11392"
               },
               "properties": {
                 "appLocalWPF": "false",
                 "campaignId": "2500:49b9245988384ab39dc43c1dc6dd2d7f",
                 "channelManifestId": "VisualStudio.18.Release/18.3.1+11512.155",
                 "includeRecommended": "1",
                 "nickname": "",
                 "setupEngineFilePath": "C:\\Program Files (x86)\\Microsoft Visual Studio\\Installer\\setup.exe"
               }
             }
           ]
[  +13 ms] Building Windows application...
[   +8 ms] executing: C:\Program Files\Microsoft Visual Studio\18\Professional\Common7\IDE\CommonExtensions\Microsoft\CMake\CMake\bin\cmake.exe -S C:\Users\itsam\Documents\LCO\password-manager\windows -B C:\Users\itsam\Documents\LCO\password-manager\build\windows\x64 -G Visual Studio 18 2026 -A x64 -DFLUTTER_TARGET_PLATFORM=windows-x64
[  +99 ms] -- Selecting Windows SDK version 10.0.26100.0 to target Windows 10.0.26200.
[+1223 ms] Feeds used:
[        ]   C:\Users\itsam\.nuget\packages\
[        ]   https://api.nuget.org/v3/index.json
[ +116 ms] Package "Microsoft.Windows.ImplementationLibrary.1.0.220201.1" is already installed.
[+1191 ms] Feeds used:
[        ]   C:\Users\itsam\.nuget\packages\
[        ]   https://api.nuget.org/v3/index.json
[ +120 ms] Package "Microsoft.Windows.CppWinRT.2.0.220418.1" is already installed.
[+1003 ms] -- Configuring done (3.7s)
[ +344 ms] -- Generating done (0.3s)
[   +5 ms] -- Build files have been written to: C:/Users/itsam/Documents/LCO/password-manager/build/windows/x64
[  +26 ms] executing: C:\Program Files\Microsoft Visual Studio\18\Professional\Common7\IDE\CommonExtensions\Microsoft\CMake\CMake\bin\cmake.exe --build C:\Users\itsam\Documents\LCO\password-manager\build\windows\x64 --config Release --target INSTALL --verbose
[ +116 ms] Change Dir: 'C:/Users/itsam/Documents/LCO/password-manager/build/windows/x64'
[        ] Run Build Command(s): "C:/Program Files/Microsoft Visual Studio/18/Professional/MSBuild/Current/Bin/amd64/MSBuild.exe" INSTALL.vcxproj /p:Configuration=Release /p:Platform=x64 /p:VisualStudioVersion=18.0 /v:n
[ +218 ms] MSBuild version 18.3.0-release-26070-10+3972042b7 for .NET Framework
[ +189 ms] Build started 22-02-2026 00:37:34.
[ +356 ms] Project "C:\Users\itsam\Documents\LCO\password-manager\build\windows\x64\INSTALL.vcxproj" on node 1 (default targets).
[        ] Project "C:\Users\itsam\Documents\LCO\password-manager\build\windows\x64\INSTALL.vcxproj" (1) is building "C:\Users\itsam\Documents\LCO\password-manager\build\windows\x64\ZERO_CHECK.vcxproj" (2) on node 1 (default targets).
[        ] PrepareForBuild:
[        ]   Structured output is enabled. The formatting of compiler diagnostics will reflect the error hierarchy. See https://aka.ms/cpp/structured-output for more details.
[  +13 ms] InitializeBuildStatus:
[        ]   Creating "x64\Release\ZERO_CHECK\ZERO_CHECK.tlog\unsuccessfulbuild" because "AlwaysCreate" was specified.
[        ]   Touching "x64\Release\ZERO_CHECK\ZERO_CHECK.tlog\unsuccessfulbuild".
[  +30 ms] CustomBuild:
[        ]   All outputs are up-to-date.
[  +68 ms] FinalizeBuildStatus:
[        ]   Deleting file "x64\Release\ZERO_CHECK\ZERO_CHECK.tlog\unsuccessfulbuild".
[        ]   Touching "x64\Release\ZERO_CHECK\ZERO_CHECK.tlog\ZERO_CHECK.lastbuildstate".
[   +2 ms] Done Building Project "C:\Users\itsam\Documents\LCO\password-manager\build\windows\x64\ZERO_CHECK.vcxproj" (default targets).
[ +193 ms] Project "C:\Users\itsam\Documents\LCO\password-manager\build\windows\x64\INSTALL.vcxproj" (1) is building "C:\Users\itsam\Documents\LCO\password-manager\build\windows\x64\ALL_BUILD.vcxproj" (3) on node 1 (default targets).
[        ] Project "C:\Users\itsam\Documents\LCO\password-manager\build\windows\x64\ALL_BUILD.vcxproj" (3) is building "C:\Users\itsam\Documents\LCO\password-manager\build\windows\x64\runner\crypton.vcxproj" (4) on node 1 (default targets).
[        ] Project "C:\Users\itsam\Documents\LCO\password-manager\build\windows\x64\runner\crypton.vcxproj" (4) is building "C:\Users\itsam\Documents\LCO\password-manager\build\windows\x64\flutter\flutter_assemble.vcxproj" (5) on node 1 (default targets).
[        ] PrepareForBuild:
[        ]   Structured output is enabled. The formatting of compiler diagnostics will reflect the error hierarchy. See https://aka.ms/cpp/structured-output for more details.
[   +6 ms] InitializeBuildStatus:
[        ]   Touching "x64\Release\flutter_assemble\flutter_assemble.tlog\unsuccessfulbuild".
[   +8 ms] CustomBuild:
[        ]   "The build of 'C:\Users\itsam\Documents\LCO\password-manager\build\windows\x64\CMakeFiles\f06a87e026cbaf6c99089dd03de02d4b\flutter_assemble.rule' depends on 'C:\USERS\ITSAM\DOCUMENTS\LCO\PASSWORD-MANAGER\WINDOWS\FLUTTER\EPHEMERAL\FLUTTER_WINDOWS.DLL' which is produced by the build of 'C:\Users\itsam\Documents\LCO\password-manager\build\windows\x64\CMakeFiles\30dd7afde45b4fe2288ea4403b6f38ec\flutter_windows.dll.rule'. The items cannot be built in parallel."
[ +167 ms]   Generating C:/Users/itsam/Documents/LCO/password-manager/windows/flutter/ephemeral/flutter_windows.dll, C:/Users/itsam/Documents/LCO/password-manager/windows/flutter/ephemeral/flutter_export.h, C:/Users/itsam/Documents/LCO/password-manager/windows/flutter/ephemeral/flutter_windows.h, C:/Users/itsam/Documents/LCO/password-manager/windows/flutter/ephemeral/flutter_messenger.h, C:/Users/itsam/Documents/LCO/password-manager/windows/flutter/ephemeral/flutter_plugin_registrar.h, C:/Users/itsam/Documents/LCO/password-manager/windows/flutter/ephemeral/flutter_texture_registrar.h, C:/Users/itsam/Documents/LCO/password-manager/windows/flutter/ephemeral/cpp_client_wrapper/core_implementations.cc, C:/Users/itsam/Documents/LCO/password-manager/windows/flutter/ephemeral/cpp_client_wrapper/standard_codec.cc, C:/Users/itsam/Documents/LCO/password-manager/windows/flutter/ephemeral/cpp_client_wrapper/plugin_registrar.cc, C:/Users/itsam/Documents/LCO/password-manager/windows/flutter/ephemeral/cpp_client_wrapper/flutter_engine.cc, C:/Users/itsam/Documents/LCO/password-manager/windows/flutter/ephemeral/cpp_client_wrapper/flutter_view_controller.cc, _phony_
[+2170 ms]   [ +269 ms] Artifact Instance of 'MaterialFonts' is not required, skipping update.
[        ]   [   +1 ms] Artifact Instance of 'GradleWrapper' is not required, skipping update.
[        ]   [        ] Artifact Instance of 'AndroidGenSnapshotArtifacts' is not required, skipping update.
[        ]   [        ] Artifact Instance of 'AndroidInternalBuildArtifacts' is not required, skipping update.
[        ]   [        ] Artifact Instance of 'IOSEngineArtifacts' is not required, skipping update.
[        ]   [        ] Artifact Instance of 'FlutterWebSdk' is not required, skipping update.
[        ]   [   +1 ms] Artifact Instance of 'LegacyCanvasKitRemover' is not required, skipping update.
[        ]   [        ] Artifact Instance of 'FlutterSdk' is not required, skipping update.
[        ]   [        ] Artifact Instance of 'WindowsEngineArtifacts' is not required, skipping update.
[        ]   [        ] Artifact Instance of 'MacOSEngineArtifacts' is not required, skipping update.
[        ]   [        ] Artifact Instance of 'LinuxEngineArtifacts' is not required, skipping update.
[        ]   [        ] Artifact Instance of 'LinuxFuchsiaSDKArtifacts' is not required, skipping update.
[        ]   [        ] Artifact Instance of 'MacOSFuchsiaSDKArtifacts' is not required, skipping update.
[        ]   [        ] Artifact Instance of 'FlutterRunnerSDKArtifacts' is not required, skipping update.
[        ]   [        ] Artifact Instance of 'FlutterRunnerDebugSymbols' is not required, skipping update.
[        ]   [        ] Artifact Instance of 'IosUsbArtifacts' is not required, skipping update.
[        ]   [        ] Artifact Instance of 'IosUsbArtifacts' is not required, skipping update.
[        ]   [        ] Artifact Instance of 'IosUsbArtifacts' is not required, skipping update.
[        ]   [        ] Artifact Instance of 'IosUsbArtifacts' is not required, skipping update.
[        ]   [        ] Artifact Instance of 'IosUsbArtifacts' is not required, skipping update.
[        ]   [        ] Artifact Instance of 'IosUsbArtifacts' is not required, skipping update.
[        ]   [        ] Artifact Instance of 'FontSubsetArtifacts' is not required, skipping update.
[        ]   [        ] Artifact Instance of 'PubDependencies' is not required, skipping update.
[   +5 ms]   [  +22 ms] Artifact Instance of 'AndroidGenSnapshotArtifacts' is not required, skipping update.
[        ]   [        ] Artifact Instance of 'AndroidInternalBuildArtifacts' is not required, skipping update.
[        ]   [        ] Artifact Instance of 'IOSEngineArtifacts' is not required, skipping update.
[   +1 ms]   [   +1 ms] Artifact Instance of 'FlutterWebSdk' is not required, skipping update.
[        ]   [        ] Artifact Instance of 'FlutterEngineStamp' is not required, skipping update.
[        ]   [        ] Artifact Instance of 'LegacyCanvasKitRemover' is not required, skipping update.
[   +4 ms]   [   +4 ms] Artifact Instance of 'WindowsEngineArtifacts' is not required, skipping update.
[        ]   [        ] Artifact Instance of 'MacOSEngineArtifacts' is not required, skipping update.
[        ]   [        ] Artifact Instance of 'LinuxEngineArtifacts' is not required, skipping update.
[        ]   [        ] Artifact Instance of 'LinuxFuchsiaSDKArtifacts' is not required, skipping update.
[        ]   [        ] Artifact Instance of 'MacOSFuchsiaSDKArtifacts' is not required, skipping update.
[        ]   [        ] Artifact Instance of 'FlutterRunnerSDKArtifacts' is not required, skipping update.
[        ]   [        ] Artifact Instance of 'FlutterRunnerDebugSymbols' is not required, skipping update.
[ +128 ms]   [ +129 ms] Artifact Instance of 'MaterialFonts' is not required, skipping update.
[        ]   [        ] Artifact Instance of 'GradleWrapper' is not required, skipping update.
[        ]   [        ] Artifact Instance of 'AndroidGenSnapshotArtifacts' is not required, skipping update.
[        ]   [        ] Artifact Instance of 'AndroidInternalBuildArtifacts' is not required, skipping update.
[        ]   [        ] Artifact Instance of 'IOSEngineArtifacts' is not required, skipping update.
[        ]   [        ] Artifact Instance of 'FlutterWebSdk' is not required, skipping update.
[        ]   [        ] Artifact Instance of 'FlutterEngineStamp' is not required, skipping update.
[        ]   [        ] Artifact Instance of 'LegacyCanvasKitRemover' is not required, skipping update.
[        ]   [        ] Artifact Instance of 'FlutterSdk' is not required, skipping update.
[   +3 ms]   [   +5 ms] Artifact Instance of 'MacOSEngineArtifacts' is not required, skipping update.
[        ]   [        ] Artifact Instance of 'LinuxEngineArtifacts' is not required, skipping update.
[        ]   [        ] Artifact Instance of 'LinuxFuchsiaSDKArtifacts' is not required, skipping update.
[        ]   [        ] Artifact Instance of 'MacOSFuchsiaSDKArtifacts' is not required, skipping update.
[        ]   [        ] Artifact Instance of 'FlutterRunnerSDKArtifacts' is not required, skipping update.
[        ]   [        ] Artifact Instance of 'FlutterRunnerDebugSymbols' is not required, skipping update.
[        ]   [        ] Artifact Instance of 'IosUsbArtifacts' is not required, skipping update.
[        ]   [        ] Artifact Instance of 'IosUsbArtifacts' is not required, skipping update.
[        ]   [        ] Artifact Instance of 'IosUsbArtifacts' is not required, skipping update.
[        ]   [        ] Artifact Instance of 'IosUsbArtifacts' is not required, skipping update.
[        ]   [        ] Artifact Instance of 'IosUsbArtifacts' is not required, skipping update.
[        ]   [        ] Artifact Instance of 'IosUsbArtifacts' is not required, skipping update.
[        ]   [        ] Artifact Instance of 'FontSubsetArtifacts' is not required, skipping update.
[        ]   [        ] Artifact Instance of 'PubDependencies' is not required, skipping update.
[  +69 ms]   [  +70 ms] Initializing file store
[   +9 ms]   [   +9 ms] Done initializing file store
[ +173 ms]   [ +172 ms] Skipping target: dart_build
[   +3 ms]   [   +3 ms] Skipping target: gen_dart_plugin_registrant
[+4305 ms]   [+4305 ms] Skipping target: unpack_windows
[   +1 ms]   [   +1 ms] Skipping target: install_code_assets
[        ]   [        ] Skipping target: gen_localizations
[+1286 ms]   [+1241 ms] kernel_snapshot_program: Starting due to {InvalidatedReasonKind.outputSetAddition: The following outputs were added to the output set: C:\Users\itsam\Documents\LCO\password-manager\.dart_tool\flutter_build\e6486376daa55a3750b866f1afce4d16\app.dill, InvalidatedReasonKind.inputChanged: The following inputs have updated contents: C:\DEV\flutter\packages\flutter_tools\lib\src\build_system\targets\common.dart,C:\DEV\flutter\bin\cache\engine.stamp,C:\DEV\flutter\bin\cache\engine.stamp,C:\DEV\flutter\bin\cache\engine.stamp,C:\DEV\flutter\bin\cache\engine.stamp,C:\Users\itsam\Documents\LCO\password-manager\lib\main.dart,C:\DEV\flutter\packages\flutter\lib\src\dart_plugin_registrant.dart,C:\DEV\flutter\packages\flutter\lib\material.dart,C:\DEV\flutter\packages\flutter\lib\foundation.dart,C:\Users\itsam\AppData\Local\Pub\Cache\hosted\pub.dev\window_manager-0.5.1\lib\window_manager.dart,C:\Users\itsam\AppData\Local\Pub\Cache\hosted\pub.dev\provider-6.1.5+1\lib\provider.dart,C:\Users\itsam\Documents\LCO\password-manager\lib\core\auth_service.dart,C:\Users\itsam\Documents\LCO\password-manager\lib\core\storage_service.dart,C:\Users\itsam\Documents\LCO\password-manager\lib\core\encryption_service.dart,C:\Users\itsam\Documents\LCO\password-manager\lib\ui\theme.dart,C:\Users\itsam\Documents\LCO\password-manager\lib\ui\screens\lock_screen.dart,C:\Users\itsam\AppData\Local\Pub\Cache\hosted\pub.dev\file_picker-10.3.10\lib\file_picker.dart,C:\Users\itsam\AppData\Local\Pub\Cache\hosted\pub.dev\local_auth_android-2.0.4\lib\local_auth_android.dart,C:\Users\itsam\AppData\Local\Pub\Cache\hosted\pub.dev\path_provider_android-2.2.22\lib\path_provider_android.dart,C:\Users\itsam\AppData\Local\Pub\Cache\hosted\pub.dev\local_auth_darwin-2.0.1\lib\local_auth_darwin.dart,C:\Users\itsam\AppData\Local\Pub\Cache\hosted\pub.dev\path_provider_foundation-2.6.0\lib\path_provider_foundation.dart,C:\Users\itsam\AppData\Local\Pub\Cache\hosted\pub.dev\path_provider_linux-2.2.1\lib\path_provider_linux.dart,C:\Users\itsam\AppData\Local\Pub\Cache\hosted\pub.dev\share_plus-12.0.1\lib\share_plus.dart,C:\Users\itsam\AppData\Local\Pub\Cache\hosted\pub.dev\url_launcher_linux-3.2.2\lib\url_launcher_linux.dart,C:\Users\itsam\AppData\Local\Pub\Cache\hosted\pub.dev\flutter_secure_storage_windows-4.1.0\lib\flutter_secure_storage_windows.dart,C:\Users\itsam\AppData\Local\Pub\Cache\hosted\pub.dev\local_auth_windows-2.0.1\lib\local_auth_windows.dart,C:\Users\itsam\AppData\Local\Pub\Cache\hosted\pub.dev\path_provider_windows-2.3.0\lib\path_provider_windows.dart,C:\Users\itsam\AppData\Local\Pub\Cache\hosted\pub.dev\url_launcher_windows-3.1.5\lib\url_launcher_windows.dart,C:\DEV\flutter\packages\flutter\lib\src\material\about.dart,C:\DEV\flutter\packages\flutter\lib\src\material\action_buttons.dart,C:\DEV\flutter\packages\flutter\lib\src\material\action_chip.dart,C:\DEV\flutter\packages\flutter\lib\src\material\action_icons_theme.dart,C:\DEV\flutter\packages\flutter\lib\src\material\adaptive_text_selection_toolbar.dart,C:\DEV\flutter\packages\flutter\lib\src\material\animated_icons.dart,C:\DEV\flutter\packages\flutter\lib\src\material\app.dart,C:\DEV\flutter\packages\flutter\lib\src\material\app_bar.dart,C:\DEV\flutter\packages\flutter\lib\src\material\app_bar_theme.dart,C:\DEV\flutter\packages\flutter\lib\src\material\arc.dart,C:\DEV\flutter\packages\flutter\lib\src\material\autocomplete.dart,C:\DEV\flutter\packages\flutter\lib\src\material\badge.dart,C:\DEV\flutter\packages\flutter\lib\src\material\badge_theme.dart,C:\DEV\flutter\packages\flutter\lib\src\material\banner.dart,C:\DEV\flutter\packages\flutter\lib\src\material\banner_theme.dart,C:\DEV\flutter\packages\flutter\lib\src\material\bottom_app_bar.dart,C:\DEV\flutter\packages\flutter\lib\src\material\bottom_app_bar_theme.dart,C:\DEV\flutter\packages\flutter\lib\src\material\bottom_navigation_bar.dart,C:\DEV\flutter\packages\flutter\lib\src\material\bottom_navigation_bar_theme.dart,C:\DEV\flutter\packages\flutter\lib\src\material\bottom_sheet.dart,C:\DEV\flutter\packages\flutter\lib\src\material\bottom_sheet_theme.dart,C:\DEV\flutter\packages\flutter\lib\src\material\button.dart,C:\DEV\flutter\packages\flutter\lib\src\material\button_bar.dart,C:\DEV\flutter\packages\flutter\lib\src\material\button_bar_theme.dart,C:\DEV\flutter\packages\flutter\lib\src\material\button_style.dart,C:\DEV\flutter\packages\flutter\lib\src\material\button_style_button.dart,C:\DEV\flutter\packages\flutter\lib\src\material\button_theme.dart,C:\DEV\flutter\packages\flutter\lib\src\material\calendar_date_picker.dart,C:\DEV\flutter\packages\flutter\lib\src\material\card.dart,C:\DEV\flutter\packages\flutter\lib\src\material\card_theme.dart,C:\DEV\flutter\packages\flutter\lib\src\material\carousel.dart,C:\DEV\flutter\packages\flutter\lib\src\material\carousel_theme.dart,C:\DEV\flutter\packages\flutter\lib\src\material\checkbox.dart,C:\DEV\flutter\packages\flutter\lib\src\material\checkbox_list_tile.dart,C:\DEV\flutter\packages\flutter\lib\src\material\checkbox_theme.dart,C:\DEV\flutter\packages\flutter\lib\src\material\chip.dart,C:\DEV\flutter\packages\flutter\lib\src\material\chip_theme.dart,C:\DEV\flutter\packages\flutter\lib\src\material\choice_chip.dart,C:\DEV\flutter\packages\flutter\lib\src\material\circle_avatar.dart,C:\DEV\flutter\packages\flutter\lib\src\material\color_scheme.dart,C:\DEV\flutter\packages\flutter\lib\src\material\colors.dart,C:\DEV\flutter\packages\flutter\lib\src\material\constants.dart,C:\DEV\flutter\packages\flutter\lib\src\material\curves.dart,C:\DEV\flutter\packages\flutter\lib\src\material\data_table.dart,C:\DEV\flutter\packages\flutter\lib\src\material\data_table_source.dart,C:\DEV\flutter\packages\flutter\lib\src\material\data_table_theme.dart,C:\DEV\flutter\packages\flutter\lib\src\material\date.dart,C:\DEV\flutter\packages\flutter\lib\src\material\date_picker.dart,C:\DEV\flutter\packages\flutter\lib\src\material\date_picker_theme.dart,C:\DEV\flutter\packages\flutter\lib\src\material\debug.dart,C:\DEV\flutter\packages\flutter\lib\src\material\desktop_text_selection.dart,C:\DEV\flutter\packages\flutter\lib\src\material\desktop_text_selection_toolbar.dart,C:\DEV\flutter\packages\flutter\lib\src\material\desktop_text_selection_toolbar_button.dart,C:\DEV\flutter\packages\flutter\lib\src\material\dialog.dart,C:\DEV\flutter\packages\flutter\lib\src\material\dialog_theme.dart,C:\DEV\flutter\packages\flutter\lib\src\material\divider.dart,C:\DEV\flutter\packages\flutter\lib\src\material\divider_theme.dart,C:\DEV\flutter\packages\flutter\lib\src\material\drawer.dart,C:\DEV\flutter\packages\flutter\lib\src\material\drawer_header.dart,C:\DEV\flutter\packages\flutter\lib\src\material\drawer_theme.dart,C:\DEV\flutter\packages\flutter\lib\src\material\dropdown.dart,C:\DEV\flutter\packages\flutter\lib\src\material\dropdown_menu.dart,C:\DEV\flutter\packages\flutter\lib\src\material\dropdown_menu_form_field.dart,C:\DEV\flutter\packages\flutter\lib\src\material\dropdown_menu_theme.dart,C:\DEV\flutter\packages\flutter\lib\src\material\elevated_button.dart,C:\DEV\flutter\packages\flutter\lib\src\material\elevated_button_theme.dart,C:\DEV\flutter\packages\flutter\lib\src\material\elevation_overlay.dart,C:\DEV\flutter\packages\flutter\lib\src\material\expand_icon.dart,C:\DEV\flutter\packages\flutter\lib\src\material\expansion_panel.dart,C:\DEV\flutter\packages\flutter\lib\src\material\expansion_tile.dart,C:\DEV\flutter\packages\flutter\lib\src\material\expansion_tile_theme.dart,C:\DEV\flutter\packages\flutter\lib\src\material\filled_button.dart,C:\DEV\flutter\packages\flutter\lib\src\material\filled_button_theme.dart,C:\DEV\flutter\packages\flutter\lib\src\material\filter_chip.dart,C:\DEV\flutter\packages\flutter\lib\src\material\flexible_space_bar.dart,C:\DEV\flutter\packages\flutter\lib\src\material\floating_action_button.dart,C:\DEV\flutter\packages\flutter\lib\src\material\floating_action_button_location.dart,C:\DEV\flutter\packages\flutter\lib\src\material\floating_action_button_theme.dart,C:\DEV\flutter\packages\flutter\lib\src\material\grid_tile.dart,C:\DEV\flutter\packages\flutter\lib\src\material\grid_tile_bar.dart,C:\DEV\flutter\packages\flutter\lib\src\material\icon_button.dart,C:\DEV\flutter\packages\flutter\lib\src\material\icon_button_theme.dart,C:\DEV\flutter\packages\flutter\lib\src\material\icons.dart,C:\DEV\flutter\packages\flutter\lib\src\material\ink_decoration.dart,C:\DEV\flutter\packages\flutter\lib\src\material\ink_highlight.dart,C:\DEV\flutter\packages\flutter\lib\src\material\ink_ripple.dart,C:\DEV\flutter\packages\flutter\lib\src\material\ink_sparkle.dart,C:\DEV\flutter\packages\flutter\lib\src\material\ink_splash.dart,C:\DEV\flutter\packages\flutter\lib\src\material\ink_well.dart,C:\DEV\flutter\packages\flutter\lib\src\material\input_border.dart,C:\DEV\flutter\packages\flutter\lib\src\material\input_chip.dart,C:\DEV\flutter\packages\flutter\lib\src\material\input_date_picker_form_field.dart,C:\DEV\flutter\packages\flutter\lib\src\material\input_decorator.dart,C:\DEV\flutter\packages\flutter\lib\src\material\list_tile.dart,C:\DEV\flutter\packages\flutter\lib\src\material\list_tile_theme.dart,C:\DEV\flutter\packages\flutter\lib\src\material\magnifier.dart,C:\DEV\flutter\packages\flutter\lib\src\material\material.dart,C:\DEV\flutter\packages\flutter\lib\src\material\material_button.dart,C:\DEV\flutter\packages\flutter\lib\src\material\material_localizations.dart,C:\DEV\flutter\packages\flutter\lib\src\material\material_state.dart,C:\DEV\flutter\packages\flutter\lib\src\material\material_state_mixin.dart,C:\DEV\flutter\packages\flutter\lib\src\material\menu_anchor.dart,C:\DEV\flutter\packages\flutter\lib\src\material\menu_bar_theme.dart,C:\DEV\flutter\packages\flutter\lib\src\material\menu_button_theme.dart,C:\DEV\flutter\packages\flutter\lib\src\material\menu_style.dart,C:\DEV\flutter\packages\flutter\lib\src\material\menu_theme.dart,C:\DEV\flutter\packages\flutter\lib\src\material\mergeable_material.dart,C:\DEV\flutter\packages\flutter\lib\src\material\motion.dart,C:\DEV\flutter\packages\flutter\lib\src\material\navigation_bar.dart,C:\DEV\flutter\packages\flutter\lib\src\material\navigation_bar_theme.dart,C:\DEV\flutter\packages\flutter\lib\src\material\navigation_drawer.dart,C:\DEV\flutter\packages\flutter\lib\src\material\navigation_drawer_theme.dart,C:\DEV\flutter\packages\flutter\lib\src\material\navigation_rail.dart,C:\DEV\flutter\packages\flutter\lib\src\material\navigation_rail_theme.dart,C:\DEV\flutter\packages\flutter\lib\src\material\no_splash.dart,C:\DEV\flutter\packages\flutter\lib\src\material\outlined_button.dart,C:\DEV\flutter\packages\flutter\lib\src\material\outlined_button_theme.dart,C:\DEV\flutter\packages\flutter\lib\src\material\page.dart,C:\DEV\flutter\packages\flutter\lib\src\material\page_transitions_theme.dart,C:\DEV\flutter\packages\flutter\lib\src\material\paginated_data_table.dart,C:\DEV\flutter\packages\flutter\lib\src\material\popup_menu.dart,C:\DEV\flutter\packages\flutter\lib\src\material\popup_menu_theme.dart,C:\DEV\flutter\packages\flutter\lib\src\material\predictive_back_page_transitions_builder.dart,C:\DEV\flutter\packages\flutter\lib\src\material\progress_indicator.dart,C:\DEV\flutter\packages\flutter\lib\src\material\progress_indicator_theme.dart,C:\DEV\flutter\packages\flutter\lib\src\material\radio.dart,C:\DEV\flutter\packages\flutter\lib\src\material\radio_list_tile.dart,C:\DEV\flutter\packages\flutter\lib\src\material\radio_theme.dart,C:\DEV\flutter\packages\flutter\lib\src\material\range_slider.dart,C:\DEV\flutter\packages\flutter\lib\src\material\range_slider_parts.dart,C:\DEV\flutter\packages\flutter\lib\src\material\refresh_indicator.dart,C:\DEV\flutter\packages\flutter\lib\src\material\reorderable_list.dart,C:\DEV\flutter\packages\flutter\lib\src\material\scaffold.dart,C:\DEV\flutter\packages\flutter\lib\src\material\scrollbar.dart,C:\DEV\flutter\packages\flutter\lib\src\material\scrollbar_theme.dart,C:\DEV\flutter\packages\flutter\lib\src\material\search.dart,C:\DEV\flutter\packages\flutter\lib\src\material\search_anchor.dart,C:\DEV\flutter\packages\flutter\lib\src\material\search_bar_theme.dart,C:\DEV\flutter\packages\flutter\lib\src\material\search_view_theme.dart,C:\DEV\flutter\packages\flutter\lib\src\material\segmented_button.dart,C:\DEV\flutter\packages\flutter\lib\src\material\segmented_button_theme.dart,C:\DEV\flutter\packages\flutter\lib\src\material\selectable_text.dart,C:\DEV\flutter\packages\flutter\lib\src\material\selection_area.dart,C:\DEV\flutter\packages\flutter\lib\src\material\shadows.dart,C:\DEV\flutter\packages\flutter\lib\src\material\slider.dart,C:\DEV\flutter\packages\flutter\lib\src\material\slider_parts.dart,C:\DEV\flutter\packages\flutter\lib\src\material\slider_theme.dart,C:\DEV\flutter\packages\flutter\lib\src\material\slider_value_indicator_shape.dart,C:\DEV\flutter\packages\flutter\lib\src\material\snack_bar.dart,C:\DEV\flutter\packages\flutter\lib\src\material\snack_bar_theme.dart,C:\DEV\flutter\packages\flutter\lib\src\material\spell_check_suggestions_toolbar.dart,C:\DEV\flutter\packages\flutter\lib\src\material\spell_check_suggestions_toolbar_layout_delegate.dart,C:\DEV\flutter\packages\flutter\lib\src\material\stepper.dart,C:\DEV\flutter\packages\flutter\lib\src\material\switch.dart,C:\DEV\flutter\packages\flutter\lib\src\material\switch_list_tile.dart,C:\DEV\flutter\packages\flutter\lib\src\material\switch_theme.dart,C:\DEV\flutter\packages\flutter\lib\src\material\tab_bar_theme.dart,C:\DEV\flutter\packages\flutter\lib\src\material\tab_controller.dart,C:\DEV\flutter\packages\flutter\lib\src\material\tab_indicator.dart,C:\DEV\flutter\packages\flutter\lib\src\material\tabs.dart,C:\DEV\flutter\packages\flutter\lib\src\material\text_button.dart,C:\DEV\flutter\packages\flutter\lib\src\material\text_button_theme.dart,C:\DEV\flutter\packages\flutter\lib\src\material\text_field.dart,C:\DEV\flutter\packages\flutter\lib\src\material\text_form_field.dart,C:\DEV\flutter\packages\flutter\lib\src\material\text_selection.dart,C:\DEV\flutter\packages\flutter\lib\src\material\text_selection_theme.dart,C:\DEV\flutter\packages\flutter\lib\src\material\text_selection_toolbar.dart,C:\DEV\flutter\packages\flutter\lib\src\material\text_selection_toolbar_text_button.dart,C:\DEV\flutter\packages\flutter\lib\src\material\text_theme.dart,C:\DEV\flutter\packages\flutter\lib\src\material\theme.dart,C:\DEV\flutter\packages\flutter\lib\src\material\theme_data.dart,C:\DEV\flutter\packages\flutter\lib\src\material\time.dart,C:\DEV\flutter\packages\flutter\lib\src\material\time_picker.dart,C:\DEV\flutter\packages\flutter\lib\src\material\time_picker_theme.dart,C:\DEV\flutter\packages\flutter\lib\src\material\toggle_buttons.dart,C:\DEV\flutter\packages\flutter\lib\src\material\toggle_buttons_theme.dart,C:\DEV\flutter\packages\flutter\lib\src\material\tooltip.dart,C:\DEV\flutter\packages\flutter\lib\src\material\tooltip_theme.dart,C:\DEV\flutter\packages\flutter\lib\src\material\tooltip_visibility.dart,C:\DEV\flutter\packages\flutter\lib\src\material\typography.dart,C:\DEV\flutter\packages\flutter\lib\src\material\user_accounts_drawer_header.dart,C:\DEV\flutter\packages\flutter\lib\widgets.dart,C:\Users\itsam\AppData\Local\Pub\Cache\hosted\pub.dev\meta-1.17.0\lib\meta.dart,C:\DEV\flutter\packages\flutter\lib\src\foundation\annotations.dart,C:\DEV\flutter\packages\flutter\lib\src\foundation\assertions.dart,C:\DEV\flutter\packages\flutter\lib\src\foundation\basic_types.dart,C:\DEV\flutter\packages\flutter\lib\src\foundation\binding.dart,C:\DEV\flutter\packages\flutter\lib\src\foundation\bitfield.dart,C:\DEV\flutter\packages\flutter\lib\src\foundation\capabilities.dart,C:\DEV\flutter\packages\flutter\lib\src\foundation\change_notifier.dart,C:\DEV\flutter\packages\flutter\lib\src\foundation\collections.dart,C:\DEV\flutter\packages\flutter\lib\src\foundation\consolidate_response.dart,C:\DEV\flutter\packages\flutter\lib\src\foundation\constants.dart,C:\DEV\flutter\packages\flutter\lib\src\foundation\debug.dart,C:\DEV\flutter\packages\flutter\lib\src\foundation\diagnostics.dart,C:\DEV\flutter\packages\flutter\lib\src\foundation\isolates.dart,C:\DEV\flutter\packages\flutter\lib\src\foundation\key.dart,C:\DEV\flutter\packages\flutter\lib\src\foundation\licenses.dart,C:\DEV\flutter\packages\flutter\lib\src\foundation\memory_allocations.dart,C:\DEV\flutter\packages\flutter\lib\src\foundation\node.dart,C:\DEV\flutter\packages\flutter\lib\src\foundation\object.dart,C:\DEV\flutter\packages\flutter\lib\src\foundation\observer_list.dart,C:\DEV\flutter\packages\flutter\lib\src\foundation\persistent_hash_map.dart,C:\DEV\flutter\packages\flutter\lib\src\foundation\platform.dart,C:\DEV\flutter\packages\flutter\lib\src\foundation\print.dart,C:\DEV\flutter\packages\flutter\lib\src\foundation\serialization.dart,C:\DEV\flutter\packages\flutter\lib\src\foundation\service_extensions.dart,C:\DEV\flutter\packages\flutter\lib\src\foundation\stack_frame.dart,C:\DEV\flutter\packages\flutter\lib\src\foundation\synchronous_future.dart,C:\DEV\flutter\packages\flutter\lib\src\foundation\timeline.dart,C:\DEV\flutter\packages\flutter\lib\src\foundation\unicode.dart,C:\Users\itsam\AppData\Local\Pub\Cache\hosted\pub.dev\window_manager-0.5.1\lib\src\resize_edge.dart,C:\Users\itsam\AppData\Local\Pub\Cache\hosted\pub.dev\window_manager-0.5.1\lib\src\title_bar_style.dart,C:\Users\itsam\AppData\Local\Pub\Cache\hosted\pub.dev\window_manager-0.5.1\lib\src\utils\calc_window_position.dart,C:\Users\itsam\AppData\Local\Pub\Cache\hosted\pub.dev\window_manager-0.5.1\lib\src\widgets\drag_to_move_area.dart,C:\Users\itsam\AppData\Local\Pub\Cache\hosted\pub.dev\window_manager-0.5.1\lib\src\widgets\drag_to_resize_area.dart,C:\Users\itsam\AppData\Local\Pub\Cache\hosted\pub.dev\window_manager-0.5.1\lib\src\widgets\virtual_window_frame.dart,C:\Users\itsam\AppData\Local\Pub\Cache\hosted\pub.dev\window_manager-0.5.1\lib\src\widgets\window_caption.dart,C:\Users\itsam\AppData\Local\Pub\Cache\hosted\pub.dev\window_manager-0.5.1\lib\src\widgets\window_caption_button.dart,C:\Users\itsam\AppData\Local\Pub\Cache\hosted\pub.dev\window_manager-0.5.1\lib\src\window_listener.dart,C:\Users\itsam\AppData\Local\Pub\Cache\hosted\pub.dev\window_manager-0.5.1\lib\src\window_manager.dart,C:\Users\itsam\AppData\Local\Pub\Cache\hosted\pub.dev\window_manager-0.5.1\lib\src\window_options.dart,C:\Users\itsam\AppData\Local\Pub\Cache\hosted\pub.dev\provider-6.1.5+1\lib\src\async_provider.dart,C:\Users\itsam\AppData\Local\Pub\Cache\hosted\pub.dev\provider-6.1.5+1\lib\src\change_notifier_provider.dart,C:\Users\itsam\AppData\Local\Pub\Cache\hosted\pub.dev\provider-6.1.5+1\lib\src\consumer.dart,C:\Users\itsam\AppData\Local\Pub\Cache\hosted\pub.dev\provider-6.1.5+1\lib\src\listenable_provider.dart,C:\Users\itsam\AppData\Local\Pub\Cache\hosted\pub.dev\provider-6.1.5+1\lib\src\provider.dart,C:\Users\itsam\AppData\Local\Pub\Cache\hosted\pub.dev\provider-6.1.5+1\lib\src\proxy_provider.dart,C:\Users\itsam\AppData\Local\Pub\Cache\hosted\pub.dev\provider-6.1.5+1\lib\src\reassemble_handler.dart,C:\Users\itsam\AppData\Local\Pub\Cache\hosted\pub.dev\provider-6.1.5+1\lib\src\selector.dart,C:\Users\itsam\AppData\Local\Pub\Cache\hosted\pub.dev\provider-6.1.5+1\lib\src\value_listenable_provider.dart,C:\Users\itsam\AppData\Local\Pub\Cache\hosted\pub.dev\flutter_secure_storage-10.0.0\lib\flutter_secure_storage.dart,C:\Users\itsam\AppData\Local\Pub\Cache\hosted\pub.dev\crypto-3.0.7\lib\crypto.dart,C:\Users\itsam\AppData\Local\Pub\Cache\hosted\pub.dev\local_auth-3.0.0\lib\local_auth.dart,C:\Users\itsam\AppData\Local\Pub\Cache\hosted\pub.dev\uuid-4.5.2\lib\uuid.dart,C:\Users\itsam\AppData\Local\Pub\Cache\hosted\pub.dev\hive_flutter-1.1.0\lib\hive_flutter.dart,C:\Users\itsam\Documents\LCO\password-manager\lib\models\data_models.dart,C:\Users\itsam\AppData\Local\Pub\Cache\hosted\pub.dev\encrypt-5.0.3\lib\encrypt.dart,C:\Users\itsam\AppData\Local\Pub\Cache\hosted\pub.dev\google_fonts-8.0.1\lib\google_fonts.dart,C:\Users\itsam\AppData\Local\Pub\Cache\hosted\pub.dev\animations-2.1.1\lib\animations.dart,C:\Users\itsam\Documents\LCO\password-manager\lib\ui\screens\home_screen.dart,C:\Users\itsam\AppData\Local\Pub\Cache\hosted\pub.dev\file_picker-10.3.10\lib\src\file_picker.dart,C:\Users\itsam\AppData\Local\Pub\Cache\hosted\pub.dev\file_picker-10.3.10\lib\src\platform_file.dart,C:\Users\itsam\AppData\Local\Pub\Cache\hosted\pub.dev\file_picker-10.3.10\lib\src\file_picker_result.dart,C:\Users\itsam\AppData\Local\Pub\Cache\hosted\pub.dev\file_picker-10.3.10\lib\src\file_picker_macos.dart,C:\Users\itsam\AppData\Local\Pub\Cache\hosted\pub.dev\file_picker-10.3.10\lib\src\linux\file_picker_linux.dart,C:\Users\itsam\AppData\Local\Pub\Cache\hosted\pub.dev\file_picker-10.3.10\lib\src\file_picker_io.dart,C:\Users\itsam\AppData\Local\Pub\Cache\hosted\pub.dev\file_picker-10.3.10\lib\src\windows\file_picker_windows.dart,C:\Users\itsam\AppData\Local\Pub\Cache\hosted\pub.dev\local_auth_platform_interface-1.1.0\lib\local_auth_platform_interface.dart,C:\Users\itsam\AppData\Local\Pub\Cache\hosted\pub.dev\local_auth_android-2.0.4\lib\src\auth_messages_android.dart,C:\Users\itsam\AppData\Local\Pub\Cache\hosted\pub.dev\local_auth_android-2.0.4\lib\src\messages.g.dart,C:\Users\itsam\AppData\Local\Pub\Cache\hosted\pub.dev\local_auth_platform_interface-1.1.0\lib\types\auth_messages.dart,C:\Users\itsam\AppData\Local\Pub\Cache\hosted\pub.dev\local_auth_platform_interface-1.1.0\lib\types\auth_options.dart,C:\Users\itsam\AppData\Local\Pub\Cache\hosted\pub.dev\local_auth_platform_interface-1.1.0\lib\types\biometric_type.dart,C:\Users\itsam\AppData\Local\Pub\Cache\hosted\pub.dev\path_provider_platform_interface-2.1.2\lib\path_provider_platform_interface.dart,C:\Users\itsam\AppData\Local\Pub\Cache\hosted\pub.dev\path_provider_android-2.2.22\lib\messages.g.dart,C:\Users\itsam\AppData\Local\Pub\Cache\hosted\pub.dev\local_auth_darwin-2.0.1\lib\src\messages.g.dart,C:\Users\itsam\AppData\Local\Pub\Cache\hosted\pub.dev\local_auth_darwin-2.0.1\lib\types\auth_messages_ios.dart,C:\Users\itsam\AppData\Local\Pub\Cache\hosted\pub.dev\local_auth_darwin-2.0.1\lib\types\auth_messages_macos.dart,C:\Users\itsam\AppData\Local\Pub\Cache\hosted\pub.dev\path_provider_foundation-2.6.0\lib\src\path_provider_foundation_real.dart,C:\Users\itsam\AppData\Local\Pub\Cache\hosted\pub.dev\path_provider_linux-2.2.1\lib\src\path_provider_linux.dart,C:\Users\itsam\AppData\Local\Pub\Cache\hosted\pub.dev\share_plus_platform_interface-6.1.0\lib\share_plus_platform_interface.dart,C:\Users\itsam\AppData\Local\Pub\Cache\hosted\pub.dev\share_plus-12.0.1\lib\src\share_plus_linux.dart,C:\Users\itsam\AppData\Local\Pub\Cache\hosted\pub.dev\share_plus-12.0.1\lib\src\share_plus_windows.dart,C:\DEV\flutter\packages\flutter\lib\services.dart,C:\Users\itsam\AppData\Local\Pub\Cache\hosted\pub.dev\url_launcher_platform_interface-2.3.2\lib\link.dart,C:\Users\itsam\AppData\Local\Pub\Cache\hosted\pub.dev\url_launcher_platform_interface-2.3.2\lib\url_launcher_platform_interface.dart,C:\Users\itsam\AppData\Local\Pub\Cache\hosted\pub.dev\url_launcher_linux-3.2.2\lib\src\messages.g.dart,C:\Users\itsam\AppData\Local\Pub\Cache\hosted\pub.dev\flutter_secure_storage_windows-4.1.0\lib\src\flutter_secure_storage_windows_ffi.dart,C:\Users\itsam\AppData\Local\Pub\Cache\hosted\pub.dev\local_auth_windows-2.0.1\lib\src\messages.g.dart,C:\Users\itsam\AppData\Local\Pub\Cache\hosted\pub.dev\local_auth_windows-2.0.1\lib\types\auth_messages_windows.dart,C:\Users\itsam\AppData\Local\Pub\Cache\hosted\pub.dev\path_provider_windows-2.3.0\lib\src\folders.dart,C:\Users\itsam\AppData\Local\Pub\Cache\hosted\pub.dev\path_provider_windows-2.3.0\lib\src\path_provider_windows_real.dart,C:\Users\itsam\AppData\Local\Pub\Cache\hosted\pub.dev\url_launcher_windows-3.1.5\lib\src\messages.g.dart,C:\DEV\flutter\packages\flutter\lib\cupertino.dart,C:\DEV\flutter\packages\flutter\lib\scheduler.dart,C:\DEV\flutter\packages\flutter\lib\src\material\back_button.dart,C:\DEV\flutter\packages\flutter\lib\rendering.dart,C:\DEV\flutter\packages\flutter\lib\src\material\animated_icons\animated_icons.dart,C:\DEV\flutter\packages\flutter\lib\src\material\animated_icons\animated_icons_data.dart,C:\DEV\flutter\packages\flutter\lib\src\material\animated_icons\data\add_event.g.dart,C:\DEV\flutter\packages\flutter\lib\src\material\animated_icons\data\arrow_menu.g.dart,C:\DEV\flutter\packages\flutter\lib\src\material\animated_icons\data\close_menu.g.dart,C:\DEV\flutter\packages\flutter\lib\src\material\animated_icons\data\ellipsis_search.g.dart,C:\DEV\flutter\packages\flutter\lib\src\material\animated_icons\data\event_add.g.dart,C:\DEV\flutter\packages\flutter\lib\src\material\animated_icons\data\home_menu.g.dart,C:\DEV\flutter\packages\flutter\lib\src\material\animated_icons\data\list_view.g.dart,C:\DEV\flutter\packages\flutter\lib\src\material\animated_icons\data\menu_arrow.g.dart,C:\DEV\flutter\packages\flutter\lib\src\material\animated_icons\data\menu_close.g.dart,C:\DEV\flutter\packages\flutter\lib\src\material\animated_icons\data\menu_home.g.dart,C:\DEV\flutter\packages\flutter\lib\src\material\animated_icons\data\pause_play.g.dart,C:\DEV\flutter\packages\flutter\lib\src\material\animated_icons\data\play_pause.g.dart,C:\DEV\flutter\packages\flutter\lib\src\material\animated_icons\data\search_ellipsis.g.dart,C:\DEV\flutter\packages\flutter\lib\src\material\animated_icons\data\view_list.g.dart,C:\DEV\flutter\packages\flutter\lib\animation.dart,C:\Users\itsam\AppData\Local\Pub\Cache\hosted\pub.dev\vector_math-2.2.0\lib\vector_math_64.dart,C:\DEV\flutter\packages\flutter\lib\gestures.dart,C:\Users\itsam\AppData\Local\Pub\Cache\hosted\pub.dev\collection-1.19.1\lib\collection.dart,C:\Users\itsam\AppData\Local\Pub\Cache\hosted\pub.dev\material_color_utilities-0.11.1\lib\material_color_utilities.dart,C:\DEV\flutter\packages\flutter\lib\painting.dart,C:\Users\itsam\AppData\Local\Pub\Cache\hosted\pub.dev\characters-1.4.0\lib\characters.dart,C:\DEV\flutter\packages\flutter\lib\src\widgets\actions.dart,C:\DEV\flutter\packages\flutter\lib\src\widgets\adapter.dart,C:\DEV\flutter\packages\flutter\lib\src\widgets\animated_cross_fade.dart,C:\DEV\flutter\packages\flutter\lib\src\widgets\animated_scroll_view.dart,C:\DEV\flutter\packages\flutter\lib\src\widgets\animated_size.dart,C:\DEV\flutter\packages\flutter\lib\src\widgets\animated_switcher.dart,C:\DEV\flutter\packages\flutter\lib\src\widgets\annotated_region.dart,C:\DEV\flutter\packages\flutter\lib\src\widgets\app.dart,C:\DEV\flutter\packages\flutter\lib\src\widgets\app_lifecycle_listener.dart,C:\DEV\flutter\packages\flutter\lib\src\widgets\async.dart,C:\DEV\flutter\packages\flutter\lib\src\widgets\autocomplete.dart,C:\DEV\flutter\packages\flutter\lib\src\widgets\autofill.dart,C:\DEV\flutter\packages\flutter\lib\src\widgets\automatic_keep_alive.dart,C:\DEV\flutter\packages\flutter\lib\src\widgets\banner.dart,C:\DEV\flutter\packages\flutter\lib\src\widgets\basic.dart,C:\DEV\flutter\packages\flutter\lib\src\widgets\binding.dart,C:\DEV\flutter\packages\flutter\lib\src\widgets\bottom_navigation_bar_item.dart,C:\DEV\flutter\packages\flutter\lib\src\widgets\color_filter.dart,C:\DEV\flutter\packages\flutter\lib\src\widgets\container.dart,C:\DEV\flutter\packages\flutter\lib\src\widgets\context_menu_button_item.dart,C:\DEV\flutter\packages\flutter\lib\src\widgets\context_menu_controller.dart,C:\DEV\flutter\packages\flutter\lib\src\widgets\date.dart,C:\DEV\flutter\packages\flutter\lib\src\widgets\debug.dart,C:\DEV\flutter\packages\flutter\lib\src\widgets\decorated_sliver.dart,C:\DEV\flutter\packages\flutter\lib\src\widgets\default_selection_style.dart,C:\DEV\flutter\packages\flutter\lib\src\widgets\default_text_editing_shortcuts.dart,C:\DEV\flutter\packages\flutter\lib\src\widgets\desktop_text_selection_toolbar_layout_delegate.dart,C:\DEV\flutter\packages\flutter\lib\src\widgets\dismissible.dart,C:\DEV\flutter\packages\flutter\lib\src\widgets\display_feature_sub_screen.dart,C:\DEV\flutter\packages\flutter\lib\src\widgets\disposable_build_context.dart,C:\DEV\flutter\packages\flutter\lib\src\widgets\drag_boundary.dart,C:\DEV\flutter\packages\flutter\lib\src\widgets\drag_target.dart,C:\DEV\flutter\packages\flutter\lib\src\widgets\draggable_scrollable_sheet.dart,C:\DEV\flutter\packages\flutter\lib\src\widgets\dual_transition_builder.dart,C:\DEV\flutter\packages\flutter\lib\src\widgets\editable_text.dart,C:\DEV\flutter\packages\flutter\lib\src\widgets\expansible.dart,C:\DEV\flutter\packages\flutter\lib\src\widgets\fade_in_image.dart,C:\DEV\flutter\packages\flutter\lib\src\widgets\feedback.dart,C:\DEV\flutter\packages\flutter\lib\src\widgets\flutter_logo.dart,C:\DEV\flutter\packages\flutter\lib\src\widgets\focus_manager.dart,C:\DEV\flutter\packages\flutter\lib\src\widgets\focus_scope.dart,C:\DEV\flutter\packages\flutter\lib\src\widgets\focus_traversal.dart,C:\DEV\flutter\packages\flutter\lib\src\widgets\form.dart,C:\DEV\flutter\packages\flutter\lib\src\widgets\framework.dart,C:\DEV\flutter\packages\flutter\lib\src\widgets\gesture_detector.dart,C:\DEV\flutter\packages\flutter\lib\src\widgets\grid_paper.dart,C:\DEV\flutter\packages\flutter\lib\src\widgets\heroes.dart,C:\DEV\flutter\packages\flutter\lib\src\widgets\icon.dart,C:\DEV\flutter\packages\flutter\lib\src\widgets\icon_data.dart,C:\DEV\flutter\packages\flutter\lib\src\widgets\icon_theme.dart,C:\DEV\flutter\packages\flutter\lib\src\widgets\icon_theme_data.dart,C:\DEV\flutter\packages\flutter\lib\src\widgets\image.dart,C:\DEV\flutter\packages\flutter\lib\src\widgets\image_filter.dart,C:\DEV\flutter\packages\flutter\lib\src\widgets\image_icon.dart,C:\DEV\flutter\packages\flutter\lib\src\widgets\implicit_animations.dart,C:\DEV\flutter\packages\flutter\lib\src\widgets\inherited_model.dart,C:\DEV\flutter\packages\flutter\lib\src\widgets\inherited_notifier.dart,C:\DEV\flutter\packages\flutter\lib\src\widgets\inherited_theme.dart,C:\DEV\flutter\packages\flutter\lib\src\widgets\interactive_viewer.dart,C:\DEV\flutter\packages\flutter\lib\src\widgets\keyboard_listener.dart,C:\DEV\flutter\packages\flutter\lib\src\widgets\layout_builder.dart,C:\DEV\flutter\packages\flutter\lib\src\widgets\list_wheel_scroll_view.dart,C:\DEV\flutter\packages\flutter\lib\src\widgets\localizations.dart,C:\DEV\flutter\packages\flutter\lib\src\widgets\lookup_boundary.dart,C:\DEV\flutter\packages\flutter\lib\src\widgets\magnifier.dart,C:\DEV\flutter\packages\flutter\lib\src\widgets\media_query.dart,C:\DEV\flutter\packages\flutter\lib\src\widgets\modal_barrier.dart,C:\DEV\flutter\packages\flutter\lib\src\widgets\navigation_toolbar.dart,C:\DEV\flutter\packages\flutter\lib\src\widgets\navigator.dart,C:\DEV\flutter\packages\flutter\lib\src\widgets\navigator_pop_handler.dart,C:\DEV\flutter\packages\flutter\lib\src\widgets\nested_scroll_view.dart,C:\DEV\flutter\packages\flutter\lib\src\widgets\notification_listener.dart,C:\DEV\flutter\packages\flutter\lib\src\widgets\orientation_builder.dart,C:\DEV\flutter\packages\flutter\lib\src\widgets\overflow_bar.dart,C:\DEV\flutter\packages\flutter\lib\src\widgets\overlay.dart,C:\DEV\flutter\packages\flutter\lib\src\widgets\overscroll_indicator.dart,C:\DEV\flutter\packages\flutter\lib\src\widgets\page_storage.dart,C:\DEV\flutter\packages\flutter\lib\src\widgets\page_transitions_builder.dart,C:\DEV\flutter\packages\flutter\lib\src\widgets\page_view.dart,C:\DEV\flutter\packages\flutter\lib\src\widgets\pages.dart,C:\DEV\flutter\packages\flutter\lib\src\widgets\performance_overlay.dart,C:\DEV\flutter\packages\flutter\lib\src\widgets\pinned_header_sliver.dart,C:\DEV\flutter\packages\flutter\lib\src\widgets\placeholder.dart,C:\DEV\flutter\packages\flutter\lib\src\widgets\platform_menu_bar.dart,C:\DEV\flutter\packages\flutter\lib\src\widgets\platform_selectable_region_context_menu.dart,C:\DEV\flutter\packages\flutter\lib\src\widgets\platform_view.dart,C:\DEV\flutter\packages\flutter\lib\src\widgets\pop_scope.dart,C:\DEV\flutter\packages\flutter\lib\src\widgets\preferred_size.dart,C:\DEV\flutter\packages\flutter\lib\src\widgets\primary_scroll_controller.dart,C:\DEV\flutter\packages\flutter\lib\src\widgets\radio_group.dart,C:\DEV\flutter\packages\flutter\lib\src\widgets\raw_keyboard_listener.dart,C:\DEV\flutter\packages\flutter\lib\src\widgets\raw_menu_anchor.dart,C:\DEV\flutter\packages\flutter\lib\src\widgets\raw_radio.dart,C:\DEV\flutter\packages\flutter\lib\src\widgets\reorderable_list.dart,C:\DEV\flutter\packages\flutter\lib\src\widgets\restoration.dart,C:\DEV\flutter\packages\flutter\lib\src\widgets\restoration_properties.dart,C:\DEV\flutter\packages\flutter\lib\src\widgets\router.dart,C:\DEV\flutter\packages\flutter\lib\src\widgets\routes.dart,C:\DEV\flutter\packages\flutter\lib\src\widgets\safe_area.dart,C:\DEV\flutter\packages\flutter\lib\src\widgets\scroll_activity.dart,C:\DEV\flutter\packages\flutter\lib\src\widgets\scroll_aware_image_provider.dart,C:\DEV\flutter\packages\flutter\lib\src\widgets\scroll_configuration.dart,C:\DEV\flutter\packages\flutter\lib\src\widgets\scroll_context.dart,C:\DEV\flutter\packages\flutter\lib\src\widgets\scroll_controller.dart,C:\DEV\flutter\packages\flutter\lib\src\widgets\scroll_delegate.dart,C:\DEV\flutter\packages\flutter\lib\src\widgets\scroll_metrics.dart,C:\DEV\flutter\packages\flutter\lib\src\widgets\scroll_notification.dart,C:\DEV\flutter\packages\flutter\lib\src\widgets\scroll_notification_observer.dart,C:\DEV\flutter\packages\flutter\lib\src\widgets\scroll_physics.dart,C:\DEV\flutter\packages\flutter\lib\src\widgets\scroll_position.dart,C:\DEV\flutter\packages\flutter\lib\src\widgets\scroll_position_with_single_context.dart,C:\DEV\flutter\packages\flutter\lib\src\widgets\scroll_simulation.dart,C:\DEV\flutter\packages\flutter\lib\src\widgets\scroll_view.dart,C:\DEV\flutter\packages\flutter\lib\src\widgets\scrollable.dart,C:\DEV\flutter\packages\flutter\lib\src\widgets\scrollable_helpers.dart,C:\DEV\flutter\packages\flutter\lib\src\widgets\scrollbar.dart,C:\DEV\flutter\packages\flutter\lib\src\widgets\selectable_region.dart,C:\DEV\flutter\packages\flutter\lib\src\widgets\selection_container.dart,C:\DEV\flutter\packages\flutter\lib\src\widgets\semantics_debugger.dart,C:\DEV\flutter\packages\flutter\lib\src\widgets\sensitive_content.dart,C:\DEV\flutter\packages\flutter\lib\src\widgets\service_extensions.dart,C:\DEV\flutter\packages\flutter\lib\src\widgets\shared_app_data.dart,C:\DEV\flutter\packages\flutter\lib\src\widgets\shortcuts.dart,C:\DEV\flutter\packages\flutter\lib\src\widgets\single_child_scroll_view.dart,C:\DEV\flutter\packages\flutter\lib\src\widgets\size_changed_layout_notifier.dart,C:\DEV\flutter\packages\flutter\lib\src\widgets\sliver.dart,C:\DEV\flutter\packages\flutter\lib\src\widgets\sliver_fill.dart,C:\DEV\flutter\packages\flutter\lib\src\widgets\sliver_floating_header.dart,C:\DEV\flutter\packages\flutter\lib\src\widgets\sliver_layout_builder.dart,C:\DEV\flutter\packages\flutter\lib\src\widgets\sliver_persistent_header.dart,C:\DEV\flutter\packages\flutter\lib\src\widgets\sliver_prototype_extent_list.dart,C:\DEV\flutter\packages\flutter\lib\src\widgets\sliver_resizing_header.dart,C:\DEV\flutter\packages\flutter\lib\src\widgets\sliver_tree.dart,C:\DEV\flutter\packages\flutter\lib\src\widgets\slotted_render_object_widget.dart,C:\DEV\flutter\packages\flutter\lib\src\widgets\snapshot_widget.dart,C:\DEV\flutter\packages\flutter\lib\src\widgets\spacer.dart,C:\DEV\flutter\packages\flutter\lib\src\widgets\spell_check.dart,C:\DEV\flutter\packages\flutter\lib\src\widgets\standard_component_type.dart,C:\DEV\flutter\packages\flutter\lib\src\widgets\status_transitions.dart,C:\DEV\flutter\packages\flutter\lib\src\widgets\stretch_effect.dart,C:\DEV\flutter\packages\flutter\lib\src\widgets\system_context_menu.dart,C:\DEV\flutter\packages\flutter\lib\src\widgets\table.dart,C:\DEV\flutter\packages\flutter\lib\src\widgets\tap_region.dart,C:\DEV\flutter\packages\flutter\lib\src\widgets\text.dart,C:\DEV\flutter\packages\flutter\lib\src\widgets\text_editing_intents.dart,C:\DEV\flutter\packages\flutter\lib\src\widgets\text_selection.dart,C:\DEV\flutter\packages\flutter\lib\src\widgets\text_selection_toolbar_anchors.dart,C:\DEV\flutter\packages\flutter\lib\src\widgets\text_selection_toolbar_layout_delegate.dart,C:\DEV\flutter\packages\flutter\lib\src\widgets\texture.dart,C:\DEV\flutter\packages\flutter\lib\src\widgets\ticker_provider.dart,C:\DEV\flutter\packages\flutter\lib\src\widgets\title.dart,C:\DEV\flutter\packages\flutter\lib\src\widgets\toggleable.dart,C:\DEV\flutter\packages\flutter\lib\src\widgets\transitions.dart,C:\DEV\flutter\packages\flutter\lib\src\widgets\tween_animation_builder.dart,C:\DEV\flutter\packages\flutter\lib\src\widgets\two_dimensional_scroll_view.dart,C:\DEV\flutter\packages\flutter\lib\src\widgets\two_dimensional_viewport.dart,C:\DEV\flutter\packages\flutter\lib\src\widgets\undo_history.dart,C:\DEV\flutter\packages\flutter\lib\src\widgets\unique_widget.dart,C:\DEV\flutter\packages\flutter\lib\src\widgets\value_listenable_builder.dart,C:\DEV\flutter\packages\flutter\lib\src\widgets\view.dart,C:\DEV\flutter\packages\flutter\lib\src\widgets\viewport.dart,C:\DEV\flutter\packages\flutter\lib\src\widgets\visibility.dart,C:\DEV\flutter\packages\flutter\lib\src\widgets\widget_inspector.dart,C:\DEV\flutter\packages\flutter\lib\src\widgets\widget_span.dart,C:\DEV\flutter\packages\flutter\lib\src\widgets\widget_state.dart,C:\DEV\flutter\packages\flutter\lib\src\widgets\will_pop_scope.dart,C:\Users\itsam\AppData\Local\Pub\Cache\hosted\pub.dev\meta-1.17.0\lib\meta_meta.dart,C:\DEV\flutter\packages\flutter\lib\src\foundation\_bitfield_io.dart,C:\DEV\flutter\packages\flutter\lib\src\foundation\_capabilities_io.dart,C:\DEV\flutter\packages\flutter\lib\src\foundation\_isolates_io.dart,C:\DEV\flutter\packages\flutter\lib\src\foundation\_platform_io.dart,C:\DEV\flutter\packages\flutter\lib\src\foundation\_timeline_io.dart,C:\Users\itsam\AppData\Local\Pub\Cache\hosted\pub.dev\screen_retriever-0.2.0\lib\screen_retriever.dart,C:\Users\itsam\AppData\Local\Pub\Cache\hosted\pub.dev\path-1.9.1\lib\path.dart,C:\Users\itsam\AppData\Local\Pub\Cache\hosted\pub.dev\nested-1.0.0\lib\nested.dart,C:\Users\itsam\AppData\Local\Pub\Cache\hosted\pub.dev\provider-6.1.5+1\lib\src\deferred_inherited_provider.dart,C:\Users\itsam\AppData\Local\Pub\Cache\hosted\pub.dev\provider-6.1.5+1\lib\src\devtool.dart,C:\Users\itsam\AppData\Local\Pub\Cache\hosted\pub.dev\provider-6.1.5+1\lib\src\inherited_provider.dart,C:\Users\itsam\AppData\Local\Pub\Cache\hosted\pub.dev\flutter_secure_storage-10.0.0\lib\test\test_flutter_secure_storage_platform.dart,C:\Users\itsam\AppData\Local\Pub\Cache\hosted\pub.dev\flutter_secure_storage_platform_interface-2.0.1\lib\flutter_secure_storage_platform_interface.dart,C:\Users\itsam\AppData\Local\Pub\Cache\hosted\pub.dev\flutter_secure_storage-10.0.0\lib\options\android_options.dart,C:\Users\itsam\AppData\Local\Pub\Cache\hosted\pub.dev\flutter_secure_storage-10.0.0\lib\options\apple_options.dart,C:\Users\itsam\AppData\Local\Pub\Cache\hosted\pub.dev\flutter_secure_storage-10.0.0\lib\options\linux_options.dart,C:\Users\itsam\AppData\Local\Pub\Cache\hosted\pub.dev\flutter_secure_storage-10.0.0\lib\options\web_options.dart,C:\Users\itsam\AppData\Local\Pub\Cache\hosted\pub.dev\flutter_secure_storage-10.0.0\lib\options\windows_options.dart,C:\Users\itsam\AppData\Local\Pub\Cache\hosted\pub.dev\flutter_secure_storage-10.0.0\lib\options\ios_options.dart,C:\Users\itsam\AppData\Local\Pub\Cache\hosted\pub.dev\flutter_secure_storage-10.0.0\lib\options\macos_options.dart,C:\Users\itsam\AppData\Local\Pub\Cache\hosted\pub.dev\crypto-3.0.7\lib\src\digest.dart,C:\Users\itsam\AppData\Local\Pub\Cache\hosted\pub.dev\crypto-3.0.7\lib\src\hash.dart,C:\Users\itsam\AppData\Local\Pub\Cache\hosted\pub.dev\crypto-3.0.7\lib\src\hmac.dart,C:\Users\itsam\AppData\Local\Pub\Cache\hosted\pub.dev\crypto-3.0.7\lib\src\md5.dart,C:\Users\itsam\AppData\Local\Pub\Cache\hosted\pub.dev\crypto-3.0.7\lib\src\sha1.dart,C:\Users\itsam\AppData\Local\Pub\Cache\hosted\pub.dev\crypto-3.0.7\lib\src\sha256.dart,C:\Users\itsam\AppData\Local\Pub\Cache\hosted\pub.dev\crypto-3.0.7\lib\src\sha512.dart,C:\Users\itsam\AppData\Local\Pub\Cache\hosted\pub.dev\local_auth-3.0.0\lib\src\local_auth.dart,C:\Users\itsam\AppData\Local\Pub\Cache\hosted\pub.dev\uuid-4.5.2\lib\data.dart,C:\Users\itsam\AppData\Local\Pub\Cache\hosted\pub.dev\uuid-4.5.2\lib\rng.dart,C:\Users\itsam\AppData\Local\Pub\Cache\hosted\pub.dev\uuid-4.5.2\lib\validation.dart,C:\Users\itsam\AppData\Local\Pub\Cache\hosted\pub.dev\uuid-4.5.2\lib\enums.dart,C:\Users\itsam\AppData\Local\Pub\Cache\hosted\pub.dev\uuid-4.5.2\lib\parsing.dart,C:\Users\itsam\AppData\Local\Pub\Cache\hosted\pub.dev\uuid-4.5.2\lib\uuid_value.dart,C:\Users\itsam\AppData\Local\Pub\Cache\hosted\pub.dev\uuid-4.5.2\lib\v1.dart,C:\Users\itsam\AppData\Local\Pub\Cache\hosted\pub.dev\uuid-4.5.2\lib\v4.dart,C:\Users\itsam\AppData\Local\Pub\Cache\hosted\pub.dev\uuid-4.5.2\lib\v5.dart,C:\Users\itsam\AppData\Local\Pub\Cache\hosted\pub.dev\uuid-4.5.2\lib\v6.dart,C:\Users\itsam\AppData\Local\Pub\Cache\hosted\pub.dev\uuid-4.5.2\lib\v7.dart,C:\Users\itsam\AppData\Local\Pub\Cache\hosted\pub.dev\uuid-4.5.2\lib\v8.dart,C:\Users\itsam\AppData\Local\Pub\Cache\hosted\pub.dev\uuid-4.5.2\lib\v8generic.dart,C:\Users\itsam\AppData\Local\Pub\Cache\hosted\pub.dev\hive-2.2.3\lib\hive.dart,C:\Users\itsam\AppData\Local\Pub\Cache\hosted\pub.dev\path_provider-2.1.5\lib\path_provider.dart,C:\Users\itsam\AppData\Local\Pub\Cache\hosted\pub.dev\hive_flutter-1.1.0\lib\src\box_extensions.dart,C:\Users\itsam\AppData\Local\Pub\Cache\hosted\pub.dev\hive_flutter-1.1.0\lib\src\hive_extensions.dart,C:\Users\itsam\AppData\Local\Pub\Cache\hosted\pub.dev\hive_flutter-1.1.0\lib\src\watch_box_builder.dart,C:\Users\itsam\Documents\LCO\password-manager\lib\models\data_models.g.dart,C:\Users\itsam\AppData\Local\Pub\Cache\hosted\pub.dev\asn1lib-1.6.5\lib\asn1lib.dart,C:\Users\itsam\AppData\Local\Pub\Cache\hosted\pub.dev\clock-1.1.2\lib\clock.dart,C:\Users\itsam\AppData\Local\Pub\Cache\hosted\pub.dev\pointycastle-3.9.1\lib\export.dart,C:\Users\itsam\AppData\Local\Pub\Cache\hosted\pub.dev\encrypt-5.0.3\lib\src\utils.dart,C:\Users\itsam\AppData\Local\Pub\Cache\hosted\pub.dev\encrypt-5.0.3\lib\src\algorithm.dart,C:\Users\itsam\AppData\Local\Pub\Cache\hosted\pub.dev\encrypt-5.0.3\lib\src\algorithms\aes.dart,C:\Users\itsam\AppData\Local\Pub\Cache\hosted\pub.dev\encrypt-5.0.3\lib\src\algorithms\fernet.dart,C:\Users\itsam\AppData\Local\Pub\Cache\hosted\pub.dev\encrypt-5.0.3\lib\src\algorithms\rsa.dart,C:\Users\itsam\AppData\Local\Pub\Cache\hosted\pub.dev\encrypt-5.0.3\lib\src\algorithms\salsa20.dart,C:\Users\itsam\AppData\Local\Pub\Cache\hosted\pub.dev\encrypt-5.0.3\lib\src\encrypted.dart,C:\Users\itsam\AppData\Local\Pub\Cache\hosted\pub.dev\encrypt-5.0.3\lib\src\encrypter.dart,C:\Users\itsam\AppData\Local\Pub\Cache\hosted\pub.dev\encrypt-5.0.3\lib\src\secure_random.dart,C:\Users\itsam\AppData\Local\Pub\Cache\hosted\pub.dev\encrypt-5.0.3\lib\src\signer.dart,C:\Users\itsam\AppData\Local\Pub\Cache\hosted\pub.dev\google_fonts-8.0.1\lib\src\google_fonts_all_parts.dart,C:\Users\itsam\AppData\Local\Pub\Cache\hosted\pub.dev\animations-2.1.1\lib\src\fade_scale_transition.dart,C:\Users\itsam\AppData\Local\Pub\Cache\hosted\pub.dev\animations-2.1.1\lib\src\fade_through_transition.dart,C:\Users\itsam\AppData\Local\Pub\Cache\hosted\pub.dev\animations-2.1.1\lib\src\modal.dart,C:\Users\itsam\AppData\Local\Pub\Cache\hosted\pub.dev\animations-2.1.1\lib\src\open_container.dart,C:\Users\itsam\AppData\Local\Pub\Cache\hosted\pub.dev\animations-2.1.1\lib\src\page_transition_switcher.dart,C:\Users\itsam\AppData\Local\Pub\Cache\hosted\pub.dev\animations-2.1.1\lib\src\shared_axis_transition.dart,C:\Users\itsam\Documents\LCO\password-manager\lib\models\ui_models.dart,C:\Users\itsam\Documents\LCO\password-manager\lib\ui\screens\add_edit_password_screen.dart,C:\Users\itsam\Documents\LCO\password-manager\lib\ui\screens\add_edit_note_screen.dart,C:\Users\itsam\Documents\LCO\password-manager\lib\ui\screens\category_detail_screen.dart,C:\Users\itsam\Documents\LCO\password-manager\lib\ui\screens\note_category_detail_screen.dart,C:\Users\itsam\Documents\LCO\password-manager\lib\ui\screens\settings_tab.dart,C:\Users\itsam\Documents\LCO\password-manager\lib\ui\screens\desktop_home_screen.dart,C:\Users\itsam\AppData\Local\Pub\Cache\hosted\pub.dev\plugin_platform_interface-2.1.8\lib\plugin_platform_interface.dart,C:\Users\itsam\AppData\Local\Pub\Cache\hosted\pub.dev\cross_file-0.3.5+2\lib\cross_file.dart,C:\Users\itsam\AppData\Local\Pub\Cache\hosted\pub.dev\file_picker-10.3.10\lib\src\utils.dart,C:\Users\itsam\AppData\Local\Pub\Cache\hosted\pub.dev\file_picker-10.3.10\lib\src\linux\xdp_filechooser.dart,C:\Users\itsam\AppData\Local\Pub\Cache\hosted\pub.dev\file_picker-10.3.10\lib\src\linux\xdp_request.dart,C:\Users\itsam\AppData\Local\Pub\Cache\hosted\pub.dev\file_picker-10.3.10\lib\src\linux\filters.dart,C:\Users\itsam\AppData\Local\Pub\Cache\hosted\pub.dev\dbus-0.7.12\lib\dbus.dart,C:\Users\itsam\AppData\Local\Pub\Cache\hosted\pub.dev\ffi-2.1.5\lib\ffi.dart,C:\Users\itsam\AppData\Local\Pub\Cache\hosted\pub.dev\file_picker-10.3.10\lib\src\exceptions.dart,C:\Users\itsam\AppData\Local\Pub\Cache\hosted\pub.dev\file_picker-10.3.10\lib\src\windows\file_picker_windows_ffi_types.dart,C:\Users\itsam\AppData\Local\Pub\Cache\hosted\pub.dev\win32-5.15.0\lib\win32.dart,C:\Users\itsam\AppData\Local\Pub\Cache\hosted\pub.dev\local_auth_platform_interface-1.1.0\lib\default_method_channel_platform.dart,C:\Users\itsam\AppData\Local\Pub\Cache\hosted\pub.dev\local_auth_platform_interface-1.1.0\lib\types\types.dart,C:\Users\itsam\AppData\Local\Pub\Cache\hosted\pub.dev\intl-0.20.2\lib\intl.dart,C:\Users\itsam\AppData\Local\Pub\Cache\hosted\pub.dev\path_provider_platform_interface-2.1.2\lib\src\enums.dart,C:\Users\itsam\AppData\Local\Pub\Cache\hosted\pub.dev\path_provider_platform_interface-2.1.2\lib\src\method_channel_path_provider.dart,C:\Users\itsam\AppData\Local\Pub\Cache\hosted\pub.dev\objective_c-9.2.5\lib\objective_c.dart,C:\Users\itsam\AppData\Local\Pub\Cache\hosted\pub.dev\path_provider_foundation-2.6.0\lib\src\ffi_bindings.g.dart,C:\Users\itsam\AppData\Local\Pub\Cache\hosted\pub.dev\xdg_directories-1.1.0\lib\xdg_directories.dart,C:\Users\itsam\AppData\Local\Pub\Cache\hosted\pub.dev\path_provider_linux-2.2.1\lib\src\get_application_id.dart,C:\Users\itsam\AppData\Local\Pub\Cache\hosted\pub.dev\share_plus_platform_interface-6.1.0\lib\platform_interface\share_plus_platform.dart,C:\Users\itsam\AppData\Local\Pub\Cache\hosted\pub.dev\share_plus-12.0.1\lib\src\windows_version_helper.dart,C:\DEV\flutter\packages\flutter\lib\src\services\asset_bundle.dart,C:\DEV\flutter\packages\flutter\lib\src\services\asset_manifest.dart,C:\DEV\flutter\packages\flutter\lib\src\services\autofill.dart,C:\DEV\flutter\packages\flutter\lib\src\services\binary_messenger.dart,C:\DEV\flutter\packages\flutter\lib\src\services\binding.dart,C:\DEV\flutter\packages\flutter\lib\src\services\browser_context_menu.dart,C:\DEV\flutter\packages\flutter\lib\src\services\clipboard.dart,C:\DEV\flutter\packages\flutter\lib\src\services\debug.dart,C:\DEV\flutter\packages\flutter\lib\src\services\deferred_component.dart,C:\DEV\flutter\packages\flutter\lib\src\services\flavor.dart,C:\DEV\flutter\packages\flutter\lib\src\services\flutter_version.dart,C:\DEV\flutter\packages\flutter\lib\src\services\font_loader.dart,C:\DEV\flutter\packages\flutter\lib\src\services\haptic_feedback.dart,C:\DEV\flutter\packages\flutter\lib\src\services\hardware_keyboard.dart,C:\DEV\flutter\packages\flutter\lib\src\services\keyboard_inserted_content.dart,C:\DEV\flutter\packages\flutter\lib\src\services\keyboard_key.g.dart,C:\DEV\flutter\packages\flutter\lib\src\services\keyboard_maps.g.dart,C:\DEV\flutter\packages\flutter\lib\src\services\live_text.dart,C:\DEV\flutter\packages\flutter\lib\src\services\message_codec.dart,C:\DEV\flutter\packages\flutter\lib\src\services\message_codecs.dart,C:\DEV\flutter\packages\flutter\lib\src\services\mouse_cursor.dart,C:\DEV\flutter\packages\flutter\lib\src\services\mouse_tracking.dart,C:\DEV\flutter\packages\flutter\lib\src\services\platform_channel.dart,C:\DEV\flutter\packages\flutter\lib\src\services\platform_views.dart,C:\DEV\flutter\packages\flutter\lib\src\services\predictive_back_event.dart,C:\DEV\flutter\packages\flutter\lib\src\services\process_text.dart,C:\DEV\flutter\packages\flutter\lib\src\services\raw_keyboard.dart,C:\DEV\flutter\packages\flutter\lib\src\services\raw_keyboard_android.dart,C:\DEV\flutter\packages\flutter\lib\src\services\raw_keyboard_fuchsia.dart,C:\DEV\flutter\packages\flutter\lib\src\services\raw_keyboard_ios.dart,C:\DEV\flutter\packages\flutter\lib\src\services\raw_keyboard_linux.dart,C:\DEV\flutter\packages\flutter\lib\src\services\raw_keyboard_macos.dart,C:\DEV\flutter\packages\flutter\lib\src\services\raw_keyboard_web.dart,C:\DEV\flutter\packages\flutter\lib\src\services\raw_keyboard_windows.dart,C:\DEV\flutter\packages\flutter\lib\src\services\restoration.dart,C:\DEV\flutter\packages\flutter\lib\src\services\scribe.dart,C:\DEV\flutter\packages\flutter\lib\src\services\sensitive_content.dart,C:\DEV\flutter\packages\flutter\lib\src\services\service_extensions.dart,C:\DEV\flutter\packages\flutter\lib\src\services\spell_check.dart,C:\DEV\flutter\packages\flutter\lib\src\services\system_channels.dart,C:\DEV\flutter\packages\flutter\lib\src\services\system_chrome.dart,C:\DEV\flutter\packages\flutter\lib\src\services\system_navigator.dart,C:\DEV\flutter\packages\flutter\lib\src\services\system_sound.dart,C:\DEV\flutter\packages\flutter\lib\src\services\text_boundary.dart,C:\DEV\flutter\packages\flutter\lib\src\services\text_editing.dart,C:\DEV\flutter\packages\flutter\lib\src\services\text_editing_delta.dart,C:\DEV\flutter\packages\flutter\lib\src\services\text_formatter.dart,C:\DEV\flutter\packages\flutter\lib\src\services\text_input.dart,C:\DEV\flutter\packages\flutter\lib\src\services\text_layout_metrics.dart,C:\DEV\flutter\packages\flutter\lib\src\services\undo_manager.dart,C:\Users\itsam\AppData\Local\Pub\Cache\hosted\pub.dev\url_launcher_platform_interface-2.3.2\lib\src\types.dart,C:\Users\itsam\AppData\Local\Pub\Cache\hosted\pub.dev\url_launcher_platform_interface-2.3.2\lib\src\url_launcher_platform.dart,C:\Users\itsam\AppData\Local\Pub\Cache\hosted\pub.dev\path_provider_windows-2.3.0\lib\src\guid.dart,C:\Users\itsam\AppData\Local\Pub\Cache\hosted\pub.dev\path_provider_windows-2.3.0\lib\src\win32_wrappers.dart,C:\DEV\flutter\packages\flutter\lib\src\cupertino\activity_indicator.dart,C:\DEV\flutter\packages\flutter\lib\src\cupertino\adaptive_text_selection_toolbar.dart,C:\DEV\flutter\packages\flutter\lib\src\cupertino\app.dart,C:\DEV\flutter\packages\flutter\lib\src\cupertino\bottom_tab_bar.dart,C:\DEV\flutter\packages\flutter\lib\src\cupertino\button.dart,C:\DEV\flutter\packages\flutter\lib\src\cupertino\checkbox.dart,C:\DEV\flutter\packages\flutter\lib\src\cupertino\colors.dart,C:\DEV\flutter\packages\flutter\lib\src\cupertino\constants.dart,C:\DEV\flutter\packages\flutter\lib\src\cupertino\context_menu.dart,C:\DEV\flutter\packages\flutter\lib\src\cupertino\context_menu_action.dart,C:\DEV\flutter\packages\flutter\lib\src\cupertino\date_picker.dart,C:\DEV\flutter\packages\flutter\lib\src\cupertino\debug.dart,C:\DEV\flutter\packages\flutter\lib\src\cupertino\desktop_text_selection.dart,C:\DEV\flutter\packages\flutter\lib\src\cupertino\desktop_text_selection_toolbar.dart,C:\DEV\flutter\packages\flutter\lib\src\cupertino\desktop_text_selection_toolbar_button.dart,C:\DEV\flutter\packages\flutter\lib\src\cupertino\dialog.dart,C:\DEV\flutter\packages\flutter\lib\src\cupertino\expansion_tile.dart,C:\DEV\flutter\packages\flutter\lib\src\cupertino\form_row.dart,C:\DEV\flutter\packages\flutter\lib\src\cupertino\form_section.dart,C:\DEV\flutter\packages\flutter\lib\src\cupertino\icon_theme_data.dart,C:\DEV\flutter\packages\flutter\lib\src\cupertino\icons.dart,C:\DEV\flutter\packages\flutter\lib\src\cupertino\interface_level.dart,C:\DEV\flutter\packages\flutter\lib\src\cupertino\list_section.dart,C:\DEV\flutter\packages\flutter\lib\src\cupertino\list_tile.dart,C:\DEV\flutter\packages\flutter\lib\src\cupertino\localizations.dart,C:\DEV\flutter\packages\flutter\lib\src\cupertino\magnifier.dart,C:\DEV\flutter\packages\flutter\lib\src\cupertino\nav_bar.dart,C:\DEV\flutter\packages\flutter\lib\src\cupertino\page_scaffold.dart,C:\DEV\flutter\packages\flutter\lib\src\cupertino\picker.dart,C:\DEV\flutter\packages\flutter\lib\src\cupertino\radio.dart,C:\DEV\flutter\packages\flutter\lib\src\cupertino\refresh.dart,C:\DEV\flutter\packages\flutter\lib\src\cupertino\route.dart,C:\DEV\flutter\packages\flutter\lib\src\cupertino\scrollbar.dart,C:\DEV\flutter\packages\flutter\lib\src\cupertino\search_field.dart,C:\DEV\flutter\packages\flutter\lib\src\cupertino\segmented_control.dart,C:\DEV\flutter\packages\flutter\lib\src\cupertino\sheet.dart,C:\DEV\flutter\packages\flutter\lib\src\cupertino\slider.dart,C:\DEV\flutter\packages\flutter\lib\src\cupertino\sliding_segmented_control.dart,C:\DEV\flutter\packages\flutter\lib\src\cupertino\spell_check_suggestions_toolbar.dart,C:\DEV\flutter\packages\flutter\lib\src\cupertino\switch.dart,C:\DEV\flutter\packages\flutter\lib\src\cupertino\tab_scaffold.dart,C:\DEV\flutter\packages\flutter\lib\src\cupertino\tab_view.dart,C:\DEV\flutter\packages\flutter\lib\src\cupertino\text_field.dart,C:\DEV\flutter\packages\flutter\lib\src\cupertino\text_form_field_row.dart,C:\DEV\flutter\packages\flutter\lib\src\cupertino\text_selection.dart,C:\DEV\flutter\packages\flutter\lib\src\cupertino\text_selection_toolbar.dart,C:\DEV\flutter\packages\flutter\lib\src\cupertino\text_selection_toolbar_button.dart,C:\DEV\flutter\packages\flutter\lib\src\cupertino\text_theme.dart,C:\DEV\flutter\packages\flutter\lib\src\cupertino\theme.dart,C:\DEV\flutter\packages\flutter\lib\src\cupertino\thumb_painter.dart,C:\DEV\flutter\packages\flutter\lib\src\scheduler\binding.dart,C:\DEV\flutter\packages\flutter\lib\src\scheduler\debug.dart,C:\DEV\flutter\packages\flutter\lib\src\scheduler\priority.dart,C:\DEV\flutter\packages\flutter\lib\src\scheduler\service_extensions.dart,C:\DEV\flutter\packages\flutter\lib\src\scheduler\ticker.dart,C:\DEV\flutter\packages\flutter\lib\semantics.dart,C:\DEV\flutter\packages\flutter\lib\src\rendering\animated_size.dart,C:\DEV\flutter\packages\flutter\lib\src\rendering\binding.dart,C:\DEV\flutter\packages\flutter\lib\src\rendering\box.dart,C:\DEV\flutter\packages\flutter\lib\src\rendering\custom_layout.dart,C:\DEV\flutter\packages\flutter\lib\src\rendering\custom_paint.dart,C:\DEV\flutter\packages\flutter\lib\src\rendering\debug.dart,C:\DEV\flutter\packages\flutter\lib\src\rendering\debug_overflow_indicator.dart,C:\DEV\flutter\packages\flutter\lib\src\rendering\decorated_sliver.dart,C:\DEV\flutter\packages\flutter\lib\src\rendering\editable.dart,C:\DEV\flutter\packages\flutter\lib\src\rendering\error.dart,C:\DEV\flutter\packages\flutter\lib\src\rendering\flex.dart,C:\DEV\flutter\packages\flutter\lib\src\rendering\flow.dart,C:\DEV\flutter\packages\flutter\lib\src\rendering\image.dart,C:\DEV\flutter\packages\flutter\lib\src\rendering\layer.dart,C:\DEV\flutter\packages\flutter\lib\src\rendering\layout_helper.dart,C:\DEV\flutter\packages\flutter\lib\src\rendering\list_body.dart,C:\DEV\flutter\packages\flutter\lib\src\rendering\list_wheel_viewport.dart,C:\DEV\flutter\packages\flutter\lib\src\rendering\mouse_tracker.dart,C:\DEV\flutter\packages\flutter\lib\src\rendering\object.dart,C:\DEV\flutter\packages\flutter\lib\src\rendering\paragraph.dart,C:\DEV\flutter\packages\flutter\lib\src\rendering\performance_overlay.dart,C:\DEV\flutter\packages\flutter\lib\src\rendering\platform_view.dart,C:\DEV\flutter\packages\flutter\lib\src\rendering\proxy_box.dart,C:\DEV\flutter\packages\flutter\lib\src\rendering\proxy_sliver.dart,C:\DEV\flutter\packages\flutter\lib\src\rendering\rotated_box.dart,C:\DEV\flutter\packages\flutter\lib\src\rendering\selection.dart,C:\DEV\flutter\packages\flutter\lib\src\rendering\service_extensions.dart,C:\DEV\flutter\packages\flutter\lib\src\rendering\shifted_box.dart,C:\DEV\flutter\packages\flutter\lib\src\rendering\sliver.dart,C:\DEV\flutter\packages\flutter\lib\src\rendering\sliver_fill.dart,C:\DEV\flutter\packages\flutter\lib\src\rendering\sliver_fixed_extent_list.dart,C:\DEV\flutter\packages\flutter\lib\src\rendering\sliver_grid.dart,C:\DEV\flutter\packages\flutter\lib\src\rendering\sliver_group.dart,C:\DEV\flutter\packages\flutter\lib\src\rendering\sliver_list.dart,C:\DEV\flutter\packages\flutter\lib\src\rendering\sliver_multi_box_adaptor.dart,C:\DEV\flutter\packages\flutter\lib\src\rendering\sliver_padding.dart,C:\DEV\flutter\packages\flutter\lib\src\rendering\sliver_persistent_header.dart,C:\DEV\flutter\packages\flutter\lib\src\rendering\sliver_tree.dart,C:\DEV\flutter\packages\flutter\lib\src\rendering\stack.dart,C:\DEV\flutter\packages\flutter\lib\src\rendering\table.dart,C:\DEV\flutter\packages\flutter\lib\src\rendering\table_border.dart,C:\DEV\flutter\packages\flutter\lib\src\rendering\texture.dart,C:\DEV\flutter\packages\flutter\lib\src\rendering\tweens.dart,C:\DEV\flutter\packages\flutter\lib\src\rendering\view.dart,C:\DEV\flutter\packages\flutter\lib\src\rendering\viewport.dart,C:\DEV\flutter\packages\flutter\lib\src\rendering\viewport_offset.dart,C:\DEV\flutter\packages\flutter\lib\src\rendering\wrap.dart,C:\DEV\flutter\packages\flutter\lib\src\animation\animation.dart,C:\DEV\flutter\packages\flutter\lib\src\animation\animation_controller.dart,C:\DEV\flutter\packages\flutter\lib\src\animation\animation_style.dart,C:\DEV\flutter\packages\flutter\lib\src\animation\animations.dart,C:\DEV\flutter\packages\flutter\lib\src\animation\curves.dart,C:\DEV\flutter\packages\flutter\lib\src\animation\listener_helpers.dart,C:\DEV\flutter\packages\flutter\lib\src\animation\tween.dart,C:\DEV\flutter\packages\flutter\lib\src\animation\tween_sequence.dart,C:\Users\itsam\AppData\Local\Pub\Cache\hosted\pub.dev\vector_math-2.2.0\lib\src\vector_math_64\aabb2.dart,C:\Users\itsam\AppData\Local\Pub\Cache\hosted\pub.dev\vector_math-2.2.0\lib\src\vector_math_64\aabb3.dart,C:\Users\itsam\AppData\Local\Pub\Cache\hosted\pub.dev\vector_math-2.2.0\lib\src\vector_math_64\colors.dart,C:\Users\itsam\AppData\Local\Pub\Cache\hosted\pub.dev\vector_math-2.2.0\lib\src\vector_math_64\constants.dart,C:\Users\itsam\AppData\Local\Pub\Cache\hosted\pub.dev\vector_math-2.2.0\lib\src\vector_math_64\error_helpers.dart,C:\Users\itsam\AppData\Local\Pub\Cache\hosted\pub.dev\vector_math-2.2.0\lib\src\vector_math_64\frustum.dart,C:\Users\itsam\AppData\Local\Pub\Cache\hosted\pub.dev\vector_math-2.2.0\lib\src\vector_math_64\intersection_result.dart,C:\Users\itsam\AppData\Local\Pub\Cache\hosted\pub.dev\vector_math-2.2.0\lib\src\vector_math_64\matrix2.dart,C:\Users\itsam\AppData\Local\Pub\Cache\hosted\pub.dev\vector_math-2.2.0\lib\src\vector_math_64\matrix3.dart,C:\Users\itsam\AppData\Local\Pub\Cache\hosted\pub.dev\vector_math-2.2.0\lib\src\vector_math_64\matrix4.dart,C:\Users\itsam\AppData\Local\Pub\Cache\hosted\pub.dev\vector_math-2.2.0\lib\src\vector_math_64\noise.dart,C:\Users\itsam\AppData\Local\Pub\Cache\hosted\pub.dev\vector_math-2.2.0\lib\src\vector_math_64\obb3.dart,C:\Users\itsam\AppData\Local\Pub\Cache\hosted\pub.dev\vector_math-2.2.0\lib\src\vector_math_64\opengl.dart,C:\Users\itsam\AppData\Local\Pub\Cache\hosted\pub.dev\vector_math-2.2.0\lib\src\vector_math_64\plane.dart,C:\Users\itsam\AppData\Local\Pub\Cache\hosted\pub.dev\vector_math-2.2.0\lib\src\vector_math_64\quad.dart,C:\Users\itsam\AppData\Local\Pub\Cache\hosted\pub.dev\vector_math-2.2.0\lib\src\vector_math_64\quaternion.dart,C:\Users\itsam\AppData\Local\Pub\Cache\hosted\pub.dev\vector_math-2.2.0\lib\src\vector_math_64\ray.dart,C:\Users\itsam\AppData\Local\Pub\Cache\hosted\pub.dev\vector_math-2.2.0\lib\src\vector_math_64\sphere.dart,C:\Users\itsam\AppData\Local\Pub\Cache\hosted\pub.dev\vector_math-2.2.0\lib\src\vector_math_64\triangle.dart,C:\Users\itsam\AppData\Local\Pub\Cache\hosted\pub.dev\vector_math-2.2.0\lib\src\vector_math_64\utilities.dart,C:\Users\itsam\AppData\Local\Pub\Cache\hosted\pub.dev\vector_math-2.2.0\lib\src\vector_math_64\vector.dart,C:\Users\itsam\AppData\Local\Pub\Cache\hosted\pub.dev\vector_math-2.2.0\lib\src\vector_math_64\vector2.dart,C:\Users\itsam\AppData\Local\Pub\Cache\hosted\pub.dev\vector_math-2.2.0\lib\src\vector_math_64\vector3.dart,C:\Users\itsam\AppData\Local\Pub\Cache\hosted\pub.dev\vector_math-2.2.0\lib\src\vector_math_64\vector4.dart,C:\DEV\flutter\packages\flutter\lib\src\gestures\arena.dart,C:\DEV\flutter\packages\flutter\lib\src\gestures\binding.dart,C:\DEV\flutter\packages\flutter\lib\src\gestures\constants.dart,C:\DEV\flutter\packages\flutter\lib\src\gestures\converter.dart,C:\DEV\flutter\packages\flutter\lib\src\gestures\debug.dart,C:\DEV\flutter\packages\flutter\lib\src\gestures\drag.dart,C:\DEV\flutter\packages\flutter\lib\src\gestures\drag_details.dart,C:\DEV\flutter\packages\flutter\lib\src\gestures\eager.dart,C:\DEV\flutter\packages\flutter\lib\src\gestures\events.dart,C:\DEV\flutter\packages\flutter\lib\src\gestures\force_press.dart,C:\DEV\flutter\packages\flutter\lib\src\gestures\gesture_details.dart,C:\DEV\flutter\packages\flutter\lib\src\gestures\gesture_settings.dart,C:\DEV\flutter\packages\flutter\lib\src\gestures\hit_test.dart,C:\DEV\flutter\packages\flutter\lib\src\gestures\long_press.dart,C:\DEV\flutter\packages\flutter\lib\src\gestures\lsq_solver.dart,C:\DEV\flutter\packages\flutter\lib\src\gestures\monodrag.dart,C:\DEV\flutter\packages\flutter\lib\src\gestures\multidrag.dart,C:\DEV\flutter\packages\flutter\lib\src\gestures\multitap.dart,C:\DEV\flutter\packages\flutter\lib\src\gestures\pointer_router.dart,C:\DEV\flutter\packages\flutter\lib\src\gestures\pointer_signal_resolver.dart,C:\DEV\flutter\packages\flutter\lib\src\gestures\recognizer.dart,C:\DEV\flutter\packages\flutter\lib\src\gestures\resampler.dart,C:\DEV\flutter\packages\flutter\lib\src\gestures\scale.dart,C:\DEV\flutter\packages\flutter\lib\src\gestures\tap.dart,C:\DEV\flutter\packages\flutter\lib\src\gestures\tap_and_drag.dart,C:\DEV\flutter\packages\flutter\lib\src\gestures\team.dart,C:\DEV\flutter\packages\flutter\lib\src\gestures\velocity_tracker.dart,C:\Users\itsam\AppData\Local\Pub\Cache\hosted\pub.dev\collection-1.19.1\lib\src\algorithms.dart,C:\Users\itsam\AppData\Local\Pub\Cache\hosted\pub.dev\collection-1.19.1\lib\src\boollist.dart,C:\Users\itsam\AppData\Local\Pub\Cache\hosted\pub.dev\collection-1.19.1\lib\src\canonicalized_map.dart,C:\Users\itsam\AppData\Local\Pub\Cache\hosted\pub.dev\collection-1.19.1\lib\src\combined_wrappers\combined_iterable.dart,C:\Users\itsam\AppData\Local\Pub\Cache\hosted\pub.dev\collection-1.19.1\lib\src\combined_wrappers\combined_list.dart,C:\Users\itsam\AppData\Local\Pub\Cache\hosted\pub.dev\collection-1.19.1\lib\src\combined_wrappers\combined_map.dart,C:\Users\itsam\AppData\Local\Pub\Cache\hosted\pub.dev\collection-1.19.1\lib\src\comparators.dart,C:\Users\itsam\AppData\Local\Pub\Cache\hosted\pub.dev\collection-1.19.1\lib\src\equality.dart,C:\Users\itsam\AppData\Local\Pub\Cache\hosted\pub.dev\collection-1.19.1\lib\src\equality_map.dart,C:\Users\itsam\AppData\Local\Pub\Cache\hosted\pub.dev\collection-1.19.1\lib\src\equality_set.dart,C:\Users\itsam\AppData\Local\Pub\Cache\hosted\pub.dev\collection-1.19.1\lib\src\functions.dart,C:\Users\itsam\AppData\Local\Pub\Cache\hosted\pub.dev\collection-1.19.1\lib\src\iterable_extensions.dart,C:\Users\itsam\AppData\Local\Pub\Cache\hosted\pub.dev\collection-1.19.1\lib\src\iterable_zip.dart,C:\Users\itsam\AppData\Local\Pub\Cache\hosted\pub.dev\collection-1.19.1\lib\src\list_extensions.dart,C:\Users\itsam\AppData\Local\Pub\Cache\hosted\pub.dev\collection-1.19.1\lib\src\priority_queue.dart,C:\Users\itsam\AppData\Local\Pub\Cache\hosted\pub.dev\collection-1.19.1\lib\src\queue_list.dart,C:\Users\itsam\AppData\Local\Pub\Cache\hosted\pub.dev\collection-1.19.1\lib\src\union_set.dart,C:\Users\itsam\AppData\Local\Pub\Cache\hosted\pub.dev\collection-1.19.1\lib\src\union_set_controller.dart,C:\Users\itsam\AppData\Local\Pub\Cache\hosted\pub.dev\collection-1.19.1\lib\src\unmodifiable_wrappers.dart,C:\Users\itsam\AppData\Local\Pub\Cache\hosted\pub.dev\collection-1.19.1\lib\src\wrappers.dart,C:\Users\itsam\AppData\Local\Pub\Cache\hosted\pub.dev\material_color_utilities-0.11.1\lib\blend\blend.dart,C:\Users\itsam\AppData\Local\Pub\Cache\hosted\pub.dev\material_color_utilities-0.11.1\lib\contrast\contrast.dart,C:\Users\itsam\AppData\Local\Pub\Cache\hosted\pub.dev\material_color_utilities-0.11.1\lib\dislike\dislike_analyzer.dart,C:\Users\itsam\AppData\Local\Pub\Cache\hosted\pub.dev\material_color_utilities-0.11.1\lib\dynamiccolor\dynamic_color.dart,C:\Users\itsam\AppData\Local\Pub\Cache\hosted\pub.dev\material_color_utilities-0.11.1\lib\dynamiccolor\dynamic_scheme.dart,C:\Users\itsam\AppData\Local\Pub\Cache\hosted\pub.dev\material_color_utilities-0.11.1\lib\dynamiccolor\material_dynamic_colors.dart,C:\Users\itsam\AppData\Local\Pub\Cache\hosted\pub.dev\material_color_utilities-0.11.1\lib\dynamiccolor\variant.dart,C:\Users\itsam\AppData\Local\Pub\Cache\hosted\pub.dev\material_color_utilities-0.11.1\lib\hct\cam16.dart,C:\Users\itsam\AppData\Local\Pub\Cache\hosted\pub.dev\material_color_utilities-0.11.1\lib\hct\hct.dart,C:\Users\itsam\AppData\Local\Pub\Cache\hosted\pub.dev\material_color_utilities-0.11.1\lib\hct\viewing_conditions.dart,C:\Users\itsam\AppData\Local\Pub\Cache\hosted\pub.dev\material_color_utilities-0.11.1\lib\palettes\core_palette.dart,C:\Users\itsam\AppData\Local\Pub\Cache\hosted\pub.dev\material_color_utilities-0.11.1\lib\palettes\tonal_palette.dart,C:\Users\itsam\AppData\Local\Pub\Cache\hosted\pub.dev\material_color_utilities-0.11.1\lib\quantize\quantizer.dart,C:\Users\itsam\AppData\Local\Pub\Cache\hosted\pub.dev\material_color_utilities-0.11.1\lib\quantize\quantizer_celebi.dart,C:\Users\itsam\AppData\Local\Pub\Cache\hosted\pub.dev\material_color_utilities-0.11.1\lib\quantize\quantizer_map.dart,C:\Users\itsam\AppData\Local\Pub\Cache\hosted\pub.dev\material_color_utilities-0.11.1\lib\quantize\quantizer_wsmeans.dart,C:\Users\itsam\AppData\Local\Pub\Cache\hosted\pub.dev\material_color_utilities-0.11.1\lib\quantize\quantizer_wu.dart,C:\Users\itsam\AppData\Local\Pub\Cache\hosted\pub.dev\material_color_utilities-0.11.1\lib\scheme\scheme.dart,C:\Users\itsam\AppData\Local\Pub\Cache\hosted\pub.dev\material_color_utilities-0.11.1\lib\scheme\scheme_content.dart,C:\Users\itsam\AppData\Local\Pub\Cache\hosted\pub.dev\material_color_utilities-0.11.1\lib\scheme\scheme_expressive.dart,C:\Users\itsam\AppData\Local\Pub\Cache\hosted\pub.dev\material_color_utilities-0.11.1\lib\scheme\scheme_fidelity.dart,C:\Users\itsam\AppData\Local\Pub\Cache\hosted\pub.dev\material_color_utilities-0.11.1\lib\scheme\scheme_fruit_salad.dart,C:\Users\itsam\AppData\Local\Pub\Cache\hosted\pub.dev\material_color_utilities-0.11.1\lib\scheme\scheme_monochrome.dart,C:\Users\itsam\AppData\Local\Pub\Cache\hosted\pub.dev\material_color_utilities-0.11.1\lib\scheme\scheme_neutral.dart,C:\Users\itsam\AppData\Local\Pub\Cache\hosted\pub.dev\material_color_utilities-0.11.1\lib\scheme\scheme_rainbow.dart,C:\Users\itsam\AppData\Local\Pub\Cache\hosted\pub.dev\material_color_utilities-0.11.1\lib\scheme\scheme_tonal_spot.dart,C:\Users\itsam\AppData\Local\Pub\Cache\hosted\pub.dev\material_color_utilities-0.11.1\lib\scheme\scheme_vibrant.dart,C:\Users\itsam\AppData\Local\Pub\Cache\hosted\pub.dev\material_color_utilities-0.11.1\lib\score\score.dart,C:\Users\itsam\AppData\Local\Pub\Cache\hosted\pub.dev\material_color_utilities-0.11.1\lib\temperature\temperature_cache.dart,C:\Users\itsam\AppData\Local\Pub\Cache\hosted\pub.dev\material_color_utilities-0.11.1\lib\utils\color_utils.dart,C:\Users\itsam\AppData\Local\Pub\Cache\hosted\pub.dev\material_color_utilities-0.11.1\lib\utils\math_utils.dart,C:\Users\itsam\AppData\Local\Pub\Cache\hosted\pub.dev\material_color_utilities-0.11.1\lib\utils\string_utils.dart,C:\DEV\flutter\packages\flutter\lib\src\painting\alignment.dart,C:\DEV\flutter\packages\flutter\lib\src\painting\basic_types.dart,C:\DEV\flutter\packages\flutter\lib\src\painting\beveled_rectangle_border.dart,C:\DEV\flutter\packages\flutter\lib\src\painting\binding.dart,C:\DEV\flutter\packages\flutter\lib\src\painting\border_radius.dart,C:\DEV\flutter\packages\flutter\lib\src\painting\borders.dart,C:\DEV\flutter\packages\flutter\lib\src\painting\box_border.dart,C:\DEV\flutter\packages\flutter\lib\src\painting\box_decoration.dart,C:\DEV\flutter\packages\flutter\lib\src\painting\box_fit.dart,C:\DEV\flutter\packages\flutter\lib\src\painting\box_shadow.dart,C:\DEV\flutter\packages\flutter\lib\src\painting\circle_border.dart,C:\DEV\flutter\packages\flutter\lib\src\painting\clip.dart,C:\DEV\flutter\packages\flutter\lib\src\painting\colors.dart,C:\DEV\flutter\packages\flutter\lib\src\painting\continuous_rectangle_border.dart,C:\DEV\flutter\packages\flutter\lib\src\painting\debug.dart,C:\DEV\flutter\packages\flutter\lib\src\painting\decoration.dart,C:\DEV\flutter\packages\flutter\lib\src\painting\decoration_image.dart,C:\DEV\flutter\packages\flutter\lib\src\painting\edge_insets.dart,C:\DEV\flutter\packages\flutter\lib\src\painting\flutter_logo.dart,C:\DEV\flutter\packages\flutter\lib\src\painting\fractional_offset.dart,C:\DEV\flutter\packages\flutter\lib\src\painting\geometry.dart,C:\DEV\flutter\packages\flutter\lib\src\painting\gradient.dart,C:\DEV\flutter\packages\flutter\lib\src\painting\image_cache.dart,C:\DEV\flutter\packages\flutter\lib\src\painting\image_decoder.dart,C:\DEV\flutter\packages\flutter\lib\src\painting\image_provider.dart,C:\DEV\flutter\packages\flutter\lib\src\painting\image_resolution.dart,C:\DEV\flutter\packages\flutter\lib\src\painting\image_stream.dart,C:\DEV\flutter\packages\flutter\lib\src\painting\inline_span.dart,C:\DEV\flutter\packages\flutter\lib\src\painting\linear_border.dart,C:\DEV\flutter\packages\flutter\lib\src\painting\matrix_utils.dart,C:\DEV\flutter\packages\flutter\lib\src\painting\notched_shapes.dart,C:\DEV\flutter\packages\flutter\lib\src\painting\oval_border.dart,C:\DEV\flutter\packages\flutter\lib\src\painting\paint_utilities.dart,C:\DEV\flutter\packages\flutter\lib\src\painting\placeholder_span.dart,C:\DEV\flutter\packages\flutter\lib\src\painting\rounded_rectangle_border.dart,C:\DEV\flutter\packages\flutter\lib\src\painting\shader_warm_up.dart,C:\DEV\flutter\packages\flutter\lib\src\painting\shape_decoration.dart,C:\DEV\flutter\packages\flutter\lib\src\painting\stadium_border.dart,C:\DEV\flutter\packages\flutter\lib\src\painting\star_border.dart,C:\DEV\flutter\packages\flutter\lib\src\painting\strut_style.dart,C:\DEV\flutter\packages\flutter\lib\src\painting\text_painter.dart,C:\DEV\flutter\packages\flutter\lib\src\painting\text_scaler.dart,C:\DEV\flutter\packages\flutter\lib\src\painting\text_span.dart,C:\DEV\flutter\packages\flutter\lib\src\painting\text_style.dart,C:\Users\itsam\AppData\Local\Pub\Cache\hosted\pub.dev\characters-1.4.0\lib\src\characters.dart,C:\Users\itsam\AppData\Local\Pub\Cache\hosted\pub.dev\characters-1.4.0\lib\src\extensions.dart,C:\DEV\flutter\packages\flutter\lib\src\widgets\constants.dart,C:\DEV\flutter\packages\flutter\lib\src\foundation\_features.dart,C:\DEV\flutter\packages\flutter\lib\src\widgets\_window.dart,C:\DEV\flutter\packages\flutter\lib\src\widgets\_web_browser_detection_io.dart,C:\DEV\flutter\packages\flutter\lib\src\painting\_web_image_info_io.dart,C:\DEV\flutter\packages\flutter\lib\src\widgets\_web_image_io.dart,C:\DEV\flutter\packages\flutter\lib\physics.dart,C:\DEV\flutter\packages\flutter\lib\src\widgets\_platform_selectable_region_context_menu_io.dart,C:\DEV\flutter\packages\flutter\lib\src\widgets\_html_element_view_io.dart,C:\Users\itsam\AppData\Local\Pub\Cache\hosted\pub.dev\screen_retriever_platform_interface-0.2.0\lib\screen_retriever_platform_interface.dart,C:\Users\itsam\AppData\Local\Pub\Cache\hosted\pub.dev\screen_retriever-0.2.0\lib\src\screen_retriever.dart,C:\Users\itsam\AppData\Local\Pub\Cache\hosted\pub.dev\path-1.9.1\lib\src\context.dart,C:\Users\itsam\AppData\Local\Pub\Cache\hosted\pub.dev\path-1.9.1\lib\src\style.dart,C:\Users\itsam\AppData\Local\Pub\Cache\hosted\pub.dev\path-1.9.1\lib\src\path_exception.dart,C:\Users\itsam\AppData\Local\Pub\Cache\hosted\pub.dev\path-1.9.1\lib\src\path_map.dart,C:\Users\itsam\AppData\Local\Pub\Cache\hosted\pub.dev\path-1.9.1\lib\src\path_set.dart,C:\Users\itsam\AppData\Local\Pub\Cache\hosted\pub.dev\flutter_secure_storage_platform_interface-2.0.1\lib\src\method_channel_flutter_secure_storage.dart,C:\Users\itsam\AppData\Local\Pub\Cache\hosted\pub.dev\flutter_secure_storage_platform_interface-2.0.1\lib\src\options.dart,C:\Users\itsam\AppData\Local\Pub\Cache\hosted\pub.dev\crypto-3.0.7\lib\src\digest_sink.dart,C:\Users\itsam\AppData\Local\Pub\Cache\hosted\pub.dev\crypto-3.0.7\lib\src\hash_sink.dart,C:\Users\itsam\AppData\Local\Pub\Cache\hosted\pub.dev\crypto-3.0.7\lib\src\utils.dart,C:\Users\itsam\AppData\Local\Pub\Cache\hosted\pub.dev\crypto-3.0.7\lib\src\sha512_fastsinks.dart,C:\Users\itsam\AppData\Local\Pub\Cache\hosted\pub.dev\uuid-4.5.2\lib\constants.dart,C:\Users\itsam\AppData\Local\Pub\Cache\hosted\pub.dev\fixnum-1.1.1\lib\fixnum.dart,C:\Users\itsam\AppData\Local\Pub\Cache\hosted\pub.dev\hive-2.2.3\lib\src\box\default_compaction_strategy.dart,C:\Users\itsam\AppData\Local\Pub\Cache\hosted\pub.dev\hive-2.2.3\lib\src\box\default_key_comparator.dart,C:\Users\itsam\AppData\Local\Pub\Cache\hosted\pub.dev\hive-2.2.3\lib\src\crypto\aes_cbc_pkcs7.dart,C:\Users\itsam\AppData\Local\Pub\Cache\hosted\pub.dev\hive-2.2.3\lib\src\crypto\crc32.dart,C:\Users\itsam\AppData\Local\Pub\Cache\hosted\pub.dev\hive-2.2.3\lib\src\hive_impl.dart,C:\Users\itsam\AppData\Local\Pub\Cache\hosted\pub.dev\hive-2.2.3\lib\src\object\hive_list_impl.dart,C:\Users\itsam\AppData\Local\Pub\Cache\hosted\pub.dev\hive-2.2.3\lib\src\object\hive_object.dart,C:\Users\itsam\AppData\Local\Pub\Cache\hosted\pub.dev\hive-2.2.3\lib\src\util\extensions.dart,C:\Users\itsam\AppData\Local\Pub\Cache\hosted\pub.dev\hive-2.2.3\lib\src\box_collection\box_collection.dart,C:\Users\itsam\AppData\Local\Pub\Cache\hosted\pub.dev\hive-2.2.3\lib\src\annotations\hive_field.dart,C:\Users\itsam\AppData\Local\Pub\Cache\hosted\pub.dev\hive-2.2.3\lib\src\annotations\hive_type.dart,C:\Users\itsam\AppData\Local\Pub\Cache\hosted\pub.dev\hive-2.2.3\lib\src\binary\binary_reader.dart,C:\Users\itsam\AppData\Local\Pub\Cache\hosted\pub.dev\hive-2.2.3\lib\src\binary\binary_writer.dart,C:\Users\itsam\AppData\Local\Pub\Cache\hosted\pub.dev\hive-2.2.3\lib\src\box\box.dart,C:\Users\itsam\AppData\Local\Pub\Cache\hosted\pub.dev\hive-2.2.3\lib\src\box\box_base.dart,C:\Users\itsam\AppData\Local\Pub\Cache\hosted\pub.dev\hive-2.2.3\lib\src\box\lazy_box.dart,C:\Users\itsam\AppData\Local\Pub\Cache\hosted\pub.dev\hive-2.2.3\lib\src\crypto\hive_aes_cipher.dart,C:\Users\itsam\AppData\Local\Pub\Cache\hosted\pub.dev\hive-2.2.3\lib\src\crypto\hive_cipher.dart,C:\Users\itsam\AppData\Local\Pub\Cache\hosted\pub.dev\hive-2.2.3\lib\src\hive.dart,C:\Users\itsam\AppData\Local\Pub\Cache\hosted\pub.dev\hive-2.2.3\lib\src\hive_error.dart,C:\Users\itsam\AppData\Local\Pub\Cache\hosted\pub.dev\hive-2.2.3\lib\src\object\hive_collection.dart,C:\Users\itsam\AppData\Local\Pub\Cache\hosted\pub.dev\hive-2.2.3\lib\src\object\hive_list.dart,C:\Users\itsam\AppData\Local\Pub\Cache\hosted\pub.dev\hive-2.2.3\lib\src\object\hive_storage_backend_preference.dart,C:\Users\itsam\AppData\Local\Pub\Cache\hosted\pub.dev\hive-2.2.3\lib\src\registry\type_adapter.dart,C:\Users\itsam\AppData\Local\Pub\Cache\hosted\pub.dev\hive-2.2.3\lib\src\registry\type_registry.dart,C:\Users\itsam\AppData\Local\Pub\Cache\hosted\pub.dev\asn1lib-1.6.5\lib\src\asn1application.dart,C:\Users\itsam\AppData\Local\Pub\Cache\hosted\pub.dev\asn1lib-1.6.5\lib\src\asn1bitstring.dart,C:\Users\itsam\AppData\Local\Pub\Cache\hosted\pub.dev\asn1lib-1.6.5\lib\src\asn1bmpstring.dart,C:\Users\itsam\AppData\Local\Pub\Cache\hosted\pub.dev\asn1lib-1.6.5\lib\src\asn1boolean.dart,C:\Users\itsam\AppData\Local\Pub\Cache\hosted\pub.dev\asn1lib-1.6.5\lib\src\asn1constants.dart,C:\Users\itsam\AppData\Local\Pub\Cache\hosted\pub.dev\asn1lib-1.6.5\lib\src\asn1enumerated.dart,C:\Users\itsam\AppData\Local\Pub\Cache\hosted\pub.dev\asn1lib-1.6.5\lib\src\asn1exception.dart,C:\Users\itsam\AppData\Local\Pub\Cache\hosted\pub.dev\asn1lib-1.6.5\lib\src\asn1generalizedtime.dart,C:\Users\itsam\AppData\Local\Pub\Cache\hosted\pub.dev\asn1lib-1.6.5\lib\src\asn1ia5string.dart,C:\Users\itsam\AppData\Local\Pub\Cache\hosted\pub.dev\asn1lib-1.6.5\lib\src\asn1integer.dart,C:\Users\itsam\AppData\Local\Pub\Cache\hosted\pub.dev\asn1lib-1.6.5\lib\src\asn1ipaddress.dart,C:\Users\itsam\AppData\Local\Pub\Cache\hosted\pub.dev\asn1lib-1.6.5\lib\src\asn1null.dart,C:\Users\itsam\AppData\Local\Pub\Cache\hosted\pub.dev\asn1lib-1.6.5\lib\src\asn1numericstring.dart,C:\Users\itsam\AppData\Local\Pub\Cache\hosted\pub.dev\asn1lib-1.6.5\lib\src\asn1object.dart,C:\Users\itsam\AppData\Local\Pub\Cache\hosted\pub.dev\asn1lib-1.6.5\lib\src\asn1objectidentifier.dart,C:\Users\itsam\AppData\Local\Pub\Cache\hosted\pub.dev\asn1lib-1.6.5\lib\src\asn1octetstring.dart,C:\Users\itsam\AppData\Local\Pub\Cache\hosted\pub.dev\asn1lib-1.6.5\lib\src\asn1parser.dart,C:\Users\itsam\AppData\Local\Pub\Cache\hosted\pub.dev\asn1lib-1.6.5\lib\src\asn1printablestring.dart,C:\Users\itsam\AppData\Local\Pub\Cache\hosted\pub.dev\asn1lib-1.6.5\lib\src\asn1sequence.dart,C:\Users\itsam\AppData\Local\Pub\Cache\hosted\pub.dev\asn1lib-1.6.5\lib\src\asn1set.dart,C:\Users\itsam\AppData\Local\Pub\Cache\hosted\pub.dev\asn1lib-1.6.5\lib\src\asn1teletextstring.dart,C:\Users\itsam\AppData\Local\Pub\Cache\hosted\pub.dev\asn1lib-1.6.5\lib\src\asn1utctime.dart,C:\Users\itsam\AppData\Local\Pub\Cache\hosted\pub.dev\asn1lib-1.6.5\lib\src\asn1utf8string.dart,C:\Users\itsam\AppData\Local\Pub\Cache\hosted\pub.dev\asn1lib-1.6.5\lib\src\asn1util.dart,C:\Users\itsam\AppData\Local\Pub\Cache\hosted\pub.dev\clock-1.1.2\lib\src\default.dart,C:\Users\itsam\AppData\Local\Pub\Cache\hosted\pub.dev\clock-1.1.2\lib\src\clock.dart,C:\Users\itsam\AppData\Local\Pub\Cache\hosted\pub.dev\pointycastle-3.9.1\lib\api.dart,C:\Users\itsam\AppData\Local\Pub\Cache\hosted\pub.dev\pointycastle-3.9.1\lib\impl.dart,C:\Users\itsam\AppData\Local\Pub\Cache\hosted\pub.dev\pointycastle-3.9.1\lib\adapters\stream_cipher_as_block_cipher.dart,C:\Users\itsam\AppData\Local\Pub\Cache\hosted\pub.dev\pointycastle-3.9.1\lib\asymmetric\pkcs1.dart,C:\Users\itsam\AppData\Local\Pub\Cache\hosted\pub.dev\pointycastle-3.9.1\lib\asymmetric\rsa.dart,C:\Users\itsam\AppData\Local\Pub\Cache\hosted\pub.dev\pointycastle-3.9.1\lib\asymmetric\oaep.dart,C:\Users\itsam\AppData\Local\Pub\Cache\hosted\pub.dev\pointycastle-3.9.1\lib\block\aes_fast.dart,C:\Users\itsam\AppData\Local\Pub\Cache\hosted\pub.dev\pointycastle-3.9.1\lib\block\aes.dart,C:\Users\itsam\AppData\Local\Pub\Cache\hosted\pub.dev\pointycastle-3.9.1\lib\block\desede_engine.dart,C:\Users\itsam\AppData\Local\Pub\Cache\hosted\pub.dev\pointycastle-3.9.1\lib\block\rc2_engine.dart,C:\Users\itsam\AppData\Local\Pub\Cache\hosted\pub.dev\pointycastle-3.9.1\lib\block\modes\cbc.dart,C:\Users\itsam\AppData\Local\Pub\Cache\hosted\pub.dev\pointycastle-3.9.1\lib\block\modes\cfb.dart,C:\Users\itsam\AppData\Local\Pub\Cache\hosted\pub.dev\pointycastle-3.9.1\lib\block\modes\ctr.dart,C:\Users\itsam\AppData\Local\Pub\Cache\hosted\pub.dev\pointycastle-3.9.1\lib\block\modes\ecb.dart,C:\Users\itsam\AppData\Local\Pub\Cache\hosted\pub.dev\pointycastle-3.9.1\lib\block\modes\gctr.dart,C:\Users\itsam\AppData\Local\Pub\Cache\hosted\pub.dev\pointycastle-3.9.1\lib\block\modes\ofb.dart,C:\Users\itsam\AppData\Local\Pub\Cache\hosted\pub.dev\pointycastle-3.9.1\lib\block\modes\gcm.dart,C:\Users\itsam\AppData\Local\Pub\Cache\hosted\pub.dev\pointycastle-3.9.1\lib\block\modes\ccm.dart,C:\Users\itsam\AppData\Local\Pub\Cache\hosted\pub.dev\pointycastle-3.9.1\lib\block\modes\sic.dart,C:\Users\itsam\AppData\Local\Pub\Cache\hosted\pub.dev\pointycastle-3.9.1\lib\block\modes\ige.dart,C:\Users\itsam\AppData\Local\Pub\Cache\hosted\pub.dev\pointycastle-3.9.1\lib\digests\blake2b.dart,C:\Users\itsam\AppData\Local\Pub\Cache\hosted\pub.dev\pointycastle-3.9.1\lib\digests\keccak.dart,C:\Users\itsam\AppData\Local\Pub\Cache\hosted\pub.dev\pointycastle-3.9.1\lib\digests\sha3.dart,C:\Users\itsam\AppData\Local\Pub\Cache\hosted\pub.dev\pointycastle-3.9.1\lib\digests\shake.dart,C:\Users\itsam\AppData\Local\Pub\Cache\hosted\pub.dev\pointycastle-3.9.1\lib\digests\cshake.dart,C:\Users\itsam\AppData\Local\Pub\Cache\hosted\pub.dev\pointycastle-3.9.1\lib\digests\md2.dart,C:\Users\itsam\AppData\Local\Pub\Cache\hosted\pub.dev\pointycastle-3.9.1\lib\digests\md4.dart,C:\Users\itsam\AppData\Local\Pub\Cache\hosted\pub.dev\pointycastle-3.9.1\lib\digests\md5.dart,C:\Users\itsam\AppData\Local\Pub\Cache\hosted\pub.dev\pointycastle-3.9.1\lib\digests\ripemd128.dart,C:\Users\itsam\AppData\Local\Pub\Cache\hosted\pub.dev\pointycastle-3.9.1\lib\digests\ripemd160.dart,C:\Users\itsam\AppData\Local\Pub\Cache\hosted\pub.dev\pointycastle-3.9.1\lib\digests\ripemd256.dart,C:\Users\itsam\AppData\Local\Pub\Cache\hosted\pub.dev\pointycastle-3.9.1\lib\digests\ripemd320.dart,C:\Users\itsam\AppData\Local\Pub\Cache\hosted\pub.dev\pointycastle-3.9.1\lib\digests\sha1.dart,C:\Users\itsam\AppData\Local\Pub\Cache\hosted\pub.dev\pointycastle-3.9.1\lib\digests\sha224.dart,C:\Users\itsam\AppData\Local\Pub\Cache\hosted\pub.dev\pointycastle-3.9.1\lib\digests\sha256.dart,C:\Users\itsam\AppData\Local\Pub\Cache\hosted\pub.dev\pointycastle-3.9.1\lib\digests\sha384.dart,C:\Users\itsam\AppData\Local\Pub\Cache\hosted\pub.dev\pointycastle-3.9.1\lib\digests\sha512.dart,C:\Users\itsam\AppData\Local\Pub\Cache\hosted\pub.dev\pointycastle-3.9.1\lib\digests\sha512t.dart,C:\Users\itsam\AppData\Local\Pub\Cache\hosted\pub.dev\pointycastle-3.9.1\lib\digests\tiger.dart,C:\Users\itsam\AppData\Local\Pub\Cache\hosted\pub.dev\pointycastle-3.9.1\lib\digests\whirlpool.dart,C:\Users\itsam\AppData\Local\Pub\Cache\hosted\pub.dev\pointycastle-3.9.1\lib\digests\sm3.dart,C:\Users\itsam\AppData\Local\Pub\Cache\hosted\pub.dev\pointycastle-3.9.1\lib\ecc\api.dart,C:\Users\itsam\AppData\Local\Pub\Cache\hosted\pub.dev\pointycastle-3.9.1\lib\ecc\ecc_base.dart,C:\Users\itsam\AppData\Local\Pub\Cache\hosted\pub.dev\pointycastle-3.9.1\lib\key_derivators\api.dart,C:\Users\itsam\AppData\Local\Pub\Cache\hosted\pub.dev\pointycastle-3.9.1\lib\key_derivators\hkdf.dart,C:\Users\itsam\AppData\Local\Pub\Cache\hosted\pub.dev\pointycastle-3.9.1\lib\key_derivators\pbkdf2.dart,C:\Users\itsam\AppData\Local\Pub\Cache\hosted\pub.dev\pointycastle-3.9.1\lib\key_derivators\scrypt.dart,C:\Users\itsam\AppData\Local\Pub\Cache\hosted\pub.dev\pointycastle-3.9.1\lib\key_derivators\argon2.dart,C:\Users\itsam\AppData\Local\Pub\Cache\hosted\pub.dev\pointycastle-3.9.1\lib\key_derivators\pkcs12_parameter_generator.dart,C:\Users\itsam\AppData\Local\Pub\Cache\hosted\pub.dev\pointycastle-3.9.1\lib\key_derivators\pkcs5s1_parameter_generator.dart,C:\Users\itsam\AppData\Local\Pub\Cache\hosted\pub.dev\pointycastle-3.9.1\lib\key_generators\api.dart,C:\Users\itsam\AppData\Local\Pub\Cache\hosted\pub.dev\pointycastle-3.9.1\lib\key_generators\ec_key_generator.dart,C:\Users\itsam\AppData\Local\Pub\Cache\hosted\pub.dev\pointycastle-3.9.1\lib\key_generators\rsa_key_generator.dart,C:\Users\itsam\AppData\Local\Pub\Cache\hosted\pub.dev\pointycastle-3.9.1\lib\macs\hmac.dart,C:\Users\itsam\AppData\Local\Pub\Cache\hosted\pub.dev\pointycastle-3.9.1\lib\macs\cmac.dart,C:\Users\itsam\AppData\Local\Pub\Cache\hosted\pub.dev\pointycastle-3.9.1\lib\macs\poly1305.dart,C:\Users\itsam\AppData\Local\Pub\Cache\hosted\pub.dev\pointycastle-3.9.1\lib\macs\cbc_block_cipher_mac.dart,C:\Users\itsam\AppData\Local\Pub\Cache\hosted\pub.dev\pointycastle-3.9.1\lib\padded_block_cipher\padded_block_cipher_impl.dart,C:\Users\itsam\AppData\Local\Pub\Cache\hosted\pub.dev\pointycastle-3.9.1\lib\paddings\pkcs7.dart,C:\Users\itsam\AppData\Local\Pub\Cache\hosted\pub.dev\pointycastle-3.9.1\lib\paddings\iso7816d4.dart,C:\Users\itsam\AppData\Local\Pub\Cache\hosted\pub.dev\pointycastle-3.9.1\lib\random\auto_seed_block_ctr_random.dart,C:\Users\itsam\AppData\Local\Pub\Cache\hosted\pub.dev\pointycastle-3.9.1\lib\random\block_ctr_random.dart,C:\Users\itsam\AppData\Local\Pub\Cache\hosted\pub.dev\pointycastle-3.9.1\lib\random\fortuna_random.dart,C:\Users\itsam\AppData\Local\Pub\Cache\hosted\pub.dev\pointycastle-3.9.1\lib\signers\ecdsa_signer.dart,C:\Users\itsam\AppData\Local\Pub\Cache\hosted\pub.dev\pointycastle-3.9.1\lib\signers\rsa_signer.dart,C:\Users\itsam\AppData\Local\Pub\Cache\hosted\pub.dev\pointycastle-3.9.1\lib\signers\pss_signer.dart,C:\Users\itsam\AppData\Local\Pub\Cache\hosted\pub.dev\pointycastle-3.9.1\lib\stream\ctr.dart,C:\Users\itsam\AppData\Local\Pub\Cache\hosted\pub.dev\pointycastle-3.9.1\lib\stream\salsa20.dart,C:\Users\itsam\AppData\Local\Pub\Cache\hosted\pub.dev\pointycastle-3.9.1\lib\stream\chacha20.dart,C:\Users\itsam\AppData\Local\Pub\Cache\hosted\pub.dev\pointycastle-3.9.1\lib\stream\chacha7539.dart,C:\Users\itsam\AppData\Local\Pub\Cache\hosted\pub.dev\pointycastle-3.9.1\lib\stream\chacha20poly1305.dart,C:\Users\itsam\AppData\Local\Pub\Cache\hosted\pub.dev\pointycastle-3.9.1\lib\stream\sic.dart,C:\Users\itsam\AppData\Local\Pub\Cache\hosted\pub.dev\pointycastle-3.9.1\lib\stream\eax.dart,C:\Users\itsam\AppData\Local\Pub\Cache\hosted\pub.dev\pointycastle-3.9.1\lib\stream\rc4_engine.dart,C:\Users\itsam\AppData\Local\Pub\Cache\hosted\pub.dev\pointycastle-3.9.1\lib\ecc\curves\brainpoolp160r1.dart,C:\Users\itsam\AppData\Local\Pub\Cache\hosted\pub.dev\pointycastle-3.9.1\lib\ecc\curves\brainpoolp160t1.dart,C:\Users\itsam\AppData\Local\Pub\Cache\hosted\pub.dev\pointycastle-3.9.1\lib\ecc\curves\brainpoolp192r1.dart,C:\Users\itsam\AppData\Local\Pub\Cache\hosted\pub.dev\pointycastle-3.9.1\lib\ecc\curves\brainpoolp192t1.dart,C:\Users\itsam\AppData\Local\Pub\Cache\hosted\pub.dev\pointycastle-3.9.1\lib\ecc\curves\brainpoolp224r1.dart,C:\Users\itsam\AppData\Local\Pub\Cache\hosted\pub.dev\pointycastle-3.9.1\lib\ecc\curves\brainpoolp224t1.dart,C:\Users\itsam\AppData\Local\Pub\Cache\hosted\pub.dev\pointycastle-3.9.1\lib\ecc\curves\brainpoolp256r1.dart,C:\Users\itsam\AppData\Local\Pub\Cache\hosted\pub.dev\pointycastle-3.9.1\lib\ecc\curves\brainpoolp256t1.dart,C:\Users\itsam\AppData\Local\Pub\Cache\hosted\pub.dev\pointycastle-3.9.1\lib\ecc\curves\brainpoolp320r1.dart,C:\Users\itsam\AppData\Local\Pub\Cache\hosted\pub.dev\pointycastle-3.9.1\lib\ecc\curves\brainpoolp320t1.dart,C:\Users\itsam\AppData\Local\Pub\Cache\hosted\pub.dev\pointycastle-3.9.1\lib\ecc\curves\brainpoolp384r1.dart,C:\Users\itsam\AppData\Local\Pub\Cache\hosted\pub.dev\pointycastle-3.9.1\lib\ecc\curves\brainpoolp384t1.dart,C:\Users\itsam\AppData\Local\Pub\Cache\hosted\pub.dev\pointycastle-3.9.1\lib\ecc\curves\brainpoolp512r1.dart,C:\Users\itsam\AppData\Local\Pub\Cache\hosted\pub.dev\pointycastle-3.9.1\lib\ecc\curves\brainpoolp512t1.dart,C:\Users\itsam\AppData\Local\Pub\Cache\hosted\pub.dev\pointycastle-3.9.1\lib\ecc\curves\gostr3410_2001_cryptopro_a.dart,C:\Users\itsam\AppData\Local\Pub\Cache\hosted\pub.dev\pointycastle-3.9.1\lib\ecc\curves\gostr3410_2001_cryptopro_b.dart,C:\Users\itsam\AppData\Local\Pub\Cache\hosted\pub.dev\pointycastle-3.9.1\lib\ecc\curves\gostr3410_2001_cryptopro_c.dart,C:\Users\itsam\AppData\Local\Pub\Cache\hosted\pub.dev\pointycastle-3.9.1\lib\ecc\curves\gostr3410_2001_cryptopro_xcha.dart,C:\Users\itsam\AppData\Local\Pub\Cache\hosted\pub.dev\pointycastle-3.9.1\lib\ecc\curves\gostr3410_2001_cryptopro_xchb.dart,C:\Users\itsam\AppData\Local\Pub\Cache\hosted\pub.dev\pointycastle-3.9.1\lib\ecc\curves\prime192v1.dart,C:\Users\itsam\AppData\Local\Pub\Cache\hosted\pub.dev\pointycastle-3.9.1\lib\ecc\curves\prime192v2.dart,C:\Users\itsam\AppData\Local\Pub\Cache\hosted\pub.dev\pointycastle-3.9.1\lib\ecc\curves\prime192v3.dart,C:\Users\itsam\AppData\Local\Pub\Cache\hosted\pub.dev\pointycastle-3.9.1\lib\ecc\curves\prime239v1.dart,C:\Users\itsam\AppData\Local\Pub\Cache\hosted\pub.dev\pointycastle-3.9.1\lib\ecc\curves\prime239v2.dart,C:\Users\itsam\AppData\Local\Pub\Cache\hosted\pub.dev\pointycastle-3.9.1\lib\ecc\curves\prime239v3.dart,C:\Users\itsam\AppData\Local\Pub\Cache\hosted\pub.dev\pointycastle-3.9.1\lib\ecc\curves\prime256v1.dart,C:\Users\itsam\AppData\Local\Pub\Cache\hosted\pub.dev\pointycastle-3.9.1\lib\ecc\curves\secp112r1.dart,C:\Users\itsam\AppData\Local\Pub\Cache\hosted\pub.dev\pointycastle-3.9.1\lib\ecc\curves\secp112r2.dart,C:\Users\itsam\AppData\Local\Pub\Cache\hosted\pub.dev\pointycastle-3.9.1\lib\ecc\curves\secp128r1.dart,C:\Users\itsam\AppData\Local\Pub\Cache\hosted\pub.dev\pointycastle-3.9.1\lib\ecc\curves\secp128r2.dart,C:\Users\itsam\AppData\Local\Pub\Cache\hosted\pub.dev\pointycastle-3.9.1\lib\ecc\curves\secp160k1.dart,C:\Users\itsam\AppData\Local\Pub\Cache\hosted\pub.dev\pointycastle-3.9.1\lib\ecc\curves\secp160r1.dart,C:\Users\itsam\AppData\Local\Pub\Cache\hosted\pub.dev\pointycastle-3.9.1\lib\ecc\curves\secp160r2.dart,C:\Users\itsam\AppData\Local\Pub\Cache\hosted\pub.dev\pointycastle-3.9.1\lib\ecc\curves\secp192k1.dart,C:\Users\itsam\AppData\Local\Pub\Cache\hosted\pub.dev\pointycastle-3.9.1\lib\ecc\curves\secp192r1.dart,C:\Users\itsam\AppData\Local\Pub\Cache\hosted\pub.dev\pointycastle-3.9.1\lib\ecc\curves\secp224k1.dart,C:\Users\itsam\AppData\Local\Pub\Cache\hosted\pub.dev\pointycastle-3.9.1\lib\ecc\curves\secp224r1.dart,C:\Users\itsam\AppData\Local\Pub\Cache\hosted\pub.dev\pointycastle-3.9.1\lib\ecc\curves\secp256k1.dart,C:\Users\itsam\AppData\Local\Pub\Cache\hosted\pub.dev\pointycastle-3.9.1\lib\ecc\curves\secp256r1.dart,C:\Users\itsam\AppData\Local\Pub\Cache\hosted\pub.dev\pointycastle-3.9.1\lib\ecc\curves\secp384r1.dart,C:\Users\itsam\AppData\Local\Pub\Cache\hosted\pub.dev\pointycastle-3.9.1\lib\ecc\curves\secp521r1.dart,C:\Users\itsam\AppData\Local\Pub\Cache\hosted\pub.dev\google_fonts-8.0.1\lib\src\google_fonts_base.dart,C:\Users\itsam\AppData\Local\Pub\Cache\hosted\pub.dev\google_fonts-8.0.1\lib\src\google_fonts_parts\part_a.dart,C:\Users\itsam\AppData\Local\Pub\Cache\hosted\pub.dev\google_fonts-8.0.1\lib\src\google_fonts_parts\part_b.dart,C:\Users\itsam\AppData\Local\Pub\Cache\hosted\pub.dev\google_fonts-8.0.1\lib\src\google_fonts_parts\part_c.dart,C:\Users\itsam\AppData\Local\Pub\Cache\hosted\pub.dev\google_fonts-8.0.1\lib\src\google_fonts_parts\part_d.dart,C:\Users\itsam\AppData\Local\Pub\Cache\hosted\pub.dev\google_fonts-8.0.1\lib\src\google_fonts_parts\part_e.dart,C:\Users\itsam\AppData\Local\Pub\Cache\hosted\pub.dev\google_fonts-8.0.1\lib\src\google_fonts_parts\part_f.dart,C:\Users\itsam\AppData\Local\Pub\Cache\hosted\pub.dev\google_fonts-8.0.1\lib\src\google_fonts_parts\part_g.dart,C:\Users\itsam\AppData\Local\Pub\Cache\hosted\pub.dev\google_fonts-8.0.1\lib\src\google_fonts_parts\part_h.dart,C:\Users\itsam\AppData\Local\Pub\Cache\hosted\pub.dev\google_fonts-8.0.1\lib\src\google_fonts_parts\part_i.dart,C:\Users\itsam\AppData\Local\Pub\Cache\hosted\pub.dev\google_fonts-8.0.1\lib\src\google_fonts_parts\part_j.dart,C:\Users\itsam\AppData\Local\Pub\Cache\hosted\pub.dev\google_fonts-8.0.1\lib\src\google_fonts_parts\part_k.dart,C:\Users\itsam\AppData\Local\Pub\Cache\hosted\pub.dev\google_fonts-8.0.1\lib\src\google_fonts_parts\part_l.dart,C:\Users\itsam\AppData\Local\Pub\Cache\hosted\pub.dev\google_fonts-8.0.1\lib\src\google_fonts_parts\part_m.dart,C:\Users\itsam\AppData\Local\Pub\Cache\hosted\pub.dev\google_fonts-8.0.1\lib\src\google_fonts_parts\part_n.dart,C:\Users\itsam\AppData\Local\Pub\Cache\hosted\pub.dev\google_fonts-8.0.1\lib\src\google_fonts_parts\part_o.dart,C:\Users\itsam\AppData\Local\Pub\Cache\hosted\pub.dev\google_fonts-8.0.1\lib\src\google_fonts_parts\part_p.dart,C:\Users\itsam\AppData\Local\Pub\Cache\hosted\pub.dev\google_fonts-8.0.1\lib\src\google_fonts_parts\part_q.dart,C:\Users\itsam\AppData\Local\Pub\Cache\hosted\pub.dev\google_fonts-8.0.1\lib\src\google_fonts_parts\part_r.dart,C:\Users\itsam\AppData\Local\Pub\Cache\hosted\pub.dev\google_fonts-8.0.1\lib\src\google_fonts_parts\part_s.dart,C:\Users\itsam\AppData\Local\Pub\Cache\hosted\pub.dev\google_fonts-8.0.1\lib\src\google_fonts_parts\part_t.dart,C:\Users\itsam\AppData\Local\Pub\Cache\hosted\pub.dev\google_fonts-8.0.1\lib\src\google_fonts_parts\part_u.dart,C:\Users\itsam\AppData\Local\Pub\Cache\hosted\pub.dev\google_fonts-8.0.1\lib\src\google_fonts_parts\part_v.dart,C:\Users\itsam\AppData\Local\Pub\Cache\hosted\pub.dev\google_fonts-8.0.1\lib\src\google_fonts_parts\part_w.dart,C:\Users\itsam\AppData\Local\Pub\Cache\hosted\pub.dev\google_fonts-8.0.1\lib\src\google_fonts_parts\part_x.dart,C:\Users\itsam\AppData\Local\Pub\Cache\hosted\pub.dev\google_fonts-8.0.1\lib\src\google_fonts_parts\part_y.dart,C:\Users\itsam\AppData\Local\Pub\Cache\hosted\pub.dev\google_fonts-8.0.1\lib\src\google_fonts_parts\part_z.dart,C:\Users\itsam\AppData\Local\Pub\Cache\hosted\pub.dev\cross_file-0.3.5+2\lib\src\x_file.dart,C:\Users\itsam\AppData\Local\Pub\Cache\hosted\pub.dev\dbus-0.7.12\lib\src\dbus_address.dart,C:\Users\itsam\AppData\Local\Pub\Cache\hosted\pub.dev\dbus-0.7.12\lib\src\dbus_auth_client.dart,C:\Users\itsam\AppData\Local\Pub\Cache\hosted\pub.dev\dbus-0.7.12\lib\src\dbus_client.dart,C:\Users\itsam\AppData\Local\Pub\Cache\hosted\pub.dev\dbus-0.7.12\lib\src\dbus_introspect.dart,C:\Users\itsam\AppData\Local\Pub\Cache\hosted\pub.dev\dbus-0.7.12\lib\src\dbus_method_call.dart,C:\Users\itsam\AppData\Local\Pub\Cache\hosted\pub.dev\dbus-0.7.12\lib\src\dbus_method_response.dart,C:\Users\itsam\AppData\Local\Pub\Cache\hosted\pub.dev\dbus-0.7.12\lib\src\dbus_object.dart,C:\Users\itsam\AppData\Local\Pub\Cache\hosted\pub.dev\dbus-0.7.12\lib\src\dbus_remote_object.dart,C:\Users\itsam\AppData\Local\Pub\Cache\hosted\pub.dev\dbus-0.7.12\lib\src\dbus_remote_object_manager.dart,C:\Users\itsam\AppData\Local\Pub\Cache\hosted\pub.dev\dbus-0.7.12\lib\src\dbus_server.dart,C:\Users\itsam\AppData\Local\Pub\Cache\hosted\pub.dev\dbus-0.7.12\lib\src\dbus_signal.dart,C:\Users\itsam\AppData\Local\Pub\Cache\hosted\pub.dev\dbus-0.7.12\lib\src\dbus_value.dart,C:\Users\itsam\AppData\Local\Pub\Cache\hosted\pub.dev\ffi-2.1.5\lib\src\allocation.dart,C:\Users\itsam\AppData\Local\Pub\Cache\hosted\pub.dev\ffi-2.1.5\lib\src\arena.dart,C:\Users\itsam\AppData\Local\Pub\Cache\hosted\pub.dev\ffi-2.1.5\lib\src\utf16.dart,C:\Users\itsam\AppData\Local\Pub\Cache\hosted\pub.dev\ffi-2.1.5\lib\src\utf8.dart,C:\Users\itsam\AppData\Local\Pub\Cache\hosted\pub.dev\win32-5.15.0\lib\src\bstr.dart,C:\Users\itsam\AppData\Local\Pub\Cache\hosted\pub.dev\win32-5.15.0\lib\src\callbacks.dart,C:\Users\itsam\AppData\Local\Pub\Cache\hosted\pub.dev\win32-5.15.0\lib\src\constants.dart,C:\Users\itsam\AppData\Local\Pub\Cache\hosted\pub.dev\win32-5.15.0\lib\src\constants_metadata.dart,C:\Users\itsam\AppData\Local\Pub\Cache\hosted\pub.dev\win32-5.15.0\lib\src\constants_nodoc.dart,C:\Users\itsam\AppData\Local\Pub\Cache\hosted\pub.dev\win32-5.15.0\lib\src\dispatcher.dart,C:\Users\itsam\AppData\Local\Pub\Cache\hosted\pub.dev\win32-5.15.0\lib\src\enums.dart,C:\Users\itsam\AppData\Local\Pub\Cache\hosted\pub.dev\win32-5.15.0\lib\src\enums.g.dart,C:\Users\itsam\AppData\Local\Pub\Cache\hosted\pub.dev\win32-5.15.0\lib\src\exceptions.dart,C:\Users\itsam\AppData\Local\Pub\Cache\hosted\pub.dev\win32-5.15.0\lib\src\functions.dart,C:\Users\itsam\AppData\Local\Pub\Cache\hosted\pub.dev\win32-5.15.0\lib\src\guid.dart,C:\Users\itsam\AppData\Local\Pub\Cache\hosted\pub.dev\win32-5.15.0\lib\src\inline.dart,C:\Users\itsam\AppData\Local\Pub\Cache\hosted\pub.dev\win32-5.15.0\lib\src\macros.dart,C:\Users\itsam\AppData\Local\Pub\Cache\hosted\pub.dev\win32-5.15.0\lib\src\propertykey.dart,C:\Users\itsam\AppData\Local\Pub\Cache\hosted\pub.dev\win32-5.15.0\lib\src\structs.dart,C:\Users\itsam\AppData\Local\Pub\Cache\hosted\pub.dev\win32-5.15.0\lib\src\structs.g.dart,C:\Users\itsam\AppData\Local\Pub\Cache\hosted\pub.dev\win32-5.15.0\lib\src\types.dart,C:\Users\itsam\AppData\Local\Pub\Cache\hosted\pub.dev\win32-5.15.0\lib\src\utils.dart,C:\Users\itsam\AppData\Local\Pub\Cache\hosted\pub.dev\win32-5.15.0\lib\src\variant.dart,C:\Users\itsam\AppData\Local\Pub\Cache\hosted\pub.dev\win32-5.15.0\lib\src\winmd_constants.dart,C:\Users\itsam\AppData\Local\Pub\Cache\hosted\pub.dev\win32-5.15.0\lib\src\winrt_helpers.dart,C:\Users\itsam\AppData\Local\Pub\Cache\hosted\pub.dev\win32-5.15.0\lib\src\extensions\dialogs.dart,C:\Users\itsam\AppData\Local\Pub\Cache\hosted\pub.dev\win32-5.15.0\lib\src\extensions\filetime.dart,C:\Users\itsam\AppData\Local\Pub\Cache\hosted\pub.dev\win32-5.15.0\lib\src\extensions\int_to_hexstring.dart,C:\Users\itsam\AppData\Local\Pub\Cache\hosted\pub.dev\win32-5.15.0\lib\src\extensions\list_to_blob.dart,C:\Users\itsam\AppData\Local\Pub\Cache\hosted\pub.dev\win32-5.15.0\lib\src\extensions\set_ansi.dart,C:\Users\itsam\AppData\Local\Pub\Cache\hosted\pub.dev\win32-5.15.0\lib\src\extensions\set_string.dart,C:\Users\itsam\AppData\Local\Pub\Cache\hosted\pub.dev\win32-5.15.0\lib\src\extensions\set_string_array.dart,C:\Users\itsam\AppData\Local\Pub\Cache\hosted\pub.dev\win32-5.15.0\lib\src\extensions\unpack_utf16.dart,C:\Users\itsam\AppData\Local\Pub\Cache\hosted\pub.dev\win32-5.15.0\lib\src\win32\advapi32.g.dart,C:\Users\itsam\AppData\Local\Pub\Cache\hosted\pub.dev\win32-5.15.0\lib\src\win32\bluetoothapis.g.dart,C:\Users\itsam\AppData\Local\Pub\Cache\hosted\pub.dev\win32-5.15.0\lib\src\win32\bthprops.g.dart,C:\Users\itsam\AppData\Local\Pub\Cache\hosted\pub.dev\win32-5.15.0\lib\src\win32\comctl32.g.dart,C:\Users\itsam\AppData\Local\Pub\Cache\hosted\pub.dev\win32-5.15.0\lib\src\win32\comdlg32.g.dart,C:\Users\itsam\AppData\Local\Pub\Cache\hosted\pub.dev\win32-5.15.0\lib\src\win32\crypt32.g.dart,C:\Users\itsam\AppData\Local\Pub\Cache\hosted\pub.dev\win32-5.15.0\lib\src\win32\dbghelp.g.dart,C:\Users\itsam\AppData\Local\Pub\Cache\hosted\pub.dev\win32-5.15.0\lib\src\win32\dwmapi.g.dart,C:\Users\itsam\AppData\Local\Pub\Cache\hosted\pub.dev\win32-5.15.0\lib\src\win32\dxva2.g.dart,C:\Users\itsam\AppData\Local\Pub\Cache\hosted\pub.dev\win32-5.15.0\lib\src\win32\gdi32.g.dart,C:\Users\itsam\AppData\Local\Pub\Cache\hosted\pub.dev\win32-5.15.0\lib\src\win32\iphlpapi.g.dart,C:\Users\itsam\AppData\Local\Pub\Cache\hosted\pub.dev\win32-5.15.0\lib\src\win32\kernel32.g.dart,C:\Users\itsam\AppData\Local\Pub\Cache\hosted\pub.dev\win32-5.15.0\lib\src\win32\magnification.g.dart,C:\Users\itsam\AppData\Local\Pub\Cache\hosted\pub.dev\win32-5.15.0\lib\src\win32\netapi32.g.dart,C:\Users\itsam\AppData\Local\Pub\Cache\hosted\pub.dev\win32-5.15.0\lib\src\win32\ntdll.g.dart,C:\Users\itsam\AppData\Local\Pub\Cache\hosted\pub.dev\win32-5.15.0\lib\src\win32\ole32.g.dart,C:\Users\itsam\AppData\Local\Pub\Cache\hosted\pub.dev\win32-5.15.0\lib\src\win32\oleaut32.g.dart,C:\Users\itsam\AppData\Local\Pub\Cache\hosted\pub.dev\win32-5.15.0\lib\src\win32\powrprof.g.dart,C:\Users\itsam\AppData\Local\Pub\Cache\hosted\pub.dev\win32-5.15.0\lib\src\win32\propsys.g.dart,C:\Users\itsam\AppData\Local\Pub\Cache\hosted\pub.dev\win32-5.15.0\lib\src\win32\rometadata.g.dart,C:\Users\itsam\AppData\Local\Pub\Cache\hosted\pub.dev\win32-5.15.0\lib\src\win32\scarddlg.g.dart,C:\Users\itsam\AppData\Local\Pub\Cache\hosted\pub.dev\win32-5.15.0\lib\src\win32\setupapi.g.dart,C:\Users\itsam\AppData\Local\Pub\Cache\hosted\pub.dev\win32-5.15.0\lib\src\win32\shell32.g.dart,C:\Users\itsam\AppData\Local\Pub\Cache\hosted\pub.dev\win32-5.15.0\lib\src\win32\shlwapi.g.dart,C:\Users\itsam\AppData\Local\Pub\Cache\hosted\pub.dev\win32-5.15.0\lib\src\win32\user32.g.dart,C:\Users\itsam\AppData\Local\Pub\Cache\hosted\pub.dev\win32-5.15.0\lib\src\win32\uxtheme.g.dart,C:\Users\itsam\AppData\Local\Pub\Cache\hosted\pub.dev\win32-5.15.0\lib\src\win32\version.g.dart,C:\Users\itsam\AppData\Local\Pub\Cache\hosted\pub.dev\win32-5.15.0\lib\src\win32\wevtapi.g.dart,C:\Users\itsam\AppData\Local\Pub\Cache\hosted\pub.dev\win32-5.15.0\lib\src\win32\winmm.g.dart,C:\Users\itsam\AppData\Local\Pub\Cache\hosted\pub.dev\win32-5.15.0\lib\src\win32\winscard.g.dart,C:\Users\itsam\AppData\Local\Pub\Cache\hosted\pub.dev\win32-5.15.0\lib\src\win32\winspool.g.dart,C:\Users\itsam\AppData\Local\Pub\Cache\hosted\pub.dev\win32-5.15.0\lib\src\win32\wlanapi.g.dart,C:\Users\itsam\AppData\Local\Pub\Cache\hosted\pub.dev\win32-5.15.0\lib\src\win32\wtsapi32.g.dart,C:\Users\itsam\AppData\Local\Pub\Cache\hosted\pub.dev\win32-5.15.0\lib\src\win32\xinput1_4.g.dart,C:\Users\itsam\AppData\Local\Pub\Cache\hosted\pub.dev\win32-5.15.0\lib\src\win32\api_ms_win_core_apiquery_l2_1_0.g.dart,C:\Users\itsam\AppData\Local\Pub\Cache\hosted\pub.dev\win32-5.15.0\lib\src\win32\api_ms_win_core_comm_l1_1_1.g.dart,C:\Users\itsam\AppData\Local\Pub\Cache\hosted\pub.dev\win32-5.15.0\lib\src\win32\api_ms_win_core_comm_l1_1_2.g.dart,C:\Users\itsam\AppData\Local\Pub\Cache\hosted\pub.dev\win32-5.15.0\lib\src\win32\api_ms_win_core_handle_l1_1_0.g.dart,C:\Users\itsam\AppData\Local\Pub\Cache\hosted\pub.dev\win32-5.15.0\lib\src\win32\api_ms_win_core_path_l1_1_0.g.dart,C:\Users\itsam\AppData\Local\Pub\Cache\hosted\pub.dev\win32-5.15.0\lib\src\win32\api_ms_win_core_sysinfo_l1_2_3.g.dart,C:\Users\itsam\AppData\Local\Pub\Cache\hosted\pub.dev\win32-5.15.0\lib\src\win32\api_ms_win_core_winrt_l1_1_0.g.dart,C:\Users\itsam\AppData\Local\Pub\Cache\hosted\pub.dev\win32-5.15.0\lib\src\win32\api_ms_win_core_winrt_error_l1_1_0.g.dart,C:\Users\itsam\AppData\Local\Pub\Cache\hosted\pub.dev\win32-5.15.0\lib\src\win32\api_ms_win_core_winrt_string_l1_1_0.g.dart,C:\Users\itsam\AppData\Local\Pub\Cache\hosted\pub.dev\win32-5.15.0\lib\src\win32\api_ms_win_ro_typeresolution_l1_1_0.g.dart,C:\Users\itsam\AppData\Local\Pub\Cache\hosted\pub.dev\win32-5.15.0\lib\src\win32\api_ms_win_ro_typeresolution_l1_1_1.g.dart,C:\Users\itsam\AppData\Local\Pub\Cache\hosted\pub.dev\win32-5.15.0\lib\src\win32\api_ms_win_shcore_scaling_l1_1_1.g.dart,C:\Users\itsam\AppData\Local\Pub\Cache\hosted\pub.dev\win32-5.15.0\lib\src\win32\api_ms_win_wsl_api_l1_1_0.g.dart,C:\Users\itsam\AppData\Local\Pub\Cache\hosted\pub.dev\win32-5.15.0\lib\src\combase.dart,C:\Users\itsam\AppData\Local\Pub\Cache\hosted\pub.dev\win32-5.15.0\lib\src\com\iagileobject.dart,C:\Users\itsam\AppData\Local\Pub\Cache\hosted\pub.dev\win32-5.15.0\lib\src\com\iapplicationactivationmanager.dart,C:\Users\itsam\AppData\Local\Pub\Cache\hosted\pub.dev\win32-5.15.0\lib\src\com\iappxfactory.dart,C:\Users\itsam\AppData\Local\Pub\Cache\hosted\pub.dev\win32-5.15.0\lib\src\com\iappxfile.dart,C:\Users\itsam\AppData\Local\Pub\Cache\hosted\pub.dev\win32-5.15.0\lib\src\com\iappxfilesenumerator.dart,C:\Users\itsam\AppData\Local\Pub\Cache\hosted\pub.dev\win32-5.15.0\lib\src\com\iappxmanifestapplication.dart,C:\Users\itsam\AppData\Local\Pub\Cache\hosted\pub.dev\win32-5.15.0\lib\src\com\iappxmanifestapplicationsenumerator.dart,C:\Users\itsam\AppData\Local\Pub\Cache\hosted\pub.dev\win32-5.15.0\lib\src\com\iappxmanifestospackagedependency.dart,C:\Users\itsam\AppData\Local\Pub\Cache\hosted\pub.dev\win32-5.15.0\lib\src\com\iappxmanifestpackagedependenciesenumerator.dart,C:\Users\itsam\AppData\Local\Pub\Cache\hosted\pub.dev\win32-5.15.0\lib\src\com\iappxmanifestpackagedependency.dart,C:\Users\itsam\AppData\Local\Pub\Cache\hosted\pub.dev\win32-5.15.0\lib\src\com\iappxmanifestpackageid.dart,C:\Users\itsam\AppData\Local\Pub\Cache\hosted\pub.dev\win32-5.15.0\lib\src\com\iappxmanifestproperties.dart,C:\Users\itsam\AppData\Local\Pub\Cache\hosted\pub.dev\win32-5.15.0\lib\src\com\iappxmanifestreader.dart,C:\Users\itsam\AppData\Local\Pub\Cache\hosted\pub.dev\win32-5.15.0\lib\src\com\iappxmanifestreader2.dart,C:\Users\itsam\AppData\Local\Pub\Cache\hosted\pub.dev\win32-5.15.0\lib\src\com\iappxmanifestreader3.dart,C:\Users\itsam\AppData\Local\Pub\Cache\hosted\pub.dev\win32-5.15.0\lib\src\com\iappxmanifestreader4.dart,C:\Users\itsam\AppData\Local\Pub\Cache\hosted\pub.dev\win32-5.15.0\lib\src\com\iappxmanifestreader5.dart,C:\Users\itsam\AppData\Local\Pub\Cache\hosted\pub.dev\win32-5.15.0\lib\src\com\iappxmanifestreader6.dart,C:\Users\itsam\AppData\Local\Pub\Cache\hosted\pub.dev\win32-5.15.0\lib\src\com\iappxmanifestreader7.dart,C:\Users\itsam\AppData\Local\Pub\Cache\hosted\pub.dev\win32-5.15.0\lib\src\com\iappxpackagereader.dart,C:\Users\itsam\AppData\Local\Pub\Cache\hosted\pub.dev\win32-5.15.0\lib\src\com\iaudiocaptureclient.dart,C:\Users\itsam\AppData\Local\Pub\Cache\hosted\pub.dev\win32-5.15.0\lib\src\com\iaudioclient.dart,C:\Users\itsam\AppData\Local\Pub\Cache\hosted\pub.dev\win32-5.15.0\lib\src\com\iaudioclient2.dart,C:\Users\itsam\AppData\Local\Pub\Cache\hosted\pub.dev\win32-5.15.0\lib\src\com\iaudioclient3.dart,C:\Users\itsam\AppData\Local\Pub\Cache\hosted\pub.dev\win32-5.15.0\lib\src\com\iaudioclientduckingcontrol.dart,C:\Users\itsam\AppData\Local\Pub\Cache\hosted\pub.dev\win32-5.15.0\lib\src\com\iaudioclock.dart,C:\Users\itsam\AppData\Local\Pub\Cache\hosted\pub.dev\win32-5.15.0\lib\src\com\iaudioclock2.dart,C:\Users\itsam\AppData\Local\Pub\Cache\hosted\pub.dev\win32-5.15.0\lib\src\com\iaudioclockadjustment.dart,C:\Users\itsam\AppData\Local\Pub\Cache\hosted\pub.dev\win32-5.15.0\lib\src\com\iaudiorenderclient.dart,C:\Users\itsam\AppData\Local\Pub\Cache\hosted\pub.dev\win32-5.15.0\lib\src\com\iaudiosessioncontrol.dart,C:\Users\itsam\AppData\Local\Pub\Cache\hosted\pub.dev\win32-5.15.0\lib\src\com\iaudiosessioncontrol2.dart,C:\Users\itsam\AppData\Local\Pub\Cache\hosted\pub.dev\win32-5.15.0\lib\src\com\iaudiosessionenumerator.dart,C:\Users\itsam\AppData\Local\Pub\Cache\hosted\pub.dev\win32-5.15.0\lib\src\com\iaudiosessionmanager.dart,C:\Users\itsam\AppData\Local\Pub\Cache\hosted\pub.dev\win32-5.15.0\lib\src\com\iaudiosessionmanager2.dart,C:\Users\itsam\AppData\Local\Pub\Cache\hosted\pub.dev\win32-5.15.0\lib\src\com\iaudiostreamvolume.dart,C:\Users\itsam\AppData\Local\Pub\Cache\hosted\pub.dev\win32-5.15.0\lib\src\com\ibindctx.dart,C:\Users\itsam\AppData\Local\Pub\Cache\hosted\pub.dev\win32-5.15.0\lib\src\com\ichannelaudiovolume.dart,C:\Users\itsam\AppData\Local\Pub\Cache\hosted\pub.dev\win32-5.15.0\lib\src\com\iclassfactory.dart,C:\Users\itsam\AppData\Local\Pub\Cache\hosted\pub.dev\win32-5.15.0\lib\src\com\iconnectionpoint.dart,C:\Users\itsam\AppData\Local\Pub\Cache\hosted\pub.dev\win32-5.15.0\lib\src\com\iconnectionpointcontainer.dart,C:\Users\itsam\AppData\Local\Pub\Cache\hosted\pub.dev\win32-5.15.0\lib\src\com\idesktopwallpaper.dart,C:\Users\itsam\AppData\Local\Pub\Cache\hosted\pub.dev\win32-5.15.0\lib\src\com\idispatch.dart,C:\Users\itsam\AppData\Local\Pub\Cache\hosted\pub.dev\win32-5.15.0\lib\src\com\ienumidlist.dart,C:\Users\itsam\AppData\Local\Pub\Cache\hosted\pub.dev\win32-5.15.0\lib\src\com\ienummoniker.dart,C:\Users\itsam\AppData\Local\Pub\Cache\hosted\pub.dev\win32-5.15.0\lib\src\com\ienumnetworkconnections.dart,C:\Users\itsam\AppData\Local\Pub\Cache\hosted\pub.dev\win32-5.15.0\lib\src\com\ienumnetworks.dart,C:\Users\itsam\AppData\Local\Pub\Cache\hosted\pub.dev\win32-5.15.0\lib\src\com\ienumresources.dart,C:\Users\itsam\AppData\Local\Pub\Cache\hosted\pub.dev\win32-5.15.0\lib\src\com\ienumspellingerror.dart,C:\Users\itsam\AppData\Local\Pub\Cache\hosted\pub.dev\win32-5.15.0\lib\src\com\ienumstring.dart,C:\Users\itsam\AppData\Local\Pub\Cache\hosted\pub.dev\win32-5.15.0\lib\src\com\ienumvariant.dart,C:\Users\itsam\AppData\Local\Pub\Cache\hosted\pub.dev\win32-5.15.0\lib\src\com\ienumwbemclassobject.dart,C:\Users\itsam\AppData\Local\Pub\Cache\hosted\pub.dev\win32-5.15.0\lib\src\com\ierrorinfo.dart,C:\Users\itsam\AppData\Local\Pub\Cache\hosted\pub.dev\win32-5.15.0\lib\src\com\ifiledialog.dart,C:\Users\itsam\AppData\Local\Pub\Cache\hosted\pub.dev\win32-5.15.0\lib\src\com\ifiledialog2.dart,C:\Users\itsam\AppData\Local\Pub\Cache\hosted\pub.dev\win32-5.15.0\lib\src\com\ifiledialogcustomize.dart,C:\Users\itsam\AppData\Local\Pub\Cache\hosted\pub.dev\win32-5.15.0\lib\src\com\ifileisinuse.dart,C:\Users\itsam\AppData\Local\Pub\Cache\hosted\pub.dev\win32-5.15.0\lib\src\com\ifileopendialog.dart,C:\Users\itsam\AppData\Local\Pub\Cache\hosted\pub.dev\win32-5.15.0\lib\src\com\ifilesavedialog.dart,C:\Users\itsam\AppData\Local\Pub\Cache\hosted\pub.dev\win32-5.15.0\lib\src\com\iinitializewithwindow.dart,C:\Users\itsam\AppData\Local\Pub\Cache\hosted\pub.dev\win32-5.15.0\lib\src\com\iinspectable.dart,C:\Users\itsam\AppData\Local\Pub\Cache\hosted\pub.dev\win32-5.15.0\lib\src\com\iknownfolder.dart,C:\Users\itsam\AppData\Local\Pub\Cache\hosted\pub.dev\win32-5.15.0\lib\src\com\iknownfoldermanager.dart,C:\Users\itsam\AppData\Local\Pub\Cache\hosted\pub.dev\win32-5.15.0\lib\src\com\imetadataassemblyimport.dart,C:\Users\itsam\AppData\Local\Pub\Cache\hosted\pub.dev\win32-5.15.0\lib\src\com\imetadatadispenser.dart,C:\Users\itsam\AppData\Local\Pub\Cache\hosted\pub.dev\win32-5.15.0\lib\src\com\imetadatadispenserex.dart,C:\Users\itsam\AppData\Local\Pub\Cache\hosted\pub.dev\win32-5.15.0\lib\src\com\imetadataimport.dart,C:\Users\itsam\AppData\Local\Pub\Cache\hosted\pub.dev\win32-5.15.0\lib\src\com\imetadataimport2.dart,C:\Users\itsam\AppData\Local\Pub\Cache\hosted\pub.dev\win32-5.15.0\lib\src\com\imetadatatables.dart,C:\Users\itsam\AppData\Local\Pub\Cache\hosted\pub.dev\win32-5.15.0\lib\src\com\imetadatatables2.dart,C:\Users\itsam\AppData\Local\Pub\Cache\hosted\pub.dev\win32-5.15.0\lib\src\com\immdevice.dart,C:\Users\itsam\AppData\Local\Pub\Cache\hosted\pub.dev\win32-5.15.0\lib\src\com\immdevicecollection.dart,C:\Users\itsam\AppData\Local\Pub\Cache\hosted\pub.dev\win32-5.15.0\lib\src\com\immdeviceenumerator.dart,C:\Users\itsam\AppData\Local\Pub\Cache\hosted\pub.dev\win32-5.15.0\lib\src\com\immendpoint.dart,C:\Users\itsam\AppData\Local\Pub\Cache\hosted\pub.dev\win32-5.15.0\lib\src\com\immnotificationclient.dart,C:\Users\itsam\AppData\Local\Pub\Cache\hosted\pub.dev\win32-5.15.0\lib\src\com\imodalwindow.dart,C:\Users\itsam\AppData\Local\Pub\Cache\hosted\pub.dev\win32-5.15.0\lib\src\com\imoniker.dart,C:\Users\itsam\AppData\Local\Pub\Cache\hosted\pub.dev\win32-5.15.0\lib\src\com\inetwork.dart,C:\Users\itsam\AppData\Local\Pub\Cache\hosted\pub.dev\win32-5.15.0\lib\src\com\inetworkconnection.dart,C:\Users\itsam\AppData\Local\Pub\Cache\hosted\pub.dev\win32-5.15.0\lib\src\com\inetworklistmanager.dart,C:\Users\itsam\AppData\Local\Pub\Cache\hosted\pub.dev\win32-5.15.0\lib\src\com\inetworklistmanagerevents.dart,C:\Users\itsam\AppData\Local\Pub\Cache\hosted\pub.dev\win32-5.15.0\lib\src\com\ipersist.dart,C:\Users\itsam\AppData\Local\Pub\Cache\hosted\pub.dev\win32-5.15.0\lib\src\com\ipersistfile.dart,C:\Users\itsam\AppData\Local\Pub\Cache\hosted\pub.dev\win32-5.15.0\lib\src\com\ipersistmemory.dart,C:\Users\itsam\AppData\Local\Pub\Cache\hosted\pub.dev\win32-5.15.0\lib\src\com\ipersiststream.dart,C:\Users\itsam\AppData\Local\Pub\Cache\hosted\pub.dev\win32-5.15.0\lib\src\com\ipropertystore.dart,C:\Users\itsam\AppData\Local\Pub\Cache\hosted\pub.dev\win32-5.15.0\lib\src\com\iprovideclassinfo.dart,C:\Users\itsam\AppData\Local\Pub\Cache\hosted\pub.dev\win32-5.15.0\lib\src\com\irestrictederrorinfo.dart,C:\Users\itsam\AppData\Local\Pub\Cache\hosted\pub.dev\win32-5.15.0\lib\src\com\irunningobjecttable.dart,C:\Users\itsam\AppData\Local\Pub\Cache\hosted\pub.dev\win32-5.15.0\lib\src\com\isensor.dart,C:\Users\itsam\AppData\Local\Pub\Cache\hosted\pub.dev\win32-5.15.0\lib\src\com\isensorcollection.dart,C:\Users\itsam\AppData\Local\Pub\Cache\hosted\pub.dev\win32-5.15.0\lib\src\com\isensordatareport.dart,C:\Users\itsam\AppData\Local\Pub\Cache\hosted\pub.dev\win32-5.15.0\lib\src\com\isensormanager.dart,C:\Users\itsam\AppData\Local\Pub\Cache\hosted\pub.dev\win32-5.15.0\lib\src\com\isequentialstream.dart,C:\Users\itsam\AppData\Local\Pub\Cache\hosted\pub.dev\win32-5.15.0\lib\src\com\ishellfolder.dart,C:\Users\itsam\AppData\Local\Pub\Cache\hosted\pub.dev\win32-5.15.0\lib\src\com\ishellitem.dart,C:\Users\itsam\AppData\Local\Pub\Cache\hosted\pub.dev\win32-5.15.0\lib\src\com\ishellitem2.dart,C:\Users\itsam\AppData\Local\Pub\Cache\hosted\pub.dev\win32-5.15.0\lib\src\com\ishellitemarray.dart,C:\Users\itsam\AppData\Local\Pub\Cache\hosted\pub.dev\win32-5.15.0\lib\src\com\ishellitemfilter.dart,C:\Users\itsam\AppData\Local\Pub\Cache\hosted\pub.dev\win32-5.15.0\lib\src\com\ishellitemimagefactory.dart,C:\Users\itsam\AppData\Local\Pub\Cache\hosted\pub.dev\win32-5.15.0\lib\src\com\ishellitemresources.dart,C:\Users\itsam\AppData\Local\Pub\Cache\hosted\pub.dev\win32-5.15.0\lib\src\com\ishelllink.dart,C:\Users\itsam\AppData\Local\Pub\Cache\hosted\pub.dev\win32-5.15.0\lib\src\com\ishelllinkdatalist.dart,C:\Users\itsam\AppData\Local\Pub\Cache\hosted\pub.dev\win32-5.15.0\lib\src\com\ishelllinkdual.dart,C:\Users\itsam\AppData\Local\Pub\Cache\hosted\pub.dev\win32-5.15.0\lib\src\com\ishellservice.dart,C:\Users\itsam\AppData\Local\Pub\Cache\hosted\pub.dev\win32-5.15.0\lib\src\com\isimpleaudiovolume.dart,C:\Users\itsam\AppData\Local\Pub\Cache\hosted\pub.dev\win32-5.15.0\lib\src\com\ispeechaudioformat.dart,C:\Users\itsam\AppData\Local\Pub\Cache\hosted\pub.dev\win32-5.15.0\lib\src\com\ispeechbasestream.dart,C:\Users\itsam\AppData\Local\Pub\Cache\hosted\pub.dev\win32-5.15.0\lib\src\com\ispeechobjecttoken.dart,C:\Users\itsam\AppData\Local\Pub\Cache\hosted\pub.dev\win32-5.15.0\lib\src\com\ispeechobjecttokens.dart,C:\Users\itsam\AppData\Local\Pub\Cache\hosted\pub.dev\win32-5.15.0\lib\src\com\ispeechvoice.dart,C:\Users\itsam\AppData\Local\Pub\Cache\hosted\pub.dev\win32-5.15.0\lib\src\com\ispeechvoicestatus.dart,C:\Users\itsam\AppData\Local\Pub\Cache\hosted\pub.dev\win32-5.15.0\lib\src\com\ispeechwaveformatex.dart,C:\Users\itsam\AppData\Local\Pub\Cache\hosted\pub.dev\win32-5.15.0\lib\src\com\ispellchecker.dart,C:\Users\itsam\AppData\Local\Pub\Cache\hosted\pub.dev\win32-5.15.0\lib\src\com\ispellchecker2.dart,C:\Users\itsam\AppData\Local\Pub\Cache\hosted\pub.dev\win32-5.15.0\lib\src\com\ispellcheckerchangedeventhandler.dart,C:\Users\itsam\AppData\Local\Pub\Cache\hosted\pub.dev\win32-5.15.0\lib\src\com\ispellcheckerfactory.dart,C:\Users\itsam\AppData\Local\Pub\Cache\hosted\pub.dev\win32-5.15.0\lib\src\com\ispellingerror.dart,C:\Users\itsam\AppData\Local\Pub\Cache\hosted\pub.dev\win32-5.15.0\lib\src\com\ispeventsource.dart,C:\Users\itsam\AppData\Local\Pub\Cache\hosted\pub.dev\win32-5.15.0\lib\src\com\ispnotifysource.dart,C:\Users\itsam\AppData\Local\Pub\Cache\hosted\pub.dev\win32-5.15.0\lib\src\com\ispvoice.dart,C:\Users\itsam\AppData\Local\Pub\Cache\hosted\pub.dev\win32-5.15.0\lib\src\com\istream.dart,C:\Users\itsam\AppData\Local\Pub\Cache\hosted\pub.dev\win32-5.15.0\lib\src\com\isupporterrorinfo.dart,C:\Users\itsam\AppData\Local\Pub\Cache\hosted\pub.dev\win32-5.15.0\lib\src\com\itypeinfo.dart,C:\Users\itsam\AppData\Local\Pub\Cache\hosted\pub.dev\win32-5.15.0\lib\src\com\iuiautomation.dart,C:\Users\itsam\AppData\Local\Pub\Cache\hosted\pub.dev\win32-5.15.0\lib\src\com\iuiautomation2.dart,C:\Users\itsam\AppData\Local\Pub\Cache\hosted\pub.dev\win32-5.15.0\lib\src\com\iuiautomation3.dart,C:\Users\itsam\AppData\Local\Pub\Cache\hosted\pub.dev\win32-5.15.0\lib\src\com\iuiautomation4.dart,C:\Users\itsam\AppData\Local\Pub\Cache\hosted\pub.dev\win32-5.15.0\lib\src\com\iuiautomation5.dart,C:\Users\itsam\AppData\Local\Pub\Cache\hosted\pub.dev\win32-5.15.0\lib\src\com\iuiautomation6.dart,C:\Users\itsam\AppData\Local\Pub\Cache\hosted\pub.dev\win32-5.15.0\lib\src\com\iuiautomationandcondition.dart,C:\Users\itsam\AppData\Local\Pub\Cache\hosted\pub.dev\win32-5.15.0\lib\src\com\iuiautomationannotationpattern.dart,C:\Users\itsam\AppData\Local\Pub\Cache\hosted\pub.dev\win32-5.15.0\lib\src\com\iuiautomationboolcondition.dart,C:\Users\itsam\AppData\Local\Pub\Cache\hosted\pub.dev\win32-5.15.0\lib\src\com\iuiautomationcacherequest.dart,C:\Users\itsam\AppData\Local\Pub\Cache\hosted\pub.dev\win32-5.15.0\lib\src\com\iuiautomationcondition.dart,C:\Users\itsam\AppData\Local\Pub\Cache\hosted\pub.dev\win32-5.15.0\lib\src\com\iuiautomationcustomnavigationpattern.dart,C:\Users\itsam\AppData\Local\Pub\Cache\hosted\pub.dev\win32-5.15.0\lib\src\com\iuiautomationdockpattern.dart,C:\Users\itsam\AppData\Local\Pub\Cache\hosted\pub.dev\win32-5.15.0\lib\src\com\iuiautomationdragpattern.dart,C:\Users\itsam\AppData\Local\Pub\Cache\hosted\pub.dev\win32-5.15.0\lib\src\com\iuiautomationdroptargetpattern.dart,C:\Users\itsam\AppData\Local\Pub\Cache\hosted\pub.dev\win32-5.15.0\lib\src\com\iuiautomationelement.dart,C:\Users\itsam\AppData\Local\Pub\Cache\hosted\pub.dev\win32-5.15.0\lib\src\com\iuiautomationelement2.dart,C:\Users\itsam\AppData\Local\Pub\Cache\hosted\pub.dev\win32-5.15.0\lib\src\com\iuiautomationelement3.dart,C:\Users\itsam\AppData\Local\Pub\Cache\hosted\pub.dev\win32-5.15.0\lib\src\com\iuiautomationelement4.dart,C:\Users\itsam\AppData\Local\Pub\Cache\hosted\pub.dev\win32-5.15.0\lib\src\com\iuiautomationelement5.dart,C:\Users\itsam\AppData\Local\Pub\Cache\hosted\pub.dev\win32-5.15.0\lib\src\com\iuiautomationelement6.dart,C:\Users\itsam\AppData\Local\Pub\Cache\hosted\pub.dev\win32-5.15.0\lib\src\com\iuiautomationelement7.dart,C:\Users\itsam\AppData\Local\Pub\Cache\hosted\pub.dev\win32-5.15.0\lib\src\com\iuiautomationelement8.dart,C:\Users\itsam\AppData\Local\Pub\Cache\hosted\pub.dev\win32-5.15.0\lib\src\com\iuiautomationelement9.dart,C:\Users\itsam\AppData\Local\Pub\Cache\hosted\pub.dev\win32-5.15.0\lib\src\com\iuiautomationelementarray.dart,C:\Users\itsam\AppData\Local\Pub\Cache\hosted\pub.dev\win32-5.15.0\lib\src\com\iuiautomationexpandcollapsepattern.dart,C:\Users\itsam\AppData\Local\Pub\Cache\hosted\pub.dev\win32-5.15.0\lib\src\com\iuiautomationgriditempattern.dart,C:\Users\itsam\AppData\Local\Pub\Cache\hosted\pub.dev\win32-5.15.0\lib\src\com\iuiautomationgridpattern.dart,C:\Users\itsam\AppData\Local\Pub\Cache\hosted\pub.dev\win32-5.15.0\lib\src\com\iuiautomationinvokepattern.dart,C:\Users\itsam\AppData\Local\Pub\Cache\hosted\pub.dev\win32-5.15.0\lib\src\com\iuiautomationitemcontainerpattern.dart,C:\Users\itsam\AppData\Local\Pub\Cache\hosted\pub.dev\win32-5.15.0\lib\src\com\iuiautomationlegacyiaccessiblepattern.dart,C:\Users\itsam\AppData\Local\Pub\Cache\hosted\pub.dev\win32-5.15.0\lib\src\com\iuiautomationmultipleviewpattern.dart,C:\Users\itsam\AppData\Local\Pub\Cache\hosted\pub.dev\win32-5.15.0\lib\src\com\iuiautomationnotcondition.dart,C:\Users\itsam\AppData\Local\Pub\Cache\hosted\pub.dev\win32-5.15.0\lib\src\com\iuiautomationobjectmodelpattern.dart,C:\Users\itsam\AppData\Local\Pub\Cache\hosted\pub.dev\win32-5.15.0\lib\src\com\iuiautomationorcondition.dart,C:\Users\itsam\AppData\Local\Pub\Cache\hosted\pub.dev\win32-5.15.0\lib\src\com\iuiautomationpropertycondition.dart,C:\Users\itsam\AppData\Local\Pub\Cache\hosted\pub.dev\win32-5.15.0\lib\src\com\iuiautomationproxyfactory.dart,C:\Users\itsam\AppData\Local\Pub\Cache\hosted\pub.dev\win32-5.15.0\lib\src\com\iuiautomationproxyfactoryentry.dart,C:\Users\itsam\AppData\Local\Pub\Cache\hosted\pub.dev\win32-5.15.0\lib\src\com\iuiautomationproxyfactorymapping.dart,C:\Users\itsam\AppData\Local\Pub\Cache\hosted\pub.dev\win32-5.15.0\lib\src\com\iuiautomationrangevaluepattern.dart,C:\Users\itsam\AppData\Local\Pub\Cache\hosted\pub.dev\win32-5.15.0\lib\src\com\iuiautomationscrollitempattern.dart,C:\Users\itsam\AppData\Local\Pub\Cache\hosted\pub.dev\win32-5.15.0\lib\src\com\iuiautomationscrollpattern.dart,C:\Users\itsam\AppData\Local\Pub\Cache\hosted\pub.dev\win32-5.15.0\lib\src\com\iuiautomationselectionitempattern.dart,C:\Users\itsam\AppData\Local\Pub\Cache\hosted\pub.dev\win32-5.15.0\lib\src\com\iuiautomationselectionpattern.dart,C:\Users\itsam\AppData\Local\Pub\Cache\hosted\pub.dev\win32-5.15.0\lib\src\com\iuiautomationselectionpattern2.dart,C:\Users\itsam\AppData\Local\Pub\Cache\hosted\pub.dev\win32-5.15.0\lib\src\com\iuiautomationspreadsheetitempattern.dart,C:\Users\itsam\AppData\Local\Pub\Cache\hosted\pub.dev\win32-5.15.0\lib\src\com\iuiautomationspreadsheetpattern.dart,C:\Users\itsam\AppData\Local\Pub\Cache\hosted\pub.dev\win32-5.15.0\lib\src\com\iuiautomationstylespattern.dart,C:\Users\itsam\AppData\Local\Pub\Cache\hosted\pub.dev\win32-5.15.0\lib\src\com\iuiautomationsynchronizedinputpattern.dart,C:\Users\itsam\AppData\Local\Pub\Cache\hosted\pub.dev\win32-5.15.0\lib\src\com\iuiautomationtableitempattern.dart,C:\Users\itsam\AppData\Local\Pub\Cache\hosted\pub.dev\win32-5.15.0\lib\src\com\iuiautomationtablepattern.dart,C:\Users\itsam\AppData\Local\Pub\Cache\hosted\pub.dev\win32-5.15.0\lib\src\com\iuiautomationtextchildpattern.dart,C:\Users\itsam\AppData\Local\Pub\Cache\hosted\pub.dev\win32-5.15.0\lib\src\com\iuiautomationtexteditpattern.dart,C:\Users\itsam\AppData\Local\Pub\Cache\hosted\pub.dev\win32-5.15.0\lib\src\com\iuiautomationtextpattern.dart,C:\Users\itsam\AppData\Local\Pub\Cache\hosted\pub.dev\win32-5.15.0\lib\src\com\iuiautomationtextpattern2.dart,C:\Users\itsam\AppData\Local\Pub\Cache\hosted\pub.dev\win32-5.15.0\lib\src\com\iuiautomationtextrange.dart,C:\Users\itsam\AppData\Local\Pub\Cache\hosted\pub.dev\win32-5.15.0\lib\src\com\iuiautomationtextrange2.dart,C:\Users\itsam\AppData\Local\Pub\Cache\hosted\pub.dev\win32-5.15.0\lib\src\com\iuiautomationtextrange3.dart,C:\Users\itsam\AppData\Local\Pub\Cache\hosted\pub.dev\win32-5.15.0\lib\src\com\iuiautomationtextrangearray.dart,C:\Users\itsam\AppData\Local\Pub\Cache\hosted\pub.dev\win32-5.15.0\lib\src\com\iuiautomationtogglepattern.dart,C:\Users\itsam\AppData\Local\Pub\Cache\hosted\pub.dev\win32-5.15.0\lib\src\com\iuiautomationtransformpattern.dart,C:\Users\itsam\AppData\Local\Pub\Cache\hosted\pub.dev\win32-5.15.0\lib\src\com\iuiautomationtransformpattern2.dart,C:\Users\itsam\AppData\Local\Pub\Cache\hosted\pub.dev\win32-5.15.0\lib\src\com\iuiautomationtreewalker.dart,C:\Users\itsam\AppData\Local\Pub\Cache\hosted\pub.dev\win32-5.15.0\lib\src\com\iuiautomationvaluepattern.dart,C:\Users\itsam\AppData\Local\Pub\Cache\hosted\pub.dev\win32-5.15.0\lib\src\com\iuiautomationvirtualizeditempattern.dart,C:\Users\itsam\AppData\Local\Pub\Cache\hosted\pub.dev\win32-5.15.0\lib\src\com\iuiautomationwindowpattern.dart,C:\Users\itsam\AppData\Local\Pub\Cache\hosted\pub.dev\win32-5.15.0\lib\src\com\iunknown.dart,C:\Users\itsam\AppData\Local\Pub\Cache\hosted\pub.dev\win32-5.15.0\lib\src\com\iuri.dart,C:\Users\itsam\AppData\Local\Pub\Cache\hosted\pub.dev\win32-5.15.0\lib\src\com\ivirtualdesktopmanager.dart,C:\Users\itsam\AppData\Local\Pub\Cache\hosted\pub.dev\win32-5.15.0\lib\src\com\iwbemclassobject.dart,C:\Users\itsam\AppData\Local\Pub\Cache\hosted\pub.dev\win32-5.15.0\lib\src\com\iwbemconfigurerefresher.dart,C:\Users\itsam\AppData\Local\Pub\Cache\hosted\pub.dev\win32-5.15.0\lib\src\com\iwbemcontext.dart,C:\Users\itsam\AppData\Local\Pub\Cache\hosted\pub.dev\win32-5.15.0\lib\src\com\iwbemhiperfenum.dart,C:\Users\itsam\AppData\Local\Pub\Cache\hosted\pub.dev\win32-5.15.0\lib\src\com\iwbemlocator.dart,C:\Users\itsam\AppData\Local\Pub\Cache\hosted\pub.dev\win32-5.15.0\lib\src\com\iwbemobjectaccess.dart,C:\Users\itsam\AppData\Local\Pub\Cache\hosted\pub.dev\win32-5.15.0\lib\src\com\iwbemrefresher.dart,C:\Users\itsam\AppData\Local\Pub\Cache\hosted\pub.dev\win32-5.15.0\lib\src\com\iwbemservices.dart,C:\Users\itsam\AppData\Local\Pub\Cache\hosted\pub.dev\win32-5.15.0\lib\src\com\iwebauthenticationcoremanagerinterop.dart,C:\Users\itsam\AppData\Local\Pub\Cache\hosted\pub.dev\win32-5.15.0\lib\src\com\iwinhttprequest.dart,C:\Users\itsam\AppData\Local\Pub\Cache\hosted\pub.dev\local_auth_platform_interface-1.1.0\lib\types\auth_exception.dart,C:\Users\itsam\AppData\Local\Pub\Cache\hosted\pub.dev\intl-0.20.2\lib\src\global_state.dart,C:\Users\itsam\AppData\Local\Pub\Cache\hosted\pub.dev\intl-0.20.2\lib\src\intl\date_format.dart,C:\Users\itsam\AppData\Local\Pub\Cache\hosted\pub.dev\intl-0.20.2\lib\src\intl_helpers.dart,C:\Users\itsam\AppData\Local\Pub\Cache\hosted\pub.dev\intl-0.20.2\lib\src\plural_rules.dart,C:\Users\itsam\AppData\Local\Pub\Cache\hosted\pub.dev\intl-0.20.2\lib\src\intl\bidi.dart,C:\Users\itsam\AppData\Local\Pub\Cache\hosted\pub.dev\intl-0.20.2\lib\src\intl\bidi_formatter.dart,C:\Users\itsam\AppData\Local\Pub\Cache\hosted\pub.dev\intl-0.20.2\lib\src\intl\micro_money.dart,C:\Users\itsam\AppData\Local\Pub\Cache\hosted\pub.dev\intl-0.20.2\lib\src\intl\number_format.dart,C:\Users\itsam\AppData\Local\Pub\Cache\hosted\pub.dev\intl-0.20.2\lib\src\intl\number_parser_base.dart,C:\Users\itsam\AppData\Local\Pub\Cache\hosted\pub.dev\intl-0.20.2\lib\src\intl\text_direction.dart,C:\Users\itsam\AppData\Local\Pub\Cache\hosted\pub.dev\platform-3.1.6\lib\platform.dart,C:\Users\itsam\AppData\Local\Pub\Cache\hosted\pub.dev\pub_semver-2.2.0\lib\pub_semver.dart,C:\Users\itsam\AppData\Local\Pub\Cache\hosted\pub.dev\objective_c-9.2.5\lib\src\autorelease.dart,C:\Users\itsam\AppData\Local\Pub\Cache\hosted\pub.dev\objective_c-9.2.5\lib\src\block.dart,C:\Users\itsam\AppData\Local\Pub\Cache\hosted\pub.dev\objective_c-9.2.5\lib\src\c_bindings_generated.dart,C:\Users\itsam\AppData\Local\Pub\Cache\hosted\pub.dev\objective_c-9.2.5\lib\src\cf_string.dart,C:\Users\itsam\AppData\Local\Pub\Cache\hosted\pub.dev\objective_c-9.2.5\lib\src\converter.dart,C:\Users\itsam\AppData\Local\Pub\Cache\hosted\pub.dev\objective_c-9.2.5\lib\src\globals.dart,C:\Users\itsam\AppData\Local\Pub\Cache\hosted\pub.dev\objective_c-9.2.5\lib\src\internal.dart,C:\Users\itsam\AppData\Local\Pub\Cache\hosted\pub.dev\objective_c-9.2.5\lib\src\ns_array.dart,C:\Users\itsam\AppData\Local\Pub\Cache\hosted\pub.dev\objective_c-9.2.5\lib\src\ns_data.dart,C:\Users\itsam\AppData\Local\Pub\Cache\hosted\pub.dev\objective_c-9.2.5\lib\src\ns_date.dart,C:\Users\itsam\AppData\Local\Pub\Cache\hosted\pub.dev\objective_c-9.2.5\lib\src\ns_dictionary.dart,C:\Users\itsam\AppData\Local\Pub\Cache\hosted\pub.dev\objective_c-9.2.5\lib\src\ns_enumerator.dart,C:\Users\itsam\AppData\Local\Pub\Cache\hosted\pub.dev\objective_c-9.2.5\lib\src\ns_input_stream.dart,C:\Users\itsam\AppData\Local\Pub\Cache\hosted\pub.dev\objective_c-9.2.5\lib\src\ns_mutable_data.dart,C:\Users\itsam\AppData\Local\Pub\Cache\hosted\pub.dev\objective_c-9.2.5\lib\src\ns_number.dart,C:\Users\itsam\AppData\Local\Pub\Cache\hosted\pub.dev\objective_c-9.2.5\lib\src\ns_set.dart,C:\Users\itsam\AppData\Local\Pub\Cache\hosted\pub.dev\objective_c-9.2.5\lib\src\ns_string.dart,C:\Users\itsam\AppData\Local\Pub\Cache\hosted\pub.dev\objective_c-9.2.5\lib\src\objective_c_bindings_exported.dart,C:\Users\itsam\AppData\Local\Pub\Cache\hosted\pub.dev\objective_c-9.2.5\lib\src\observer.dart,C:\Users\itsam\AppData\Local\Pub\Cache\hosted\pub.dev\objective_c-9.2.5\lib\src\os_version.dart,C:\Users\itsam\AppData\Local\Pub\Cache\hosted\pub.dev\objective_c-9.2.5\lib\src\protocol_builder.dart,C:\Users\itsam\AppData\Local\Pub\Cache\hosted\pub.dev\objective_c-9.2.5\lib\src\runtime_bindings_generated.dart,C:\Users\itsam\AppData\Local\Pub\Cache\hosted\pub.dev\objective_c-9.2.5\lib\src\selector.dart,C:\Users\itsam\AppData\Local\Pub\Cache\hosted\pub.dev\path_provider_linux-2.2.1\lib\src\get_application_id_real.dart,C:\Users\itsam\AppData\Local\Pub\Cache\hosted\pub.dev\share_plus_platform_interface-6.1.0\lib\method_channel\method_channel_share.dart,C:\DEV\flutter\packages\flutter\lib\src\services\_background_isolate_binary_messenger_io.dart,C:\Users\itsam\AppData\Local\Pub\Cache\hosted\pub.dev\url_launcher_platform_interface-2.3.2\lib\method_channel_url_launcher.dart,C:\DEV\flutter\packages\flutter\lib\src\semantics\binding.dart,C:\DEV\flutter\packages\flutter\lib\src\semantics\debug.dart,C:\DEV\flutter\packages\flutter\lib\src\semantics\semantics.dart,C:\DEV\flutter\packages\flutter\lib\src\semantics\semantics_event.dart,C:\DEV\flutter\packages\flutter\lib\src\semantics\semantics_service.dart,C:\Users\itsam\AppData\Local\Pub\Cache\hosted\pub.dev\collection-1.19.1\lib\src\utils.dart,C:\Users\itsam\AppData\Local\Pub\Cache\hosted\pub.dev\collection-1.19.1\lib\src\combined_wrappers\combined_iterator.dart,C:\Users\itsam\AppData\Local\Pub\Cache\hosted\pub.dev\collection-1.19.1\lib\src\empty_unmodifiable_set.dart,C:\Users\itsam\AppData\Local\Pub\Cache\hosted\pub.dev\material_color_utilities-0.11.1\lib\dynamiccolor\src\contrast_curve.dart,C:\Users\itsam\AppData\Local\Pub\Cache\hosted\pub.dev\material_color_utilities-0.11.1\lib\dynamiccolor\src\tone_delta_pair.dart,C:\Users\itsam\AppData\Local\Pub\Cache\hosted\pub.dev\material_color_utilities-0.11.1\lib\hct\src\hct_solver.dart,C:\Users\itsam\AppData\Local\Pub\Cache\hosted\pub.dev\material_color_utilities-0.11.1\lib\quantize\src\point_provider_lab.dart,C:\Users\itsam\AppData\Local\Pub\Cache\hosted\pub.dev\material_color_utilities-0.11.1\lib\quantize\src\point_provider.dart,C:\DEV\flutter\packages\flutter\lib\src\painting\_network_image_io.dart,C:\Users\itsam\AppData\Local\Pub\Cache\hosted\pub.dev\characters-1.4.0\lib\src\characters_impl.dart,C:\DEV\flutter\packages\flutter\lib\src\widgets\_window_io.dart,C:\DEV\flutter\packages\flutter\lib\src\physics\clamped_simulation.dart,C:\DEV\flutter\packages\flutter\lib\src\physics\friction_simulation.dart,C:\DEV\flutter\packages\flutter\lib\src\physics\gravity_simulation.dart,C:\DEV\flutter\packages\flutter\lib\src\physics\simulation.dart,C:\DEV\flutter\packages\flutter\lib\src\physics\spring_simulation.dart,C:\DEV\flutter\packages\flutter\lib\src\physics\tolerance.dart,C:\DEV\flutter\packages\flutter\lib\src\physics\utils.dart,C:\Users\itsam\AppData\Local\Pub\Cache\hosted\pub.dev\screen_retriever_platform_interface-0.2.0\lib\src\display.dart,C:\Users\itsam\AppData\Local\Pub\Cache\hosted\pub.dev\screen_retriever_platform_interface-0.2.0\lib\src\screen_listener.dart,C:\Users\itsam\AppData\Local\Pub\Cache\hosted\pub.dev\screen_retriever_platform_interface-0.2.0\lib\src\screen_retriever_method_channel.dart,C:\Users\itsam\AppData\Local\Pub\Cache\hosted\pub.dev\screen_retriever_platform_interface-0.2.0\lib\src\screen_retriever_platform.dart,C:\Users\itsam\AppData\Local\Pub\Cache\hosted\pub.dev\path-1.9.1\lib\src\characters.dart,C:\Users\itsam\AppData\Local\Pub\Cache\hosted\pub.dev\path-1.9.1\lib\src\internal_style.dart,C:\Users\itsam\AppData\Local\Pub\Cache\hosted\pub.dev\path-1.9.1\lib\src\parsed_path.dart,C:\Users\itsam\AppData\Local\Pub\Cache\hosted\pub.dev\path-1.9.1\lib\src\style\posix.dart,C:\Users\itsam\AppData\Local\Pub\Cache\hosted\pub.dev\path-1.9.1\lib\src\style\url.dart,C:\Users\itsam\AppData\Local\Pub\Cache\hosted\pub.dev\path-1.9.1\lib\src\style\windows.dart,C:\Users\itsam\AppData\Local\Pub\Cache\hosted\pub.dev\fixnum-1.1.1\lib\src\int32.dart,C:\Users\itsam\AppData\Local\Pub\Cache\hosted\pub.dev\fixnum-1.1.1\lib\src\int64.dart,C:\Users\itsam\AppData\Local\Pub\Cache\hosted\pub.dev\fixnum-1.1.1\lib\src\intx.dart,C:\Users\itsam\AppData\Local\Pub\Cache\hosted\pub.dev\hive-2.2.3\lib\src\crypto\aes_engine.dart,C:\Users\itsam\AppData\Local\Pub\Cache\hosted\pub.dev\hive-2.2.3\lib\src\adapters\big_int_adapter.dart,C:\Users\itsam\AppData\Local\Pub\Cache\hosted\pub.dev\hive-2.2.3\lib\src\adapters\date_time_adapter.dart,C:\Users\itsam\AppData\Local\Pub\Cache\hosted\pub.dev\hive-2.2.3\lib\src\backend\storage_backend_memory.dart,C:\Users\itsam\AppData\Local\Pub\Cache\hosted\pub.dev\hive-2.2.3\lib\src\box\box_base_impl.dart,C:\Users\itsam\AppData\Local\Pub\Cache\hosted\pub.dev\hive-2.2.3\lib\src\box\box_impl.dart,C:\Users\itsam\AppData\Local\Pub\Cache\hosted\pub.dev\hive-2.2.3\lib\src\box\lazy_box_impl.dart,C:\Users\itsam\AppData\Local\Pub\Cache\hosted\pub.dev\hive-2.2.3\lib\src\registry\type_registry_impl.dart,C:\Users\itsam\AppData\Local\Pub\Cache\hosted\pub.dev\hive-2.2.3\lib\src\backend\storage_backend.dart,C:\Users\itsam\AppData\Local\Pub\Cache\hosted\pub.dev\hive-2.2.3\lib\src\object\hive_collection_mixin.dart,C:\Users\itsam\AppData\Local\Pub\Cache\hosted\pub.dev\hive-2.2.3\lib\src\util\delegating_list_view_mixin.dart,C:\Users\itsam\AppData\Local\Pub\Cache\hosted\pub.dev\hive-2.2.3\lib\src\object\hive_object_internal.dart,C:\Users\itsam\AppData\Local\Pub\Cache\hosted\pub.dev\hive-2.2.3\lib\src\box_collection\box_collection_stub.dart,C:\Users\itsam\AppData\Local\Pub\Cache\hosted\pub.dev\clock-1.1.2\lib\src\stopwatch.dart,C:\Users\itsam\AppData\Local\Pub\Cache\hosted\pub.dev\clock-1.1.2\lib\src\utils.dart,C:\Users\itsam\AppData\Local\Pub\Cache\hosted\pub.dev\pointycastle-3.9.1\lib\src\registry\registry.dart,C:\Users\itsam\AppData\Local\Pub\Cache\hosted\pub.dev\pointycastle-3.9.1\lib\src\utils.dart,C:\Users\itsam\AppData\Local\Pub\Cache\hosted\pub.dev\pointycastle-3.9.1\lib\src\api\aead_block_cipher.dart,C:\Users\itsam\AppData\Local\Pub\Cache\hosted\pub.dev\pointycastle-3.9.1\lib\src\api\aead_cipher.dart,C:\Users\itsam\AppData\Local\Pub\Cache\hosted\pub.dev\pointycastle-3.9.1\lib\src\api\aead_parameters.dart,C:\Users\itsam\AppData\Local\Pub\Cache\hosted\pub.dev\pointycastle-3.9.1\lib\src\api\algorithm.dart,C:\Users\itsam\AppData\Local\Pub\Cache\hosted\pub.dev\pointycastle-3.9.1\lib\src\api\asymmetric_block_cipher.dart,C:\Users\itsam\AppData\Local\Pub\Cache\hosted\pub.dev\pointycastle-3.9.1\lib\src\api\asymmetric_key.dart,C:\Users\itsam\AppData\Local\Pub\Cache\hosted\pub.dev\pointycastle-3.9.1\lib\src\api\asymmetric_key_pair.dart,C:\Users\itsam\AppData\Local\Pub\Cache\hosted\pub.dev\pointycastle-3.9.1\lib\src\api\asymmetric_key_parameter.dart,C:\Users\itsam\AppData\Local\Pub\Cache\hosted\pub.dev\pointycastle-3.9.1\lib\src\api\block_cipher.dart,C:\Users\itsam\AppData\Local\Pub\Cache\hosted\pub.dev\pointycastle-3.9.1\lib\src\api\cipher_parameters.dart,C:\Users\itsam\AppData\Local\Pub\Cache\hosted\pub.dev\pointycastle-3.9.1\lib\src\api\des_parameters.dart,C:\Users\itsam\AppData\Local\Pub\Cache\hosted\pub.dev\pointycastle-3.9.1\lib\src\api\desede_parameters.dart,C:\Users\itsam\AppData\Local\Pub\Cache\hosted\pub.dev\pointycastle-3.9.1\lib\src\api\digest.dart,C:\Users\itsam\AppData\Local\Pub\Cache\hosted\pub.dev\pointycastle-3.9.1\lib\src\api\key_derivator.dart,C:\Users\itsam\AppData\Local\Pub\Cache\hosted\pub.dev\pointycastle-3.9.1\lib\src\api\key_generator.dart,C:\Users\itsam\AppData\Local\Pub\Cache\hosted\pub.dev\pointycastle-3.9.1\lib\src\api\key_generator_parameters.dart,C:\Users\itsam\AppData\Local\Pub\Cache\hosted\pub.dev\pointycastle-3.9.1\lib\src\api\key_parameter.dart,C:\Users\itsam\AppData\Local\Pub\Cache\hosted\pub.dev\pointycastle-3.9.1\lib\src\api\mac.dart,C:\Users\itsam\AppData\Local\Pub\Cache\hosted\pub.dev\pointycastle-3.9.1\lib\src\api\padded_block_cipher.dart,C:\Users\itsam\AppData\Local\Pub\Cache\hosted\pub.dev\pointycastle-3.9.1\lib\src\api\padded_block_cipher_parameters.dart,C:\Users\itsam\AppData\Local\Pub\Cache\hosted\pub.dev\pointycastle-3.9.1\lib\src\api\padding.dart,C:\Users\itsam\AppData\Local\Pub\Cache\hosted\pub.dev\pointycastle-3.9.1\lib\src\api\parameters_with_iv.dart,C:\Users\itsam\AppData\Local\Pub\Cache\hosted\pub.dev\pointycastle-3.9.1\lib\src\api\parameters_with_random.dart,C:\Users\itsam\AppData\Local\Pub\Cache\hosted\pub.dev\pointycastle-3.9.1\lib\src\api\parameters_with_salt.dart,C:\Users\itsam\AppData\Local\Pub\Cache\hosted\pub.dev\pointycastle-3.9.1\lib\src\api\parameters_with_salt_configuration.dart,C:\Users\itsam\AppData\Local\Pub\Cache\hosted\pub.dev\pointycastle-3.9.1\lib\src\api\pbe_parameters_generator.dart,C:\Users\itsam\AppData\Local\Pub\Cache\hosted\pub.dev\pointycastle-3.9.1\lib\src\api\private_key.dart,C:\Users\itsam\AppData\Local\Pub\Cache\hosted\pub.dev\pointycastle-3.9.1\lib\src\api\private_key_parameter.dart,C:\Users\itsam\AppData\Local\Pub\Cache\hosted\pub.dev\pointycastle-3.9.1\lib\src\api\public_key.dart,C:\Users\itsam\AppData\Local\Pub\Cache\hosted\pub.dev\pointycastle-3.9.1\lib\src\api\public_key_parameter.dart,C:\Users\itsam\AppData\Local\Pub\Cache\hosted\pub.dev\pointycastle-3.9.1\lib\src\api\rc2_parameters.dart,C:\Users\itsam\AppData\Local\Pub\Cache\hosted\pub.dev\pointycastle-3.9.1\lib\src\api\registry_factory_exception.dart,C:\Users\itsam\AppData\Local\Pub\Cache\hosted\pub.dev\pointycastle-3.9.1\lib\src\api\secure_random.dart,C:\Users\itsam\AppData\Local\Pub\Cache\hosted\pub.dev\pointycastle-3.9.1\lib\src\api\signature.dart,C:\Users\itsam\AppData\Local\Pub\Cache\hosted\pub.dev\pointycastle-3.9.1\lib\src\api\signer.dart,C:\Users\itsam\AppData\Local\Pub\Cache\hosted\pub.dev\pointycastle-3.9.1\lib\src\api\srp_client.dart,C:\Users\itsam\AppData\Local\Pub\Cache\hosted\pub.dev\pointycastle-3.9.1\lib\src\api\srp_server.dart,C:\Users\itsam\AppData\Local\Pub\Cache\hosted\pub.dev\pointycastle-3.9.1\lib\src\api\stream_cipher.dart,C:\Users\itsam\AppData\Local\Pub\Cache\hosted\pub.dev\pointycastle-3.9.1\lib\src\api\xof.dart,C:\Users\itsam\AppData\Local\Pub\Cache\hosted\pub.dev\pointycastle-3.9.1\lib\asymmetric\api.dart,C:\Users\itsam\AppData\Local\Pub\Cache\hosted\pub.dev\pointycastle-3.9.1\lib\src\impl\base_block_cipher.dart,C:\Users\itsam\AppData\Local\Pub\Cache\hosted\pub.dev\pointycastle-3.9.1\lib\src\impl\base_asymmetric_block_cipher.dart,C:\Users\itsam\AppData\Local\Pub\Cache\hosted\pub.dev\pointycastle-3.9.1\lib\src\platform_check\platform_check.dart,C:\Users\itsam\AppData\Local\Pub\Cache\hosted\pub.dev\pointycastle-3.9.1\lib\src\ufixnum.dart,C:\Users\itsam\AppData\Local\Pub\Cache\hosted\pub.dev\pointycastle-3.9.1\lib\block\des_base.dart,C:\Users\itsam\AppData\Local\Pub\Cache\hosted\pub.dev\pointycastle-3.9.1\lib\src\ct.dart,C:\Users\itsam\AppData\Local\Pub\Cache\hosted\pub.dev\pointycastle-3.9.1\lib\src\impl\base_aead_block_cipher.dart,C:\Users\itsam\AppData\Local\Pub\Cache\hosted\pub.dev\pointycastle-3.9.1\lib\src\impl\base_digest.dart,C:\Users\itsam\AppData\Local\Pub\Cache\hosted\pub.dev\pointycastle-3.9.1\lib\src\impl\keccak_engine.dart,C:\Users\itsam\AppData\Local\Pub\Cache\hosted\pub.dev\pointycastle-3.9.1\lib\digests\xof_utils.dart,C:\Users\itsam\AppData\Local\Pub\Cache\hosted\pub.dev\pointycastle-3.9.1\lib\src\impl\md4_family_digest.dart,C:\Users\itsam\AppData\Local\Pub\Cache\hosted\pub.dev\pointycastle-3.9.1\lib\src\impl\long_sha2_family_digest.dart,C:\Users\itsam\AppData\Local\Pub\Cache\hosted\pub.dev\pointycastle-3.9.1\lib\ecc\ecdh.dart,C:\Users\itsam\AppData\Local\Pub\Cache\hosted\pub.dev\pointycastle-3.9.1\lib\src\impl\base_key_derivator.dart,C:\Users\itsam\AppData\Local\Pub\Cache\hosted\pub.dev\pointycastle-3.9.1\lib\key_derivators\argon2_native_int_impl.dart,C:\Users\itsam\AppData\Local\Pub\Cache\hosted\pub.dev\pointycastle-3.9.1\lib\pointycastle.dart,C:\Users\itsam\AppData\Local\Pub\Cache\hosted\pub.dev\pointycastle-3.9.1\lib\src\impl\base_mac.dart,C:\Users\itsam\AppData\Local\Pub\Cache\hosted\pub.dev\pointycastle-3.9.1\lib\src\impl\base_padding.dart,C:\Users\itsam\AppData\Local\Pub\Cache\hosted\pub.dev\pointycastle-3.9.1\lib\src\impl\secure_random_base.dart,C:\Users\itsam\AppData\Local\Pub\Cache\hosted\pub.dev\pointycastle-3.9.1\lib\src\impl\base_stream_cipher.dart,C:\Users\itsam\AppData\Local\Pub\Cache\hosted\pub.dev\pointycastle-3.9.1\lib\src\impl\base_aead_cipher.dart,C:\Users\itsam\AppData\Local\Pub\Cache\hosted\pub.dev\pointycastle-3.9.1\lib\src\ec_standard_curve_constructor.dart,C:\Users\itsam\AppData\Local\Pub\Cache\hosted\pub.dev\http-1.6.0\lib\http.dart,C:\Users\itsam\AppData\Local\Pub\Cache\hosted\pub.dev\google_fonts-8.0.1\lib\src\file_io_desktop_and_mobile.dart,C:\Users\itsam\AppData\Local\Pub\Cache\hosted\pub.dev\google_fonts-8.0.1\lib\src\google_fonts_descriptor.dart,C:\Users\itsam\AppData\Local\Pub\Cache\hosted\pub.dev\google_fonts-8.0.1\lib\src\google_fonts_family_with_variant.dart,C:\Users\itsam\AppData\Local\Pub\Cache\hosted\pub.dev\google_fonts-8.0.1\lib\src\google_fonts_variant.dart,C:\Users\itsam\AppData\Local\Pub\Cache\hosted\pub.dev\cross_file-0.3.5+2\lib\src\types\io.dart,C:\Users\itsam\AppData\Local\Pub\Cache\hosted\pub.dev\dbus-0.7.12\lib\src\dbus_uuid.dart,C:\Users\itsam\AppData\Local\Pub\Cache\hosted\pub.dev\dbus-0.7.12\lib\src\getsid.dart,C:\Users\itsam\AppData\Local\Pub\Cache\hosted\pub.dev\dbus-0.7.12\lib\src\getuid.dart,C:\Users\itsam\AppData\Local\Pub\Cache\hosted\pub.dev\dbus-0.7.12\lib\src\dbus_bus_name.dart,C:\Users\itsam\AppData\Local\Pub\Cache\hosted\pub.dev\dbus-0.7.12\lib\src\dbus_error_name.dart,C:\Users\itsam\AppData\Local\Pub\Cache\hosted\pub.dev\dbus-0.7.12\lib\src\dbus_interface_name.dart,C:\Users\itsam\AppData\Local\Pub\Cache\hosted\pub.dev\dbus-0.7.12\lib\src\dbus_introspectable.dart,C:\Users\itsam\AppData\Local\Pub\Cache\hosted\pub.dev\dbus-0.7.12\lib\src\dbus_match_rule.dart,C:\Users\itsam\AppData\Local\Pub\Cache\hosted\pub.dev\dbus-0.7.12\lib\src\dbus_member_name.dart,C:\Users\itsam\AppData\Local\Pub\Cache\hosted\pub.dev\dbus-0.7.12\lib\src\dbus_message.dart,C:\Users\itsam\AppData\Local\Pub\Cache\hosted\pub.dev\dbus-0.7.12\lib\src\dbus_object_manager.dart,C:\Users\itsam\AppData\Local\Pub\Cache\hosted\pub.dev\dbus-0.7.12\lib\src\dbus_object_tree.dart,C:\Users\itsam\AppData\Local\Pub\Cache\hosted\pub.dev\dbus-0.7.12\lib\src\dbus_peer.dart,C:\Users\itsam\AppData\Local\Pub\Cache\hosted\pub.dev\dbus-0.7.12\lib\src\dbus_properties.dart,C:\Users\itsam\AppData\Local\Pub\Cache\hosted\pub.dev\dbus-0.7.12\lib\src\dbus_read_buffer.dart,C:\Users\itsam\AppData\Local\Pub\Cache\hosted\pub.dev\dbus-0.7.12\lib\src\dbus_write_buffer.dart,C:\Users\itsam\AppData\Local\Pub\Cache\hosted\pub.dev\xml-6.6.1\lib\xml.dart,C:\Users\itsam\AppData\Local\Pub\Cache\hosted\pub.dev\dbus-0.7.12\lib\src\dbus_auth_server.dart,C:\Users\itsam\AppData\Local\Pub\Cache\hosted\pub.dev\win32-5.15.0\lib\src\extensions\_internal.dart,C:\Users\itsam\AppData\Local\Pub\Cache\hosted\pub.dev\intl-0.20.2\lib\date_symbols.dart,C:\Users\itsam\AppData\Local\Pub\Cache\hosted\pub.dev\intl-0.20.2\lib\src\date_format_internal.dart,C:\Users\itsam\AppData\Local\Pub\Cache\hosted\pub.dev\intl-0.20.2\lib\src\intl\constants.dart,C:\Users\itsam\AppData\Local\Pub\Cache\hosted\pub.dev\intl-0.20.2\lib\src\intl\date_builder.dart,C:\Users\itsam\AppData\Local\Pub\Cache\hosted\pub.dev\intl-0.20.2\lib\src\intl\date_computation.dart,C:\Users\itsam\AppData\Local\Pub\Cache\hosted\pub.dev\intl-0.20.2\lib\src\intl\regexp.dart,C:\Users\itsam\AppData\Local\Pub\Cache\hosted\pub.dev\intl-0.20.2\lib\src\intl\string_stack.dart,C:\Users\itsam\AppData\Local\Pub\Cache\hosted\pub.dev\intl-0.20.2\lib\src\intl\date_format_field.dart,C:\Users\itsam\AppData\Local\Pub\Cache\hosted\pub.dev\intl-0.20.2\lib\number_symbols.dart,C:\Users\itsam\AppData\Local\Pub\Cache\hosted\pub.dev\intl-0.20.2\lib\number_symbols_data.dart,C:\Users\itsam\AppData\Local\Pub\Cache\hosted\pub.dev\intl-0.20.2\lib\src\intl\number_format_parser.dart,C:\Users\itsam\AppData\Local\Pub\Cache\hosted\pub.dev\intl-0.20.2\lib\src\intl\number_parser.dart,C:\Users\itsam\AppData\Local\Pub\Cache\hosted\pub.dev\intl-0.20.2\lib\src\intl\compact_number_format.dart,C:\Users\itsam\AppData\Local\Pub\Cache\hosted\pub.dev\platform-3.1.6\lib\src\interface\local_platform.dart,C:\Users\itsam\AppData\Local\Pub\Cache\hosted\pub.dev\platform-3.1.6\lib\src\interface\platform.dart,C:\Users\itsam\AppData\Local\Pub\Cache\hosted\pub.dev\platform-3.1.6\lib\src\testing\fake_platform.dart,C:\Users\itsam\AppData\Local\Pub\Cache\hosted\pub.dev\pub_semver-2.2.0\lib\src\version.dart,C:\Users\itsam\AppData\Local\Pub\Cache\hosted\pub.dev\pub_semver-2.2.0\lib\src\version_constraint.dart,C:\Users\itsam\AppData\Local\Pub\Cache\hosted\pub.dev\pub_semver-2.2.0\lib\src\version_range.dart,C:\Users\itsam\AppData\Local\Pub\Cache\hosted\pub.dev\pub_semver-2.2.0\lib\src\version_union.dart,C:\Users\itsam\AppData\Local\Pub\Cache\hosted\pub.dev\objective_c-9.2.5\lib\src\objective_c_bindings_generated.dart,C:\Users\itsam\AppData\Local\Pub\Cache\hosted\pub.dev\mime-2.0.0\lib\mime.dart,C:\Users\itsam\AppData\Local\Pub\Cache\hosted\pub.dev\characters-1.4.0\lib\src\grapheme_clusters\breaks.dart,C:\Users\itsam\AppData\Local\Pub\Cache\hosted\pub.dev\characters-1.4.0\lib\src\grapheme_clusters\constants.dart,C:\Users\itsam\AppData\Local\Pub\Cache\hosted\pub.dev\characters-1.4.0\lib\src\grapheme_clusters\table.dart,C:\DEV\flutter\packages\flutter\lib\src\widgets\_window_win32.dart,C:\Users\itsam\AppData\Local\Pub\Cache\hosted\pub.dev\json_annotation-4.10.0\lib\json_annotation.dart,C:\Users\itsam\AppData\Local\Pub\Cache\hosted\pub.dev\screen_retriever_platform_interface-0.2.0\lib\src\display.g.dart,C:\Users\itsam\AppData\Local\Pub\Cache\hosted\pub.dev\path-1.9.1\lib\src\utils.dart,C:\Users\itsam\AppData\Local\Pub\Cache\hosted\pub.dev\fixnum-1.1.1\lib\src\utilities.dart,C:\Users\itsam\AppData\Local\Pub\Cache\hosted\pub.dev\hive-2.2.3\lib\src\crypto\aes_tables.dart,C:\Users\itsam\AppData\Local\Pub\Cache\hosted\pub.dev\hive-2.2.3\lib\src\binary\frame.dart,C:\Users\itsam\AppData\Local\Pub\Cache\hosted\pub.dev\hive-2.2.3\lib\src\binary\frame_helper.dart,C:\Users\itsam\AppData\Local\Pub\Cache\hosted\pub.dev\hive-2.2.3\lib\src\box\keystore.dart,C:\Users\itsam\AppData\Local\Pub\Cache\hosted\pub.dev\hive-2.2.3\lib\src\box\change_notifier.dart,C:\Users\itsam\AppData\Local\Pub\Cache\hosted\pub.dev\hive-2.2.3\lib\src\adapters\ignored_type_adapter.dart,C:\Users\itsam\AppData\Local\Pub\Cache\hosted\pub.dev\hive-2.2.3\lib\src\backend\vm\backend_manager.dart,C:\Users\itsam\AppData\Local\Pub\Cache\hosted\pub.dev\pointycastle-3.9.1\lib\src\registry\registration.dart,C:\Users\itsam\AppData\Local\Pub\Cache\hosted\pub.dev\pointycastle-3.9.1\lib\src\impl\entropy.dart,C:\Users\itsam\AppData\Local\Pub\Cache\hosted\pub.dev\pointycastle-3.9.1\lib\src\platform_check\native.dart,C:\Users\itsam\AppData\Local\Pub\Cache\hosted\pub.dev\pointycastle-3.9.1\lib\asn1.dart,C:\Users\itsam\AppData\Local\Pub\Cache\hosted\pub.dev\pointycastle-3.9.1\lib\ecc\ecc_fp.dart,C:\Users\itsam\AppData\Local\Pub\Cache\hosted\pub.dev\http-1.6.0\lib\src\client.dart,C:\Users\itsam\AppData\Local\Pub\Cache\hosted\pub.dev\http-1.6.0\lib\src\exception.dart,C:\Users\itsam\AppData\Local\Pub\Cache\hosted\pub.dev\http-1.6.0\lib\src\request.dart,C:\Users\itsam\AppData\Local\Pub\Cache\hosted\pub.dev\http-1.6.0\lib\src\response.dart,C:\Users\itsam\AppData\Local\Pub\Cache\hosted\pub.dev\http-1.6.0\lib\src\streamed_request.dart,C:\Users\itsam\AppData\Local\Pub\Cache\hosted\pub.dev\http_parser-4.1.2\lib\http_parser.dart,C:\Users\itsam\AppData\Local\Pub\Cache\hosted\pub.dev\http-1.6.0\lib\src\abortable.dart,C:\Users\itsam\AppData\Local\Pub\Cache\hosted\pub.dev\http-1.6.0\lib\src\base_client.dart,C:\Users\itsam\AppData\Local\Pub\Cache\hosted\pub.dev\http-1.6.0\lib\src\base_request.dart,C:\Users\itsam\AppData\Local\Pub\Cache\hosted\pub.dev\http-1.6.0\lib\src\base_response.dart,C:\Users\itsam\AppData\Local\Pub\Cache\hosted\pub.dev\http-1.6.0\lib\src\byte_stream.dart,C:\Users\itsam\AppData\Local\Pub\Cache\hosted\pub.dev\http-1.6.0\lib\src\multipart_file.dart,C:\Users\itsam\AppData\Local\Pub\Cache\hosted\pub.dev\http-1.6.0\lib\src\multipart_request.dart,C:\Users\itsam\AppData\Local\Pub\Cache\hosted\pub.dev\http-1.6.0\lib\src\streamed_response.dart,C:\Users\itsam\AppData\Local\Pub\Cache\hosted\pub.dev\cross_file-0.3.5+2\lib\src\types\base.dart,C:\Users\itsam\AppData\Local\Pub\Cache\hosted\pub.dev\dbus-0.7.12\lib\src\getsid_windows.dart,C:\Users\itsam\AppData\Local\Pub\Cache\hosted\pub.dev\dbus-0.7.12\lib\src\getuid_linux.dart,C:\Users\itsam\AppData\Local\Pub\Cache\hosted\pub.dev\dbus-0.7.12\lib\src\dbus_buffer.dart,C:\Users\itsam\AppData\Local\Pub\Cache\hosted\pub.dev\xml-6.6.1\lib\src\xml\builder.dart,C:\Users\itsam\AppData\Local\Pub\Cache\hosted\pub.dev\xml-6.6.1\lib\src\xml\entities\default_mapping.dart,C:\Users\itsam\AppData\Local\Pub\Cache\hosted\pub.dev\xml-6.6.1\lib\src\xml\entities\entity_mapping.dart,C:\Users\itsam\AppData\Local\Pub\Cache\hosted\pub.dev\xml-6.6.1\lib\src\xml\entities\null_mapping.dart,C:\Users\itsam\AppData\Local\Pub\Cache\hosted\pub.dev\xml-6.6.1\lib\src\xml\enums\attribute_type.dart,C:\Users\itsam\AppData\Local\Pub\Cache\hosted\pub.dev\xml-6.6.1\lib\src\xml\enums\node_type.dart,C:\Users\itsam\AppData\Local\Pub\Cache\hosted\pub.dev\xml-6.6.1\lib\src\xml\exceptions\exception.dart,C:\Users\itsam\AppData\Local\Pub\Cache\hosted\pub.dev\xml-6.6.1\lib\src\xml\exceptions\format_exception.dart,C:\Users\itsam\AppData\Local\Pub\Cache\hosted\pub.dev\xml-6.6.1\lib\src\xml\exceptions\parent_exception.dart,C:\Users\itsam\AppData\Local\Pub\Cache\hosted\pub.dev\xml-6.6.1\lib\src\xml\exceptions\parser_exception.dart,C:\Users\itsam\AppData\Local\Pub\Cache\hosted\pub.dev\xml-6.6.1\lib\src\xml\exceptions\tag_exception.dart,C:\Users\itsam\AppData\Local\Pub\Cache\hosted\pub.dev\xml-6.6.1\lib\src\xml\exceptions\type_exception.dart,C:\Users\itsam\AppData\Local\Pub\Cache\hosted\pub.dev\xml-6.6.1\lib\src\xml\extensions\ancestors.dart,C:\Users\itsam\AppData\Local\Pub\Cache\hosted\pub.dev\xml-6.6.1\lib\src\xml\extensions\comparison.dart,C:\Users\itsam\AppData\Local\Pub\Cache\hosted\pub.dev\xml-6.6.1\lib\src\xml\extensions\descendants.dart,C:\Users\itsam\AppData\Local\Pub\Cache\hosted\pub.dev\xml-6.6.1\lib\src\xml\extensions\find.dart,C:\Users\itsam\AppData\Local\Pub\Cache\hosted\pub.dev\xml-6.6.1\lib\src\xml\extensions\following.dart,C:\Users\itsam\AppData\Local\Pub\Cache\hosted\pub.dev\xml-6.6.1\lib\src\xml\extensions\mutator.dart,C:\Users\itsam\AppData\Local\Pub\Cache\hosted\pub.dev\xml-6.6.1\lib\src\xml\extensions\nodes.dart,C:\Users\itsam\AppData\Local\Pub\Cache\hosted\pub.dev\xml-6.6.1\lib\src\xml\extensions\parent.dart,C:\Users\itsam\AppData\Local\Pub\Cache\hosted\pub.dev\xml-6.6.1\lib\src\xml\extensions\preceding.dart,C:\Users\itsam\AppData\Local\Pub\Cache\hosted\pub.dev\xml-6.6.1\lib\src\xml\extensions\sibling.dart,C:\Users\itsam\AppData\Local\Pub\Cache\hosted\pub.dev\xml-6.6.1\lib\src\xml\extensions\string.dart,C:\Users\itsam\AppData\Local\Pub\Cache\hosted\pub.dev\xml-6.6.1\lib\src\xml\mixins\has_attributes.dart,C:\Users\itsam\AppData\Local\Pub\Cache\hosted\pub.dev\xml-6.6.1\lib\src\xml\mixins\has_children.dart,C:\Users\itsam\AppData\Local\Pub\Cache\hosted\pub.dev\xml-6.6.1\lib\src\xml\mixins\has_name.dart,C:\Users\itsam\AppData\Local\Pub\Cache\hosted\pub.dev\xml-6.6.1\lib\src\xml\mixins\has_parent.dart,C:\Users\itsam\AppData\Local\Pub\Cache\hosted\pub.dev\xml-6.6.1\lib\src\xml\mixins\has_visitor.dart,C:\Users\itsam\AppData\Local\Pub\Cache\hosted\pub.dev\xml-6.6.1\lib\src\xml\mixins\has_writer.dart,C:\Users\itsam\AppData\Local\Pub\Cache\hosted\pub.dev\xml-6.6.1\lib\src\xml\nodes\attribute.dart,C:\Users\itsam\AppData\Local\Pub\Cache\hosted\pub.dev\xml-6.6.1\lib\src\xml\nodes\cdata.dart,C:\Users\itsam\AppData\Local\Pub\Cache\hosted\pub.dev\xml-6.6.1\lib\src\xml\nodes\comment.dart,C:\Users\itsam\AppData\Local\Pub\Cache\hosted\pub.dev\xml-6.6.1\lib\src\xml\nodes\declaration.dart,C:\Users\itsam\AppData\Local\Pub\Cache\hosted\pub.dev\xml-6.6.1\lib\src\xml\nodes\doctype.dart,C:\Users\itsam\AppData\Local\Pub\Cache\hosted\pub.dev\xml-6.6.1\lib\src\xml\nodes\document.dart,C:\Users\itsam\AppData\Local\Pub\Cache\hosted\pub.dev\xml-6.6.1\lib\src\xml\nodes\document_fragment.dart,C:\Users\itsam\AppData\Local\Pub\Cache\hosted\pub.dev\xml-6.6.1\lib\src\xml\nodes\element.dart,C:\Users\itsam\AppData\Local\Pub\Cache\hosted\pub.dev\xml-6.6.1\lib\src\xml\nodes\node.dart,C:\Users\itsam\AppData\Local\Pub\Cache\hosted\pub.dev\xml-6.6.1\lib\src\xml\nodes\processing.dart,C:\Users\itsam\AppData\Local\Pub\Cache\hosted\pub.dev\xml-6.6.1\lib\src\xml\nodes\text.dart,C:\Users\itsam\AppData\Local\Pub\Cache\hosted\pub.dev\xml-6.6.1\lib\src\xml\utils\name.dart,C:\Users\itsam\AppData\Local\Pub\Cache\hosted\pub.dev\xml-6.6.1\lib\src\xml\utils\token.dart,C:\Users\itsam\AppData\Local\Pub\Cache\hosted\pub.dev\xml-6.6.1\lib\src\xml\visitors\normalizer.dart,C:\Users\itsam\AppData\Local\Pub\Cache\hosted\pub.dev\xml-6.6.1\lib\src\xml\visitors\pretty_writer.dart,C:\Users\itsam\AppData\Local\Pub\Cache\hosted\pub.dev\xml-6.6.1\lib\src\xml\visitors\visitor.dart,C:\Users\itsam\AppData\Local\Pub\Cache\hosted\pub.dev\xml-6.6.1\lib\src\xml\visitors\writer.dart,C:\Users\itsam\AppData\Local\Pub\Cache\hosted\pub.dev\pub_semver-2.2.0\lib\src\patterns.dart,C:\Users\itsam\AppData\Local\Pub\Cache\hosted\pub.dev\pub_semver-2.2.0\lib\src\utils.dart,C:\Users\itsam\AppData\Local\Pub\Cache\hosted\pub.dev\mime-2.0.0\lib\src\extension.dart,C:\Users\itsam\AppData\Local\Pub\Cache\hosted\pub.dev\mime-2.0.0\lib\src\mime_multipart_transformer.dart,C:\Users\itsam\AppData\Local\Pub\Cache\hosted\pub.dev\mime-2.0.0\lib\src\mime_shared.dart,C:\Users\itsam\AppData\Local\Pub\Cache\hosted\pub.dev\mime-2.0.0\lib\src\mime_type.dart,C:\Users\itsam\AppData\Local\Pub\Cache\hosted\pub.dev\json_annotation-4.10.0\lib\src\allowed_keys_helpers.dart,C:\Users\itsam\AppData\Local\Pub\Cache\hosted\pub.dev\json_annotation-4.10.0\lib\src\checked_helpers.dart,C:\Users\itsam\AppData\Local\Pub\Cache\hosted\pub.dev\json_annotation-4.10.0\lib\src\enum_helpers.dart,C:\Users\itsam\AppData\Local\Pub\Cache\hosted\pub.dev\json_annotation-4.10.0\lib\src\json_converter.dart,C:\Users\itsam\AppData\Local\Pub\Cache\hosted\pub.dev\json_annotation-4.10.0\lib\src\json_enum.dart,C:\Users\itsam\AppData\Local\Pub\Cache\hosted\pub.dev\json_annotation-4.10.0\lib\src\json_key.dart,C:\Users\itsam\AppData\Local\Pub\Cache\hosted\pub.dev\json_annotation-4.10.0\lib\src\json_literal.dart,C:\Users\itsam\AppData\Local\Pub\Cache\hosted\pub.dev\json_annotation-4.10.0\lib\src\json_serializable.dart,C:\Users\itsam\AppData\Local\Pub\Cache\hosted\pub.dev\json_annotation-4.10.0\lib\src\json_value.dart,C:\Users\itsam\AppData\Local\Pub\Cache\hosted\pub.dev\hive-2.2.3\lib\src\binary\binary_reader_impl.dart,C:\Users\itsam\AppData\Local\Pub\Cache\hosted\pub.dev\hive-2.2.3\lib\src\util\indexable_skip_list.dart,C:\Users\itsam\AppData\Local\Pub\Cache\hosted\pub.dev\hive-2.2.3\lib\src\backend\vm\storage_backend_vm.dart,C:\Users\itsam\AppData\Local\Pub\Cache\hosted\pub.dev\pointycastle-3.9.1\lib\key_derivators\concat_kdf.dart,C:\Users\itsam\AppData\Local\Pub\Cache\hosted\pub.dev\pointycastle-3.9.1\lib\key_derivators\ecdh_kdf.dart,C:\Users\itsam\AppData\Local\Pub\Cache\hosted\pub.dev\pointycastle-3.9.1\lib\asn1\asn1_encoding_rule.dart,C:\Users\itsam\AppData\Local\Pub\Cache\hosted\pub.dev\pointycastle-3.9.1\lib\asn1\asn1_object.dart,C:\Users\itsam\AppData\Local\Pub\Cache\hosted\pub.dev\pointycastle-3.9.1\lib\asn1\asn1_parser.dart,C:\Users\itsam\AppData\Local\Pub\Cache\hosted\pub.dev\pointycastle-3.9.1\lib\asn1\asn1_tags.dart,C:\Users\itsam\AppData\Local\Pub\Cache\hosted\pub.dev\pointycastle-3.9.1\lib\asn1\asn1_utils.dart,C:\Users\itsam\AppData\Local\Pub\Cache\hosted\pub.dev\pointycastle-3.9.1\lib\asn1\primitives\asn1_bit_string.dart,C:\Users\itsam\AppData\Local\Pub\Cache\hosted\pub.dev\pointycastle-3.9.1\lib\asn1\primitives\asn1_boolean.dart,C:\Users\itsam\AppData\Local\Pub\Cache\hosted\pub.dev\pointycastle-3.9.1\lib\asn1\primitives\asn1_enumerated.dart,C:\Users\itsam\AppData\Local\Pub\Cache\hosted\pub.dev\pointycastle-3.9.1\lib\asn1\primitives\asn1_generalized_time.dart,C:\Users\itsam\AppData\Local\Pub\Cache\hosted\pub.dev\pointycastle-3.9.1\lib\asn1\primitives\asn1_ia5_string.dart,C:\Users\itsam\AppData\Local\Pub\Cache\hosted\pub.dev\pointycastle-3.9.1\lib\asn1\primitives\asn1_integer.dart,C:\Users\itsam\AppData\Local\Pub\Cache\hosted\pub.dev\pointycastle-3.9.1\lib\asn1\primitives\asn1_null.dart,C:\Users\itsam\AppData\Local\Pub\Cache\hosted\pub.dev\pointycastle-3.9.1\lib\asn1\primitives\asn1_object_identifier.dart,C:\Users\itsam\AppData\Local\Pub\Cache\hosted\pub.dev\pointycastle-3.9.1\lib\asn1\primitives\asn1_octet_string.dart,C:\Users\itsam\AppData\Local\Pub\Cache\hosted\pub.dev\pointycastle-3.9.1\lib\asn1\primitives\asn1_printable_string.dart,C:\Users\itsam\AppData\Local\Pub\Cache\hosted\pub.dev\pointycastle-3.9.1\lib\asn1\primitives\asn1_sequence.dart,C:\Users\itsam\AppData\Local\Pub\Cache\hosted\pub.dev\pointycastle-3.9.1\lib\asn1\primitives\asn1_set.dart,C:\Users\itsam\AppData\Local\Pub\Cache\hosted\pub.dev\pointycastle-3.9.1\lib\asn1\primitives\asn1_teletext_string.dart,C:\Users\itsam\AppData\Local\Pub\Cache\hosted\pub.dev\pointycastle-3.9.1\lib\asn1\primitives\asn1_bmp_string.dart,C:\Users\itsam\AppData\Local\Pub\Cache\hosted\pub.dev\pointycastle-3.9.1\lib\asn1\primitives\asn1_utc_time.dart,C:\Users\itsam\AppData\Local\Pub\Cache\hosted\pub.dev\pointycastle-3.9.1\lib\asn1\primitives\asn1_utf8_string.dart,C:\Users\itsam\AppData\Local\Pub\Cache\hosted\pub.dev\pointycastle-3.9.1\lib\asn1\unsupported_asn1_encoding_rule_exception.dart,C:\Users\itsam\AppData\Local\Pub\Cache\hosted\pub.dev\pointycastle-3.9.1\lib\asn1\unsupported_asn1_tag_exception.dart,C:\Users\itsam\AppData\Local\Pub\Cache\hosted\pub.dev\pointycastle-3.9.1\lib\asn1\x501\asn1_attribute_type_and_value.dart,C:\Users\itsam\AppData\Local\Pub\Cache\hosted\pub.dev\pointycastle-3.9.1\lib\asn1\x501\asn1_name.dart,C:\Users\itsam\AppData\Local\Pub\Cache\hosted\pub.dev\pointycastle-3.9.1\lib\asn1\x501\asn1_rdn.dart,C:\Users\itsam\AppData\Local\Pub\Cache\hosted\pub.dev\pointycastle-3.9.1\lib\asn1\x509\asn1_algorithm_identifier.dart,C:\Users\itsam\AppData\Local\Pub\Cache\hosted\pub.dev\pointycastle-3.9.1\lib\asn1\pkcs\pkcs1\asn1_digest_info.dart,C:\Users\itsam\AppData\Local\Pub\Cache\hosted\pub.dev\pointycastle-3.9.1\lib\asn1\pkcs\pkcs7\asn1_content_info.dart,C:\Users\itsam\AppData\Local\Pub\Cache\hosted\pub.dev\pointycastle-3.9.1\lib\asn1\pkcs\pkcs7\asn1_encrypted_content_info.dart,C:\Users\itsam\AppData\Local\Pub\Cache\hosted\pub.dev\pointycastle-3.9.1\lib\asn1\pkcs\pkcs8\asn1_encrypted_data.dart,C:\Users\itsam\AppData\Local\Pub\Cache\hosted\pub.dev\pointycastle-3.9.1\lib\asn1\pkcs\pkcs8\asn1_encrypted_private_key_info.dart,C:\Users\itsam\AppData\Local\Pub\Cache\hosted\pub.dev\pointycastle-3.9.1\lib\asn1\pkcs\pkcs8\asn1_private_key_info.dart,C:\Users\itsam\AppData\Local\Pub\Cache\hosted\pub.dev\pointycastle-3.9.1\lib\asn1\pkcs\pkcs10\asn1_certification_request.dart,C:\Users\itsam\AppData\Local\Pub\Cache\hosted\pub.dev\pointycastle-3.9.1\lib\asn1\pkcs\pkcs10\asn1_subject_public_key_info.dart,C:\Users\itsam\AppData\Local\Pub\Cache\hosted\pub.dev\pointycastle-3.9.1\lib\asn1\pkcs\pkcs10\asn1_certification_request_info.dart,C:\Users\itsam\AppData\Local\Pub\Cache\hosted\pub.dev\pointycastle-3.9.1\lib\asn1\pkcs\pkcs12\asn1_authenticated_safe.dart,C:\Users\itsam\AppData\Local\Pub\Cache\hosted\pub.dev\pointycastle-3.9.1\lib\asn1\pkcs\pkcs12\asn1_cert_bag.dart,C:\Users\itsam\AppData\Local\Pub\Cache\hosted\pub.dev\pointycastle-3.9.1\lib\asn1\pkcs\pkcs12\asn1_key_bag.dart,C:\Users\itsam\AppData\Local\Pub\Cache\hosted\pub.dev\pointycastle-3.9.1\lib\asn1\pkcs\pkcs12\asn1_mac_data.dart,C:\Users\itsam\AppData\Local\Pub\Cache\hosted\pub.dev\pointycastle-3.9.1\lib\asn1\pkcs\pkcs12\asn1_pfx.dart,C:\Users\itsam\AppData\Local\Pub\Cache\hosted\pub.dev\pointycastle-3.9.1\lib\asn1\pkcs\pkcs12\asn1_pkcs12_attribute.dart,C:\Users\itsam\AppData\Local\Pub\Cache\hosted\pub.dev\pointycastle-3.9.1\lib\asn1\pkcs\pkcs12\asn1_safe_bag.dart,C:\Users\itsam\AppData\Local\Pub\Cache\hosted\pub.dev\pointycastle-3.9.1\lib\asn1\pkcs\pkcs12\asn1_safe_contents.dart,C:\Users\itsam\AppData\Local\Pub\Cache\hosted\pub.dev\http-1.6.0\lib\src\io_client.dart,C:\Users\itsam\AppData\Local\Pub\Cache\hosted\pub.dev\http-1.6.0\lib\src\utils.dart,C:\Users\itsam\AppData\Local\Pub\Cache\hosted\pub.dev\http_parser-4.1.2\lib\src\authentication_challenge.dart,C:\Users\itsam\AppData\Local\Pub\Cache\hosted\pub.dev\http_parser-4.1.2\lib\src\case_insensitive_map.dart,C:\Users\itsam\AppData\Local\Pub\Cache\hosted\pub.dev\http_parser-4.1.2\lib\src\chunked_coding.dart,C:\Users\itsam\AppData\Local\Pub\Cache\hosted\pub.dev\http_parser-4.1.2\lib\src\http_date.dart,C:\Users\itsam\AppData\Local\Pub\Cache\hosted\pub.dev\http_parser-4.1.2\lib\src\media_type.dart,C:\Users\itsam\AppData\Local\Pub\Cache\hosted\pub.dev\http-1.6.0\lib\src\multipart_file_io.dart,C:\Users\itsam\AppData\Local\Pub\Cache\hosted\pub.dev\http-1.6.0\lib\src\boundary_characters.dart,C:\Users\itsam\AppData\Local\Pub\Cache\hosted\pub.dev\xml-6.6.1\lib\src\xml\dtd\external_id.dart,C:\Users\itsam\AppData\Local\Pub\Cache\hosted\pub.dev\xml-6.6.1\lib\src\xml\nodes\data.dart,C:\Users\itsam\AppData\Local\Pub\Cache\hosted\pub.dev\xml-6.6.1\lib\src\xml\utils\namespace.dart,C:\Users\itsam\AppData\Local\Pub\Cache\hosted\pub.dev\xml-6.6.1\lib\src\xml\entities\named_entities.dart,C:\Users\itsam\AppData\Local\Pub\Cache\hosted\pub.dev\petitparser-7.0.1\lib\core.dart,C:\Users\itsam\AppData\Local\Pub\Cache\hosted\pub.dev\xml-6.6.1\lib\src\xml\utils\name_matcher.dart,C:\Users\itsam\AppData\Local\Pub\Cache\hosted\pub.dev\xml-6.6.1\lib\src\xml\utils\node_list.dart,C:\Users\itsam\AppData\Local\Pub\Cache\hosted\pub.dev\xml-6.6.1\lib\src\xml\utils\predicate.dart,C:\Users\itsam\AppData\Local\Pub\Cache\hosted\pub.dev\xml-6.6.1\lib\xml_events.dart,C:\Users\itsam\AppData\Local\Pub\Cache\hosted\pub.dev\xml-6.6.1\lib\src\xml\mixins\has_value.dart,C:\Users\itsam\AppData\Local\Pub\Cache\hosted\pub.dev\xml-6.6.1\lib\src\xml\utils\prefix_name.dart,C:\Users\itsam\AppData\Local\Pub\Cache\hosted\pub.dev\xml-6.6.1\lib\src\xml\utils\simple_name.dart,C:\Users\itsam\AppData\Local\Pub\Cache\hosted\pub.dev\mime-2.0.0\lib\src\default_extension_map.dart,C:\Users\itsam\AppData\Local\Pub\Cache\hosted\pub.dev\mime-2.0.0\lib\src\bound_multipart_stream.dart,C:\Users\itsam\AppData\Local\Pub\Cache\hosted\pub.dev\mime-2.0.0\lib\src\char_code.dart,C:\Users\itsam\AppData\Local\Pub\Cache\hosted\pub.dev\mime-2.0.0\lib\src\magic_number.dart,C:\Users\itsam\AppData\Local\Pub\Cache\hosted\pub.dev\json_annotation-4.10.0\lib\src\json_serializable.g.dart,C:\Users\itsam\AppData\Local\Pub\Cache\hosted\pub.dev\hive-2.2.3\lib\src\backend\vm\read_write_sync.dart,C:\Users\itsam\AppData\Local\Pub\Cache\hosted\pub.dev\hive-2.2.3\lib\src\binary\binary_writer_impl.dart,C:\Users\itsam\AppData\Local\Pub\Cache\hosted\pub.dev\hive-2.2.3\lib\src\io\buffered_file_reader.dart,C:\Users\itsam\AppData\Local\Pub\Cache\hosted\pub.dev\hive-2.2.3\lib\src\io\buffered_file_writer.dart,C:\Users\itsam\AppData\Local\Pub\Cache\hosted\pub.dev\hive-2.2.3\lib\src\io\frame_io_helper.dart,C:\Users\itsam\AppData\Local\Pub\Cache\hosted\pub.dev\pointycastle-3.9.1\lib\asn1\object_identifiers.dart,C:\Users\itsam\AppData\Local\Pub\Cache\hosted\pub.dev\pointycastle-3.9.1\lib\asn1\unsupported_object_identifier_exception.dart,C:\Users\itsam\AppData\Local\Pub\Cache\hosted\pub.dev\http-1.6.0\lib\src\io_streamed_response.dart,C:\Users\itsam\AppData\Local\Pub\Cache\hosted\pub.dev\string_scanner-1.4.1\lib\string_scanner.dart,C:\Users\itsam\AppData\Local\Pub\Cache\hosted\pub.dev\http_parser-4.1.2\lib\src\scan.dart,C:\Users\itsam\AppData\Local\Pub\Cache\hosted\pub.dev\http_parser-4.1.2\lib\src\utils.dart,C:\Users\itsam\AppData\Local\Pub\Cache\hosted\pub.dev\http_parser-4.1.2\lib\src\chunked_coding\decoder.dart,C:\Users\itsam\AppData\Local\Pub\Cache\hosted\pub.dev\http_parser-4.1.2\lib\src\chunked_coding\encoder.dart,C:\Users\itsam\AppData\Local\Pub\Cache\hosted\pub.dev\petitparser-7.0.1\lib\src\core\context.dart,C:\Users\itsam\AppData\Local\Pub\Cache\hosted\pub.dev\petitparser-7.0.1\lib\src\core\exception.dart,C:\Users\itsam\AppData\Local\Pub\Cache\hosted\pub.dev\petitparser-7.0.1\lib\src\core\parser.dart,C:\Users\itsam\AppData\Local\Pub\Cache\hosted\pub.dev\petitparser-7.0.1\lib\src\core\result.dart,C:\Users\itsam\AppData\Local\Pub\Cache\hosted\pub.dev\petitparser-7.0.1\lib\src\core\token.dart,C:\Users\itsam\AppData\Local\Pub\Cache\hosted\pub.dev\xml-6.6.1\lib\src\xml_events\event.dart,C:\Users\itsam\AppData\Local\Pub\Cache\hosted\pub.dev\xml-6.6.1\lib\src\xml_events\iterable.dart,C:\Users\itsam\AppData\Local\Pub\Cache\hosted\pub.dev\xml-6.6.1\lib\src\xml_events\codec\event_codec.dart,C:\Users\itsam\AppData\Local\Pub\Cache\hosted\pub.dev\xml-6.6.1\lib\src\xml_events\codec\node_codec.dart,C:\Users\itsam\AppData\Local\Pub\Cache\hosted\pub.dev\xml-6.6.1\lib\src\xml_events\converters\event_decoder.dart,C:\Users\itsam\AppData\Local\Pub\Cache\hosted\pub.dev\xml-6.6.1\lib\src\xml_events\converters\event_encoder.dart,C:\Users\itsam\AppData\Local\Pub\Cache\hosted\pub.dev\xml-6.6.1\lib\src\xml_events\converters\node_decoder.dart,C:\Users\itsam\AppData\Local\Pub\Cache\hosted\pub.dev\xml-6.6.1\lib\src\xml_events\converters\node_encoder.dart,C:\Users\itsam\AppData\Local\Pub\Cache\hosted\pub.dev\xml-6.6.1\lib\src\xml_events\events\cdata.dart,C:\Users\itsam\AppData\Local\Pub\Cache\hosted\pub.dev\xml-6.6.1\lib\src\xml_events\events\comment.dart,C:\Users\itsam\AppData\Local\Pub\Cache\hosted\pub.dev\xml-6.6.1\lib\src\xml_events\events\declaration.dart,C:\Users\itsam\AppData\Local\Pub\Cache\hosted\pub.dev\xml-6.6.1\lib\src\xml_events\events\doctype.dart,C:\Users\itsam\AppData\Local\Pub\Cache\hosted\pub.dev\xml-6.6.1\lib\src\xml_events\events\end_element.dart,C:\Users\itsam\AppData\Local\Pub\Cache\hosted\pub.dev\xml-6.6.1\lib\src\xml_events\events\processing.dart,C:\Users\itsam\AppData\Local\Pub\Cache\hosted\pub.dev\xml-6.6.1\lib\src\xml_events\events\start_element.dart,C:\Users\itsam\AppData\Local\Pub\Cache\hosted\pub.dev\xml-6.6.1\lib\src\xml_events\events\text.dart,C:\Users\itsam\AppData\Local\Pub\Cache\hosted\pub.dev\xml-6.6.1\lib\src\xml_events\streams\each_event.dart,C:\Users\itsam\AppData\Local\Pub\Cache\hosted\pub.dev\xml-6.6.1\lib\src\xml_events\streams\flatten.dart,C:\Users\itsam\AppData\Local\Pub\Cache\hosted\pub.dev\xml-6.6.1\lib\src\xml_events\streams\normalizer.dart,C:\Users\itsam\AppData\Local\Pub\Cache\hosted\pub.dev\xml-6.6.1\lib\src\xml_events\streams\subtree_selector.dart,C:\Users\itsam\AppData\Local\Pub\Cache\hosted\pub.dev\xml-6.6.1\lib\src\xml_events\streams\with_parent.dart,C:\Users\itsam\AppData\Local\Pub\Cache\hosted\pub.dev\xml-6.6.1\lib\src\xml_events\utils\event_attribute.dart,C:\Users\itsam\AppData\Local\Pub\Cache\hosted\pub.dev\xml-6.6.1\lib\src\xml_events\visitor.dart,C:\Users\itsam\AppData\Local\Pub\Cache\hosted\pub.dev\pointycastle-3.9.1\lib\asn1\object_identifiers_database.dart,C:\Users\itsam\AppData\Local\Pub\Cache\hosted\pub.dev\string_scanner-1.4.1\lib\src\exception.dart,C:\Users\itsam\AppData\Local\Pub\Cache\hosted\pub.dev\string_scanner-1.4.1\lib\src\line_scanner.dart,C:\Users\itsam\AppData\Local\Pub\Cache\hosted\pub.dev\string_scanner-1.4.1\lib\src\span_scanner.dart,C:\Users\itsam\AppData\Local\Pub\Cache\hosted\pub.dev\string_scanner-1.4.1\lib\src\string_scanner.dart,C:\Users\itsam\AppData\Local\Pub\Cache\hosted\pub.dev\source_span-1.10.2\lib\source_span.dart,C:\Users\itsam\AppData\Local\Pub\Cache\hosted\pub.dev\typed_data-1.4.0\lib\typed_data.dart,C:\Users\itsam\AppData\Local\Pub\Cache\hosted\pub.dev\http_parser-4.1.2\lib\src\chunked_coding\charcodes.dart,C:\Users\itsam\AppData\Local\Pub\Cache\hosted\pub.dev\petitparser-7.0.1\lib\src\shared\pragma.dart,C:\Users\itsam\AppData\Local\Pub\Cache\hosted\pub.dev\petitparser-7.0.1\lib\src\matcher\matches.dart,C:\Users\itsam\AppData\Local\Pub\Cache\hosted\pub.dev\petitparser-7.0.1\lib\src\parser\action\token.dart,C:\Users\itsam\AppData\Local\Pub\Cache\hosted\pub.dev\petitparser-7.0.1\lib\src\parser\misc\newline.dart,C:\Users\itsam\AppData\Local\Pub\Cache\hosted\pub.dev\xml-6.6.1\lib\src\xml_events\annotations\has_buffer.dart,C:\Users\itsam\AppData\Local\Pub\Cache\hosted\pub.dev\xml-6.6.1\lib\src\xml_events\annotations\has_location.dart,C:\Users\itsam\AppData\Local\Pub\Cache\hosted\pub.dev\xml-6.6.1\lib\src\xml_events\annotations\has_parent.dart,C:\Users\itsam\AppData\Local\Pub\Cache\hosted\pub.dev\xml-6.6.1\lib\src\xml_events\annotations\annotator.dart,C:\Users\itsam\AppData\Local\Pub\Cache\hosted\pub.dev\xml-6.6.1\lib\src\xml_events\iterator.dart,C:\Users\itsam\AppData\Local\Pub\Cache\hosted\pub.dev\petitparser-7.0.1\lib\petitparser.dart,C:\Users\itsam\AppData\Local\Pub\Cache\hosted\pub.dev\xml-6.6.1\lib\src\xml_events\parser.dart,C:\Users\itsam\AppData\Local\Pub\Cache\hosted\pub.dev\xml-6.6.1\lib\src\xml_events\utils\conversion_sink.dart,C:\Users\itsam\AppData\Local\Pub\Cache\hosted\pub.dev\xml-6.6.1\lib\src\xml_events\utils\list_converter.dart,C:\Users\itsam\AppData\Local\Pub\Cache\hosted\pub.dev\xml-6.6.1\lib\src\xml_events\utils\named.dart,C:\Users\itsam\AppData\Local\Pub\Cache\hosted\pub.dev\string_scanner-1.4.1\lib\src\charcode.dart,C:\Users\itsam\AppData\Local\Pub\Cache\hosted\pub.dev\string_scanner-1.4.1\lib\src\utils.dart,C:\Users\itsam\AppData\Local\Pub\Cache\hosted\pub.dev\string_scanner-1.4.1\lib\src\eager_span_scanner.dart,C:\Users\itsam\AppData\Local\Pub\Cache\hosted\pub.dev\string_scanner-1.4.1\lib\src\relative_span_scanner.dart,C:\Users\itsam\AppData\Local\Pub\Cache\hosted\pub.dev\source_span-1.10.2\lib\src\file.dart,C:\Users\itsam\AppData\Local\Pub\Cache\hosted\pub.dev\source_span-1.10.2\lib\src\location.dart,C:\Users\itsam\AppData\Local\Pub\Cache\hosted\pub.dev\source_span-1.10.2\lib\src\location_mixin.dart,C:\Users\itsam\AppData\Local\Pub\Cache\hosted\pub.dev\source_span-1.10.2\lib\src\span.dart,C:\Users\itsam\AppData\Local\Pub\Cache\hosted\pub.dev\source_span-1.10.2\lib\src\span_exception.dart,C:\Users\itsam\AppData\Local\Pub\Cache\hosted\pub.dev\source_span-1.10.2\lib\src\span_mixin.dart,C:\Users\itsam\AppData\Local\Pub\Cache\hosted\pub.dev\source_span-1.10.2\lib\src\span_with_context.dart,C:\Users\itsam\AppData\Local\Pub\Cache\hosted\pub.dev\typed_data-1.4.0\lib\src\typed_queue.dart,C:\Users\itsam\AppData\Local\Pub\Cache\hosted\pub.dev\typed_data-1.4.0\lib\typed_buffers.dart,C:\Users\itsam\AppData\Local\Pub\Cache\hosted\pub.dev\petitparser-7.0.1\lib\src\matcher\matches\matches_iterable.dart,C:\Users\itsam\AppData\Local\Pub\Cache\hosted\pub.dev\petitparser-7.0.1\lib\src\parser\combinator\delegate.dart,C:\Users\itsam\AppData\Local\Pub\Cache\hosted\pub.dev\petitparser-7.0.1\lib\definition.dart,C:\Users\itsam\AppData\Local\Pub\Cache\hosted\pub.dev\petitparser-7.0.1\lib\expression.dart,C:\Users\itsam\AppData\Local\Pub\Cache\hosted\pub.dev\petitparser-7.0.1\lib\matcher.dart,C:\Users\itsam\AppData\Local\Pub\Cache\hosted\pub.dev\petitparser-7.0.1\lib\parser.dart,C:\Users\itsam\AppData\Local\Pub\Cache\hosted\pub.dev\xml-6.6.1\lib\src\xml\utils\cache.dart,C:\Users\itsam\AppData\Local\Pub\Cache\hosted\pub.dev\xml-6.6.1\lib\src\xml\utils\character_data_parser.dart,C:\Users\itsam\AppData\Local\Pub\Cache\hosted\pub.dev\term_glyph-1.2.2\lib\term_glyph.dart,C:\Users\itsam\AppData\Local\Pub\Cache\hosted\pub.dev\source_span-1.10.2\lib\src\highlighter.dart,C:\Users\itsam\AppData\Local\Pub\Cache\hosted\pub.dev\source_span-1.10.2\lib\src\utils.dart,C:\Users\itsam\AppData\Local\Pub\Cache\hosted\pub.dev\typed_data-1.4.0\lib\src\typed_buffer.dart,C:\Users\itsam\AppData\Local\Pub\Cache\hosted\pub.dev\petitparser-7.0.1\lib\src\matcher\matches\matches_iterator.dart,C:\Users\itsam\AppData\Local\Pub\Cache\hosted\pub.dev\petitparser-7.0.1\lib\src\definition\grammar.dart,C:\Users\itsam\AppData\Local\Pub\Cache\hosted\pub.dev\petitparser-7.0.1\lib\src\definition\reference.dart,C:\Users\itsam\AppData\Local\Pub\Cache\hosted\pub.dev\petitparser-7.0.1\lib\src\definition\resolve.dart,C:\Users\itsam\AppData\Local\Pub\Cache\hosted\pub.dev\petitparser-7.0.1\lib\src\expression\builder.dart,C:\Users\itsam\AppData\Local\Pub\Cache\hosted\pub.dev\petitparser-7.0.1\lib\src\expression\group.dart,C:\Users\itsam\AppData\Local\Pub\Cache\hosted\pub.dev\petitparser-7.0.1\lib\src\matcher\accept.dart,C:\Users\itsam\AppData\Local\Pub\Cache\hosted\pub.dev\petitparser-7.0.1\lib\src\matcher\pattern.dart,C:\Users\itsam\AppData\Local\Pub\Cache\hosted\pub.dev\petitparser-7.0.1\lib\src\parser\action\cast.dart,C:\Users\itsam\AppData\Local\Pub\Cache\hosted\pub.dev\petitparser-7.0.1\lib\src\parser\action\cast_list.dart,C:\Users\itsam\AppData\Local\Pub\Cache\hosted\pub.dev\petitparser-7.0.1\lib\src\parser\action\continuation.dart,C:\Users\itsam\AppData\Local\Pub\Cache\hosted\pub.dev\petitparser-7.0.1\lib\src\parser\action\flatten.dart,C:\Users\itsam\AppData\Local\Pub\Cache\hosted\pub.dev\petitparser-7.0.1\lib\src\parser\action\map.dart,C:\Users\itsam\AppData\Local\Pub\Cache\hosted\pub.dev\petitparser-7.0.1\lib\src\parser\action\permute.dart,C:\Users\itsam\AppData\Local\Pub\Cache\hosted\pub.dev\petitparser-7.0.1\lib\src\parser\action\pick.dart,C:\Users\itsam\AppData\Local\Pub\Cache\hosted\pub.dev\petitparser-7.0.1\lib\src\parser\action\trim.dart,C:\Users\itsam\AppData\Local\Pub\Cache\hosted\pub.dev\petitparser-7.0.1\lib\src\parser\action\where.dart,C:\Users\itsam\AppData\Local\Pub\Cache\hosted\pub.dev\petitparser-7.0.1\lib\src\parser\character\any.dart,C:\Users\itsam\AppData\Local\Pub\Cache\hosted\pub.dev\petitparser-7.0.1\lib\src\parser\character\any_of.dart,C:\Users\itsam\AppData\Local\Pub\Cache\hosted\pub.dev\petitparser-7.0.1\lib\src\parser\character\char.dart,C:\Users\itsam\AppData\Local\Pub\Cache\hosted\pub.dev\petitparser-7.0.1\lib\src\parser\character\digit.dart,C:\Users\itsam\AppData\Local\Pub\Cache\hosted\pub.dev\petitparser-7.0.1\lib\src\parser\character\letter.dart,C:\Users\itsam\AppData\Local\Pub\Cache\hosted\pub.dev\petitparser-7.0.1\lib\src\parser\character\lowercase.dart,C:\Users\itsam\AppData\Local\Pub\Cache\hosted\pub.dev\petitparser-7.0.1\lib\src\parser\character\none_of.dart,C:\Users\itsam\AppData\Local\Pub\Cache\hosted\pub.dev\petitparser-7.0.1\lib\src\parser\character\pattern.dart,C:\Users\itsam\AppData\Local\Pub\Cache\hosted\pub.dev\petitparser-7.0.1\lib\src\parser\character\predicate.dart,C:\Users\itsam\AppData\Local\Pub\Cache\hosted\pub.dev\petitparser-7.0.1\lib\src\parser\character\range.dart,C:\Users\itsam\AppData\Local\Pub\Cache\hosted\pub.dev\petitparser-7.0.1\lib\src\parser\character\uppercase.dart,C:\Users\itsam\AppData\Local\Pub\Cache\hosted\pub.dev\petitparser-7.0.1\lib\src\parser\character\whitespace.dart,C:\Users\itsam\AppData\Local\Pub\Cache\hosted\pub.dev\petitparser-7.0.1\lib\src\parser\character\word.dart,C:\Users\itsam\AppData\Local\Pub\Cache\hosted\pub.dev\petitparser-7.0.1\lib\src\parser\combinator\and.dart,C:\Users\itsam\AppData\Local\Pub\Cache\hosted\pub.dev\petitparser-7.0.1\lib\src\parser\combinator\choice.dart,C:\Users\itsam\AppData\Local\Pub\Cache\hosted\pub.dev\petitparser-7.0.1\lib\src\parser\combinator\list.dart,C:\Users\itsam\AppData\Local\Pub\Cache\hosted\pub.dev\petitparser-7.0.1\lib\src\parser\combinator\not.dart,C:\Users\itsam\AppData\Local\Pub\Cache\hosted\pub.dev\petitparser-7.0.1\lib\src\parser\combinator\optional.dart,C:\Users\itsam\AppData\Local\Pub\Cache\hosted\pub.dev\petitparser-7.0.1\lib\src\parser\combinator\sequence.dart,C:\Users\itsam\AppData\Local\Pub\Cache\hosted\pub.dev\petitparser-7.0.1\lib\src\parser\combinator\settable.dart,C:\Users\itsam\AppData\Local\Pub\Cache\hosted\pub.dev\petitparser-7.0.1\lib\src\parser\combinator\skip.dart,C:\Users\itsam\AppData\Local\Pub\Cache\hosted\pub.dev\petitparser-7.0.1\lib\src\parser\misc\end.dart,C:\Users\itsam\AppData\Local\Pub\Cache\hosted\pub.dev\petitparser-7.0.1\lib\src\parser\misc\epsilon.dart,C:\Users\itsam\AppData\Local\Pub\Cache\hosted\pub.dev\petitparser-7.0.1\lib\src\parser\misc\failure.dart,C:\Users\itsam\AppData\Local\Pub\Cache\hosted\pub.dev\petitparser-7.0.1\lib\src\parser\misc\label.dart,C:\Users\itsam\AppData\Local\Pub\Cache\hosted\pub.dev\petitparser-7.0.1\lib\src\parser\misc\position.dart,C:\Users\itsam\AppData\Local\Pub\Cache\hosted\pub.dev\petitparser-7.0.1\lib\src\parser\predicate\character.dart,C:\Users\itsam\AppData\Local\Pub\Cache\hosted\pub.dev\petitparser-7.0.1\lib\src\parser\predicate\converter.dart,C:\Users\itsam\AppData\Local\Pub\Cache\hosted\pub.dev\petitparser-7.0.1\lib\src\parser\predicate\pattern.dart,C:\Users\itsam\AppData\Local\Pub\Cache\hosted\pub.dev\petitparser-7.0.1\lib\src\parser\predicate\predicate.dart,C:\Users\itsam\AppData\Local\Pub\Cache\hosted\pub.dev\petitparser-7.0.1\lib\src\parser\predicate\single_character.dart,C:\Users\itsam\AppData\Local\Pub\Cache\hosted\pub.dev\petitparser-7.0.1\lib\src\parser\predicate\string.dart,C:\Users\itsam\AppData\Local\Pub\Cache\hosted\pub.dev\petitparser-7.0.1\lib\src\parser\predicate\unicode_character.dart,C:\Users\itsam\AppData\Local\Pub\Cache\hosted\pub.dev\petitparser-7.0.1\lib\src\parser\repeater\character.dart,C:\Users\itsam\AppData\Local\Pub\Cache\hosted\pub.dev\petitparser-7.0.1\lib\src\parser\repeater\greedy.dart,C:\Users\itsam\AppData\Local\Pub\Cache\hosted\pub.dev\petitparser-7.0.1\lib\src\parser\repeater\lazy.dart,C:\Users\itsam\AppData\Local\Pub\Cache\hosted\pub.dev\petitparser-7.0.1\lib\src\parser\repeater\limited.dart,C:\Users\itsam\AppData\Local\Pub\Cache\hosted\pub.dev\petitparser-7.0.1\lib\src\parser\repeater\possessive.dart,C:\Users\itsam\AppData\Local\Pub\Cache\hosted\pub.dev\petitparser-7.0.1\lib\src\parser\repeater\repeating.dart,C:\Users\itsam\AppData\Local\Pub\Cache\hosted\pub.dev\petitparser-7.0.1\lib\src\parser\repeater\separated.dart,C:\Users\itsam\AppData\Local\Pub\Cache\hosted\pub.dev\petitparser-7.0.1\lib\src\parser\repeater\unbounded.dart,C:\Users\itsam\AppData\Local\Pub\Cache\hosted\pub.dev\petitparser-7.0.1\lib\src\parser\utils\failure_joiner.dart,C:\Users\itsam\AppData\Local\Pub\Cache\hosted\pub.dev\petitparser-7.0.1\lib\src\parser\utils\labeled.dart,C:\Users\itsam\AppData\Local\Pub\Cache\hosted\pub.dev\petitparser-7.0.1\lib\src\parser\utils\resolvable.dart,C:\Users\itsam\AppData\Local\Pub\Cache\hosted\pub.dev\petitparser-7.0.1\lib\src\parser\utils\separated_list.dart,C:\Users\itsam\AppData\Local\Pub\Cache\hosted\pub.dev\term_glyph-1.2.2\lib\src\generated\ascii_glyph_set.dart,C:\Users\itsam\AppData\Local\Pub\Cache\hosted\pub.dev\term_glyph-1.2.2\lib\src\generated\glyph_set.dart,C:\Users\itsam\AppData\Local\Pub\Cache\hosted\pub.dev\term_glyph-1.2.2\lib\src\generated\unicode_glyph_set.dart,C:\Users\itsam\AppData\Local\Pub\Cache\hosted\pub.dev\term_glyph-1.2.2\lib\src\generated\top_level.dart,C:\Users\itsam\AppData\Local\Pub\Cache\hosted\pub.dev\source_span-1.10.2\lib\src\charcode.dart,C:\Users\itsam\AppData\Local\Pub\Cache\hosted\pub.dev\source_span-1.10.2\lib\src\colors.dart,C:\Users\itsam\AppData\Local\Pub\Cache\hosted\pub.dev\petitparser-7.0.1\lib\src\definition\internal\reference.dart,C:\Users\itsam\AppData\Local\Pub\Cache\hosted\pub.dev\petitparser-7.0.1\lib\src\definition\internal\undefined.dart,C:\Users\itsam\AppData\Local\Pub\Cache\hosted\pub.dev\petitparser-7.0.1\lib\src\reflection\iterable.dart,C:\Users\itsam\AppData\Local\Pub\Cache\hosted\pub.dev\petitparser-7.0.1\lib\src\expression\utils.dart,C:\Users\itsam\AppData\Local\Pub\Cache\hosted\pub.dev\petitparser-7.0.1\lib\src\expression\result.dart,C:\Users\itsam\AppData\Local\Pub\Cache\hosted\pub.dev\petitparser-7.0.1\lib\src\matcher\pattern\parser_pattern.dart,C:\Users\itsam\AppData\Local\Pub\Cache\hosted\pub.dev\petitparser-7.0.1\lib\src\shared\types.dart,C:\Users\itsam\AppData\Local\Pub\Cache\hosted\pub.dev\petitparser-7.0.1\lib\src\parser\utils\sequential.dart,C:\Users\itsam\AppData\Local\Pub\Cache\hosted\pub.dev\petitparser-7.0.1\lib\src\parser\character\predicate\constant.dart,C:\Users\itsam\AppData\Local\Pub\Cache\hosted\pub.dev\petitparser-7.0.1\lib\src\parser\character\utils\code.dart,C:\Users\itsam\AppData\Local\Pub\Cache\hosted\pub.dev\petitparser-7.0.1\lib\src\parser\character\utils\optimize.dart,C:\Users\itsam\AppData\Local\Pub\Cache\hosted\pub.dev\petitparser-7.0.1\lib\src\parser\character\predicate\char.dart,C:\Users\itsam\AppData\Local\Pub\Cache\hosted\pub.dev\petitparser-7.0.1\lib\src\parser\character\predicate\digit.dart,C:\Users\itsam\AppData\Local\Pub\Cache\hosted\pub.dev\petitparser-7.0.1\lib\src\parser\character\predicate\letter.dart,C:\Users\itsam\AppData\Local\Pub\Cache\hosted\pub.dev\petitparser-7.0.1\lib\src\parser\character\predicate\lowercase.dart,C:\Users\itsam\AppData\Local\Pub\Cache\hosted\pub.dev\petitparser-7.0.1\lib\src\parser\character\predicate\not.dart,C:\Users\itsam\AppData\Local\Pub\Cache\hosted\pub.dev\petitparser-7.0.1\lib\src\parser\character\predicate\range.dart,C:\Users\itsam\AppData\Local\Pub\Cache\hosted\pub.dev\petitparser-7.0.1\lib\src\parser\character\predicate\uppercase.dart,C:\Users\itsam\AppData\Local\Pub\Cache\hosted\pub.dev\petitparser-7.0.1\lib\src\parser\character\predicate\whitespace.dart,C:\Users\itsam\AppData\Local\Pub\Cache\hosted\pub.dev\petitparser-7.0.1\lib\src\parser\character\predicate\word.dart,C:\Users\itsam\AppData\Local\Pub\Cache\hosted\pub.dev\petitparser-7.0.1\lib\src\parser\combinator\generated\sequence_2.dart,C:\Users\itsam\AppData\Local\Pub\Cache\hosted\pub.dev\petitparser-7.0.1\lib\src\parser\combinator\generated\sequence_3.dart,C:\Users\itsam\AppData\Local\Pub\Cache\hosted\pub.dev\petitparser-7.0.1\lib\src\parser\combinator\generated\sequence_4.dart,C:\Users\itsam\AppData\Local\Pub\Cache\hosted\pub.dev\petitparser-7.0.1\lib\src\parser\combinator\generated\sequence_5.dart,C:\Users\itsam\AppData\Local\Pub\Cache\hosted\pub.dev\petitparser-7.0.1\lib\src\parser\combinator\generated\sequence_6.dart,C:\Users\itsam\AppData\Local\Pub\Cache\hosted\pub.dev\petitparser-7.0.1\lib\src\parser\combinator\generated\sequence_7.dart,C:\Users\itsam\AppData\Local\Pub\Cache\hosted\pub.dev\petitparser-7.0.1\lib\src\parser\combinator\generated\sequence_8.dart,C:\Users\itsam\AppData\Local\Pub\Cache\hosted\pub.dev\petitparser-7.0.1\lib\src\parser\combinator\generated\sequence_9.dart,C:\Users\itsam\AppData\Local\Pub\Cache\hosted\pub.dev\petitparser-7.0.1\lib\src\matcher\pattern\parser_match.dart,C:\Users\itsam\AppData\Local\Pub\Cache\hosted\pub.dev\petitparser-7.0.1\lib\src\matcher\pattern\pattern_iterable.dart,C:\Users\itsam\AppData\Local\Pub\Cache\hosted\pub.dev\petitparser-7.0.1\lib\src\parser\character\predicate\lookup.dart,C:\Users\itsam\AppData\Local\Pub\Cache\hosted\pub.dev\petitparser-7.0.1\lib\src\matcher\pattern\pattern_iterator.dart}
[  +18 ms]   [  +45 ms] C:\DEV\flutter\bin\cache\dart-sdk\bin\dartaotruntime.exe C:\DEV\flutter\bin\cache\dart-sdk\bin\snapshots\frontend_server_aot.dart.snapshot --sdk-root C:\DEV\flutter\bin\cache\artifacts\engine\common\flutter_patched_sdk_product/ --target=flutter --no-print-incremental-dependencies -DFLUTTER_VERSION=3.38.7 -DFLUTTER_CHANNEL=stable -DFLUTTER_GIT_URL=https://github.com/flutter/flutter.git -DFLUTTER_FRAMEWORK_REVISION=3b62efc2a3 -DFLUTTER_ENGINE_REVISION=78fc3012e4 -DFLUTTER_DART_VERSION=3.10.7 -Ddart.vm.profile=false -Ddart.vm.product=true --delete-tostring-package-uri=dart:ui --delete-tostring-package-uri=package:flutter --aot --tfa --target-os windows --packages C:\Users\itsam\Documents\LCO\password-manager\.dart_tool\package_config.json --output-dill C:\Users\itsam\Documents\LCO\password-manager\.dart_tool\flutter_build\e6486376daa55a3750b866f1afce4d16\app.dill --depfile C:\Users\itsam\Documents\LCO\password-manager\.dart_tool\flutter_build\e6486376daa55a3750b866f1afce4d16\kernel_snapshot_program.d --source file:///C:/Users/itsam/Documents/LCO/password-manager/.dart_tool/flutter_build/dart_plugin_registrant.dart --source package:flutter/src/dart_plugin_registrant.dart -Dflutter.dart_plugin_registrant=file:///C:/Users/itsam/Documents/LCO/password-manager/.dart_tool/flutter_build/dart_plugin_registrant.dart --verbosity=error package:crypton/main.dart
[   +5 ms]   [   +2 ms]       extendBodyBehindAppBar: true,
[        ]   [        ]                               ^^^^
[        ]   [        ] Try inserting an identifier before ','.
[        ]   [        ]       extendBodyBehindAppBar: true,
[        ]   [        ]                                   ^
[        ]   [        ]       extendBodyBehindAppBar: true,
[        ]   [        ]                                   ^
[        ]   [        ]       backgroundColor: Colors.transparent,
[        ]   [        ]                               ^^^^^^^^^^^
[        ]   [        ] Try inserting an identifier before ','.
[        ]   [        ]       backgroundColor: Colors.transparent,
[        ]   [        ]                                          ^
[        ]   [        ]       backgroundColor: Colors.transparent,
[        ]   [        ]                                          ^
[        ]   [        ] ),
[        ]   [        ] ^
[        ]   [        ] Try inserting an identifier before ','.
[        ]   [        ] ),
[        ]   [        ]  ^
[        ]   [        ] ),
[        ]   [        ]  ^
[        ]   [        ] Try inserting an identifier before ')'.
[        ]   [        ] );
[        ]   [        ] ^
[        ]   [        ] ),
[        ]   [        ]  ^
[        ]   [        ] );
[        ]   [        ] ^
[        ]   [        ]  - 'Widget' is from 'package:flutter/src/widgets/framework.dart' ('/C:/DEV/flutter/packages/flutter/lib/src/widgets/framework.dart').
[        ]   [        ]   Widget build(BuildContext context) {
[        ]   [        ]          ^
[+14582 ms]   [+14594 ms] Persisting file store
[  +42 ms]   [  +42 ms] Done persisting file store
[  +10 ms]   [  +10 ms] Target kernel_snapshot_program failed: Exception
[        ]              #0      KernelSnapshot.build (package:flutter_tools/src/build_system/targets/common.dart:289:7)
[        ]              <asynchronous suspension>
[        ]              #1      _BuildInstance._invokeInternal (package:flutter_tools/src/build_system/build_system.dart:895:9)
[        ]              <asynchronous suspension>
[        ]              #2      Future.wait.<anonymous closure> (dart:async/future.dart:546:21)
[        ]              <asynchronous suspension>
[        ]              #3      _BuildInstance.invokeTarget (package:flutter_tools/src/build_system/build_system.dart:833:32)
[        ]              <asynchronous suspension>
[        ]              #4      Future.wait.<anonymous closure> (dart:async/future.dart:546:21)
[        ]              <asynchronous suspension>
[        ]              #5      _BuildInstance.invokeTarget (package:flutter_tools/src/build_system/build_system.dart:833:32)
[        ]              <asynchronous suspension>
[        ]              #6      Future.wait.<anonymous closure> (dart:async/future.dart:546:21)
[        ]              <asynchronous suspension>
[        ]              #7      _BuildInstance.invokeTarget (package:flutter_tools/src/build_system/build_system.dart:833:32)
[        ]              <asynchronous suspension>
[        ]              #8      FlutterBuildSystem.build (package:flutter_tools/src/build_system/build_system.dart:653:16)
[        ]              <asynchronous suspension>
[        ]              #9      AssembleCommand.runCommand (package:flutter_tools/src/commands/assemble.dart:361:32)
[        ]              <asynchronous suspension>
[        ]              #10     FlutterCommand.run.<anonymous closure> (package:flutter_tools/src/runner/flutter_command.dart:1559:27)
[        ]              <asynchronous suspension>
[        ]              #11     AppContext.run.<anonymous closure> (package:flutter_tools/src/base/context.dart:154:19)
[        ]              <asynchronous suspension>
[        ]              #12     CommandRunner.runCommand (package:args/command_runner.dart:212:13)
[        ]              <asynchronous suspension>
[        ]              #13     FlutterCommandRunner.runCommand.<anonymous closure> (package:flutter_tools/src/runner/flutter_command_runner.dart:487:9)
[        ]              <asynchronous suspension>
[        ]              #14     AppContext.run.<anonymous closure> (package:flutter_tools/src/base/context.dart:154:19)
[        ]              <asynchronous suspension>
[        ]              #15     FlutterCommandRunner.runCommand (package:flutter_tools/src/runner/flutter_command_runner.dart:422:5)
[        ]              <asynchronous suspension>
[        ]              #16     run.<anonymous closure>.<anonymous closure> (package:flutter_tools/runner.dart:104:11)
[        ]              <asynchronous suspension>
[        ]              #17     AppContext.run.<anonymous closure> (package:flutter_tools/src/base/context.dart:154:19)
[        ]              <asynchronous suspension>
[        ]              #18     main (package:flutter_tools/executable.dart:103:3)
[        ]              <asynchronous suspension>
[   +8 ms]   [  +18 ms] "flutter assemble" took 27,313ms.
[ +107 ms]   [ +106 ms] 
[        ]              #0      throwToolExit (package:flutter_tools/src/base/common.dart:34:3)
[        ]              #1      AssembleCommand.runCommand (package:flutter_tools/src/commands/assemble.dart:379:7)
[        ]              <asynchronous suspension>
[        ]              #2      FlutterCommand.run.<anonymous closure> (package:flutter_tools/src/runner/flutter_command.dart:1559:27)
[        ]              <asynchronous suspension>
[        ]              #3      AppContext.run.<anonymous closure> (package:flutter_tools/src/base/context.dart:154:19)
[        ]              <asynchronous suspension>
[        ]              #4      CommandRunner.runCommand (package:args/command_runner.dart:212:13)
[        ]              <asynchronous suspension>
[        ]              #5      FlutterCommandRunner.runCommand.<anonymous closure> (package:flutter_tools/src/runner/flutter_command_runner.dart:487:9)
[        ]              <asynchronous suspension>
[        ]              #6      AppContext.run.<anonymous closure> (package:flutter_tools/src/base/context.dart:154:19)
[        ]              <asynchronous suspension>
[        ]              #7      FlutterCommandRunner.runCommand (package:flutter_tools/src/runner/flutter_command_runner.dart:422:5)
[        ]              <asynchronous suspension>
[        ]              #8      run.<anonymous closure>.<anonymous closure> (package:flutter_tools/runner.dart:104:11)
[        ]              <asynchronous suspension>
[        ]              #9      AppContext.run.<anonymous closure> (package:flutter_tools/src/base/context.dart:154:19)
[        ]              <asynchronous suspension>
[        ]   [        ] Running 1 shutdown hook
[        ]              #10     main (package:flutter_tools/executable.dart:103:3)
[        ]              <asynchronous suspension>
[        ]   [   +2 ms] Shutdown hooks complete
[ +116 ms]   [ +119 ms] exiting with code 1
[   +8 ms] Done Building Project "C:\Users\itsam\Documents\LCO\password-manager\build\windows\x64\flutter\flutter_assemble.vcxproj" (default targets) -- FAILED.
[   +1 ms] Done Building Project "C:\Users\itsam\Documents\LCO\password-manager\build\windows\x64\runner\crypton.vcxproj" (default targets) -- FAILED.
[ +364 ms] Done Building Project "C:\Users\itsam\Documents\LCO\password-manager\build\windows\x64\ALL_BUILD.vcxproj" (default targets) -- FAILED.
[        ] Done Building Project "C:\Users\itsam\Documents\LCO\password-manager\build\windows\x64\INSTALL.vcxproj" (default targets) -- FAILED.
[   +2 ms] Build FAILED.
[        ] "C:\Users\itsam\Documents\LCO\password-manager\build\windows\x64\INSTALL.vcxproj" (default target) (1) ->
[        ] "C:\Users\itsam\Documents\LCO\password-manager\build\windows\x64\ALL_BUILD.vcxproj" (default target) (3) ->
[        ] "C:\Users\itsam\Documents\LCO\password-manager\build\windows\x64\runner\crypton.vcxproj" (default target) (4) ->
[        ] "C:\Users\itsam\Documents\LCO\password-manager\build\windows\x64\flutter\flutter_assemble.vcxproj" (default target) (5) ->
[        ] (CustomBuild target) -> 
[        ]     0 Warning(s)
[        ]     14 Error(s)
[        ] Time Elapsed 00:00:31.06
[  +48 ms] Building Windows application... (completed in 35.8s)
[   +1 ms] "flutter windows" took 38,382ms.
[   +1 ms] Running 1 shutdown hook
[   +2 ms] Shutdown hooks complete
[ +140 ms] exiting with code 1
